[26/Oct/2025:22:22:45 -0300] 0:0:0:0:0:0:0:1 "OPTIONS /api/auth/register HTTP/1.1" 200 - 118431
[26/Oct/2025:22:22:45 -0300] 0:0:0:0:0:0:0:1 "POST /api/auth/register HTTP/1.1" 400 31 191570
[26/Oct/2025:22:22:55 -0300] 0:0:0:0:0:0:0:1 "OPTIONS /api/auth/login HTTP/1.1" 200 - 6146
[26/Oct/2025:22:22:55 -0300] 0:0:0:0:0:0:0:1 "POST /api/auth/login HTTP/1.1" 401 - 200302
[26/Oct/2025:22:29:15 -0300] 0:0:0:0:0:0:0:1 "OPTIONS /api/auth/login HTTP/1.1" 200 - 77067
[26/Oct/2025:22:29:15 -0300] 0:0:0:0:0:0:0:1 "POST /api/auth/login HTTP/1.1" 401 - 472767
[26/Oct/2025:22:29:22 -0300] 0:0:0:0:0:0:0:1 "OPTIONS /api/auth/login HTTP/1.1" 200 - 2875
[26/Oct/2025:22:29:22 -0300] 0:0:0:0:0:0:0:1 "POST /api/auth/login HTTP/1.1" 401 - 178324
[26/Oct/2025:22:29:28 -0300] 0:0:0:0:0:0:0:1 "OPTIONS /api/auth/register HTTP/1.1" 200 - 2504
[26/Oct/2025:22:29:28 -0300] 0:0:0:0:0:0:0:1 "POST /api/auth/register HTTP/1.1" 400 43 90031
[26/Oct/2025:22:29:36 -0300] 0:0:0:0:0:0:0:1 "OPTIONS /api/auth/register HTTP/1.1" 200 - 3225
[26/Oct/2025:22:29:36 -0300] 0:0:0:0:0:0:0:1 "POST /api/auth/register HTTP/1.1" 400 31 10438
[26/Oct/2025:22:29:53 -0300] 0:0:0:0:0:0:0:1 "OPTIONS /api/auth/register HTTP/1.1" 200 - 3106
[26/Oct/2025:22:29:53 -0300] 0:0:0:0:0:0:0:1 "POST /api/auth/register HTTP/1.1" 201 266 245301
[26/Oct/2025:22:29:55 -0300] 0:0:0:0:0:0:0:1 "OPTIONS /api/auth/register HTTP/1.1" 200 - 3025
[26/Oct/2025:22:29:55 -0300] 0:0:0:0:0:0:0:1 "POST /api/auth/register HTTP/1.1" 400 43 14673
[26/Oct/2025:22:36:14 -0300] 0:0:0:0:0:0:0:1 "OPTIONS /api/auth/register HTTP/1.1" 200 - 38662
[26/Oct/2025:22:36:15 -0300] 0:0:0:0:0:0:0:1 "POST /api/auth/register HTTP/1.1" 201 273 201335
[26/Oct/2025:22:36:22 -0300] 0:0:0:0:0:0:0:1 "OPTIONS /api/productos HTTP/1.1" 200 - 3969
[26/Oct/2025:22:36:22 -0300] 0:0:0:0:0:0:0:1 "OPTIONS /api/productos HTTP/1.1" 200 - 5779
[26/Oct/2025:22:36:22 -0300] 0:0:0:0:0:0:0:1 "GET /api/productos HTTP/1.1" 401 - 35683
[26/Oct/2025:22:36:22 -0300] 0:0:0:0:0:0:0:1 "GET /api/productos HTTP/1.1" 401 - 8583
[26/Oct/2025:22:36:24 -0300] 0:0:0:0:0:0:0:1 "OPTIONS /api/payments/create HTTP/1.1" 200 - 2462
[26/Oct/2025:22:36:26 -0300] 0:0:0:0:0:0:0:1 "POST /api/payments/create HTTP/1.1" 200 135 1186425
[26/Oct/2025:22:37:44 -0300] 0:0:0:0:0:0:0:1 "OPTIONS /api/auth/login HTTP/1.1" 200 - 2564
[26/Oct/2025:22:37:44 -0300] 0:0:0:0:0:0:0:1 "POST /api/auth/login HTTP/1.1" 401 - 136852
[26/Oct/2025:22:37:55 -0300] 0:0:0:0:0:0:0:1 "OPTIONS /api/auth/login HTTP/1.1" 200 - 1618
[26/Oct/2025:22:37:55 -0300] 0:0:0:0:0:0:0:1 "POST /api/auth/login HTTP/1.1" 401 - 101713
[26/Oct/2025:22:37:59 -0300] 0:0:0:0:0:0:0:1 "POST /api/auth/login HTTP/1.1" 200 273 97178
[26/Oct/2025:22:38:16 -0300] 0:0:0:0:0:0:0:1 "GET /api/products/search?q=mouse HTTP/1.1" 200 411 19042
[26/Oct/2025:22:38:16 -0300] 0:0:0:0:0:0:0:1 "GET /api/products/search?q=mouse HTTP/1.1" 200 411 8480
[26/Oct/2025:22:38:46 -0300] 0:0:0:0:0:0:0:1 "OPTIONS /api/auth/login HTTP/1.1" 200 - 2145
[26/Oct/2025:22:38:47 -0300] 0:0:0:0:0:0:0:1 "POST /api/auth/login HTTP/1.1" 200 273 103773
