[30/Oct/2025:01:23:08 -0300] 0:0:0:0:0:0:0:1 "OPTIONS /api/auth/perfil HTTP/1.1" 200 - 87848
[30/Oct/2025:01:23:08 -0300] 0:0:0:0:0:0:0:1 "OPTIONS /api/auth/perfil HTTP/1.1" 200 - 87936
[30/Oct/2025:01:23:08 -0300] 0:0:0:0:0:0:0:1 "OPTIONS /api/addresses HTTP/1.1" 200 - 87934
[30/Oct/2025:01:23:08 -0300] 0:0:0:0:0:0:0:1 "OPTIONS /api/addresses HTTP/1.1" 200 - 87979
[30/Oct/2025:01:23:08 -0300] 0:0:0:0:0:0:0:1 "GET /api/addresses HTTP/1.1" 200 107 264469
[30/Oct/2025:01:23:08 -0300] 0:0:0:0:0:0:0:1 "GET /api/auth/perfil HTTP/1.1" 200 347 268589
[30/Oct/2025:01:23:08 -0300] 0:0:0:0:0:0:0:1 "GET /api/addresses HTTP/1.1" 200 107 28725
[30/Oct/2025:01:23:08 -0300] 0:0:0:0:0:0:0:1 "GET /api/auth/perfil HTTP/1.1" 200 347 27357
[30/Oct/2025:01:23:12 -0300] 0:0:0:0:0:0:0:1 "OPTIONS /api/products/search?categoria=Audio HTTP/1.1" 200 - 1661
[30/Oct/2025:01:23:12 -0300] 0:0:0:0:0:0:0:1 "OPTIONS /api/products/search?categoria=Audio HTTP/1.1" 200 - 1472
[30/Oct/2025:01:23:12 -0300] 0:0:0:0:0:0:0:1 "GET /api/products/search?categoria=Audio HTTP/1.1" 200 632 58345
[30/Oct/2025:01:23:12 -0300] 0:0:0:0:0:0:0:1 "GET /api/products/search?categoria=Audio HTTP/1.1" 200 632 15189
[30/Oct/2025:01:23:15 -0300] 0:0:0:0:0:0:0:1 "OPTIONS /api/products/search?q=mouse HTTP/1.1" 200 - 1317
[30/Oct/2025:01:23:15 -0300] 0:0:0:0:0:0:0:1 "OPTIONS /api/products/search?q=mouse HTTP/1.1" 200 - 1137
[30/Oct/2025:01:23:15 -0300] 0:0:0:0:0:0:0:1 "GET /api/products/search?q=mouse HTTP/1.1" 200 299 16021
[30/Oct/2025:01:23:15 -0300] 0:0:0:0:0:0:0:1 "GET /api/products/search?q=mouse HTTP/1.1" 200 299 14421
[30/Oct/2025:01:23:23 -0300] 0:0:0:0:0:0:0:1 "OPTIONS /api/auth/login HTTP/1.1" 200 - 1526
[30/Oct/2025:01:23:23 -0300] 0:0:0:0:0:0:0:1 "POST /api/auth/login HTTP/1.1" 200 290 209287
[30/Oct/2025:01:23:25 -0300] 0:0:0:0:0:0:0:1 "OPTIONS /api/products/4 HTTP/1.1" 200 - 1589
[30/Oct/2025:01:23:25 -0300] 0:0:0:0:0:0:0:1 "OPTIONS /api/products/4 HTTP/1.1" 200 - 1956
[30/Oct/2025:01:23:25 -0300] 0:0:0:0:0:0:0:1 "GET /api/products/4 HTTP/1.1" 200 257 18710
[30/Oct/2025:01:23:25 -0300] 0:0:0:0:0:0:0:1 "GET /api/products/4 HTTP/1.1" 200 257 11838
[30/Oct/2025:01:23:47 -0300] 0:0:0:0:0:0:0:1 "OPTIONS /api/auth/login HTTP/1.1" 200 - 1587
[30/Oct/2025:01:23:48 -0300] 0:0:0:0:0:0:0:1 "POST /api/auth/login HTTP/1.1" 401 34 93753
[30/Oct/2025:01:23:52 -0300] 0:0:0:0:0:0:0:1 "POST /api/auth/login HTTP/1.1" 401 34 73791
[30/Oct/2025:01:23:58 -0300] 0:0:0:0:0:0:0:1 "OPTIONS /api/auth/login HTTP/1.1" 200 - 1349
[30/Oct/2025:01:23:58 -0300] 0:0:0:0:0:0:0:1 "POST /api/auth/login HTTP/1.1" 200 302 107154
[30/Oct/2025:01:24:00 -0300] 0:0:0:0:0:0:0:1 "GET /api/categories HTTP/1.1" 200 181 10259
[30/Oct/2025:01:24:00 -0300] 0:0:0:0:0:0:0:1 "GET /api/categories HTTP/1.1" 200 181 8413
[30/Oct/2025:01:24:00 -0300] 0:0:0:0:0:0:0:1 "GET /api/products HTTP/1.1" 200 5294 22976
[30/Oct/2025:01:24:00 -0300] 0:0:0:0:0:0:0:1 "GET /api/products HTTP/1.1" 200 5294 17356
[30/Oct/2025:01:27:40 -0300] 0:0:0:0:0:0:0:1 "GET /api/categories HTTP/1.1" 200 181 149812
[30/Oct/2025:01:27:40 -0300] 0:0:0:0:0:0:0:1 "GET /api/products HTTP/1.1" 200 5294 149631
[30/Oct/2025:01:27:40 -0300] 0:0:0:0:0:0:0:1 "GET /api/categories HTTP/1.1" 200 181 8148
[30/Oct/2025:01:27:40 -0300] 0:0:0:0:0:0:0:1 "GET /api/products HTTP/1.1" 200 5294 21432
[30/Oct/2025:01:27:59 -0300] 0:0:0:0:0:0:0:1 "OPTIONS /api/products HTTP/1.1" 200 - 2945
[30/Oct/2025:01:27:59 -0300] 0:0:0:0:0:0:0:1 "POST /api/products HTTP/1.1" 201 217 195311
[30/Oct/2025:01:31:19 -0300] 0:0:0:0:0:0:0:1 "GET /api/products HTTP/1.1" 200 5510 156561
[30/Oct/2025:01:31:19 -0300] 0:0:0:0:0:0:0:1 "GET /api/categories HTTP/1.1" 200 181 156623
[30/Oct/2025:01:31:19 -0300] 0:0:0:0:0:0:0:1 "GET /api/categories HTTP/1.1" 200 181 6933
[30/Oct/2025:01:31:19 -0300] 0:0:0:0:0:0:0:1 "GET /api/products HTTP/1.1" 200 5510 19417
[30/Oct/2025:01:31:46 -0300] 0:0:0:0:0:0:0:1 "OPTIONS /api/products HTTP/1.1" 200 - 1903
[30/Oct/2025:01:31:46 -0300] 0:0:0:0:0:0:0:1 "POST /api/products HTTP/1.1" 201 1198 141143
[30/Oct/2025:01:31:55 -0300] 0:0:0:0:0:0:0:1 "OPTIONS /api/products/20 HTTP/1.1" 200 - 2601
[30/Oct/2025:01:31:55 -0300] 0:0:0:0:0:0:0:1 "PUT /api/products/20 HTTP/1.1" 200 1198 33080
[30/Oct/2025:01:32:15 -0300] 0:0:0:0:0:0:0:1 "OPTIONS /api/products/20 HTTP/1.1" 200 - 1931
[30/Oct/2025:01:32:15 -0300] 0:0:0:0:0:0:0:1 "PUT /api/products/20 HTTP/1.1" 200 1197 36745
[30/Oct/2025:01:32:33 -0300] 0:0:0:0:0:0:0:1 "OPTIONS /api/products/20 HTTP/1.1" 200 - 1355
[30/Oct/2025:01:32:33 -0300] 0:0:0:0:0:0:0:1 "DELETE /api/products/20 HTTP/1.1" 204 - 35699
[30/Oct/2025:01:34:58 -0300] 0:0:0:0:0:0:0:1 "GET /api/categories HTTP/1.1" 200 181 12313
[30/Oct/2025:01:34:58 -0300] 0:0:0:0:0:0:0:1 "GET /api/categories HTTP/1.1" 200 181 10962
[30/Oct/2025:01:34:58 -0300] 0:0:0:0:0:0:0:1 "GET /api/products HTTP/1.1" 200 5510 27186
[30/Oct/2025:01:34:58 -0300] 0:0:0:0:0:0:0:1 "GET /api/products HTTP/1.1" 200 5510 25800
[30/Oct/2025:13:08:25 -0300] 0:0:0:0:0:0:0:1 "OPTIONS /api/addresses HTTP/1.1" 200 - 91127
[30/Oct/2025:13:08:25 -0300] 0:0:0:0:0:0:0:1 "OPTIONS /api/addresses HTTP/1.1" 200 - 91556
[30/Oct/2025:13:08:25 -0300] 0:0:0:0:0:0:0:1 "OPTIONS /api/auth/perfil HTTP/1.1" 200 - 91699
[30/Oct/2025:13:08:25 -0300] 0:0:0:0:0:0:0:1 "OPTIONS /api/auth/perfil HTTP/1.1" 200 - 91783
[30/Oct/2025:13:08:25 -0300] 0:0:0:0:0:0:0:1 "GET /api/auth/perfil HTTP/1.1" 200 347 237980
[30/Oct/2025:13:08:25 -0300] 0:0:0:0:0:0:0:1 "GET /api/addresses HTTP/1.1" 200 107 238268
[30/Oct/2025:13:08:25 -0300] 0:0:0:0:0:0:0:1 "GET /api/auth/perfil HTTP/1.1" 200 347 27235
[30/Oct/2025:13:08:25 -0300] 0:0:0:0:0:0:0:1 "GET /api/addresses HTTP/1.1" 200 107 27508
[30/Oct/2025:13:08:42 -0300] 0:0:0:0:0:0:0:1 "OPTIONS /api/auth/login HTTP/1.1" 200 - 3850
[30/Oct/2025:13:08:42 -0300] 0:0:0:0:0:0:0:1 "POST /api/auth/login HTTP/1.1" 200 283 543194
[30/Oct/2025:13:08:45 -0300] 0:0:0:0:0:0:0:1 "OPTIONS /api/auth/perfil HTTP/1.1" 200 - 2599
[30/Oct/2025:13:08:45 -0300] 0:0:0:0:0:0:0:1 "OPTIONS /api/auth/perfil HTTP/1.1" 200 - 1689
[30/Oct/2025:13:08:45 -0300] 0:0:0:0:0:0:0:1 "OPTIONS /api/addresses HTTP/1.1" 200 - 2016
[30/Oct/2025:13:08:45 -0300] 0:0:0:0:0:0:0:1 "OPTIONS /api/addresses HTTP/1.1" 200 - 1775
[30/Oct/2025:13:08:45 -0300] 0:0:0:0:0:0:0:1 "GET /api/addresses HTTP/1.1" 200 12 42450
[30/Oct/2025:13:08:45 -0300] 0:0:0:0:0:0:0:1 "GET /api/auth/perfil HTTP/1.1" 200 247 42530
[30/Oct/2025:13:08:45 -0300] 0:0:0:0:0:0:0:1 "GET /api/auth/perfil HTTP/1.1" 200 247 38768
[30/Oct/2025:13:08:45 -0300] 0:0:0:0:0:0:0:1 "GET /api/addresses HTTP/1.1" 200 12 39000
[30/Oct/2025:13:08:52 -0300] 0:0:0:0:0:0:0:1 "OPTIONS /api/products/search?q=mouse HTTP/1.1" 200 - 2868
[30/Oct/2025:13:08:52 -0300] 0:0:0:0:0:0:0:1 "OPTIONS /api/products/search?q=mouse HTTP/1.1" 200 - 1718
[30/Oct/2025:13:08:52 -0300] 0:0:0:0:0:0:0:1 "GET /api/products/search?q=mouse HTTP/1.1" 200 299 93294
[30/Oct/2025:13:08:52 -0300] 0:0:0:0:0:0:0:1 "GET /api/products/search?q=mouse HTTP/1.1" 200 299 40304
[30/Oct/2025:13:08:57 -0300] 0:0:0:0:0:0:0:1 "OPTIONS /api/products/search?categoria=Audio HTTP/1.1" 200 - 2472
[30/Oct/2025:13:08:57 -0300] 0:0:0:0:0:0:0:1 "OPTIONS /api/products/search?categoria=Audio HTTP/1.1" 200 - 2488
[30/Oct/2025:13:08:57 -0300] 0:0:0:0:0:0:0:1 "GET /api/products/search?categoria=Audio HTTP/1.1" 200 632 38922
[30/Oct/2025:13:08:57 -0300] 0:0:0:0:0:0:0:1 "GET /api/products/search?categoria=Audio HTTP/1.1" 200 632 38704
[30/Oct/2025:13:08:58 -0300] 0:0:0:0:0:0:0:1 "OPTIONS /api/products/search?categoria=Componentes HTTP/1.1" 200 - 2839
[30/Oct/2025:13:08:59 -0300] 0:0:0:0:0:0:0:1 "GET /api/products/search?categoria=Componentes HTTP/1.1" 200 526 37395
[30/Oct/2025:13:09:00 -0300] 0:0:0:0:0:0:0:1 "OPTIONS /api/products/search?categoria=Accesorios HTTP/1.1" 200 - 2789
[30/Oct/2025:13:09:00 -0300] 0:0:0:0:0:0:0:1 "GET /api/products/search?categoria=Accesorios HTTP/1.1" 200 12 41824
[30/Oct/2025:13:09:01 -0300] 0:0:0:0:0:0:0:1 "OPTIONS /api/products/search?categoria=Perif%C3%A9ricos HTTP/1.1" 200 - 2634
[30/Oct/2025:13:09:02 -0300] 0:0:0:0:0:0:0:1 "GET /api/products/search?categoria=Perif%C3%A9ricos HTTP/1.1" 200 672 41794
[30/Oct/2025:13:09:03 -0300] 0:0:0:0:0:0:0:1 "OPTIONS /api/products/search?categoria=Sillas HTTP/1.1" 200 - 2933
[30/Oct/2025:13:09:03 -0300] 0:0:0:0:0:0:0:1 "GET /api/products/search?categoria=Sillas HTTP/1.1" 200 334 35315
[30/Oct/2025:13:09:27 -0300] 0:0:0:0:0:0:0:1 "OPTIONS /api/auth/login HTTP/1.1" 200 - 3734
[30/Oct/2025:13:09:27 -0300] 0:0:0:0:0:0:0:1 "POST /api/auth/login HTTP/1.1" 200 302 263424
[30/Oct/2025:13:10:13 -0300] 0:0:0:0:0:0:0:1 "OPTIONS /api/auth/login HTTP/1.1" 200 - 3731
[30/Oct/2025:13:10:13 -0300] 0:0:0:0:0:0:0:1 "POST /api/auth/login HTTP/1.1" 200 283 234647
