[22/Oct/2025:16:37:38 -0300] 0:0:0:0:0:0:0:1 "OPTIONS /api/auth/me HTTP/1.1" 200 - 42854
[22/Oct/2025:16:37:38 -0300] 0:0:0:0:0:0:0:1 "GET /api/auth/me HTTP/1.1" 401 - 145891
[22/Oct/2025:16:37:46 -0300] 0:0:0:0:0:0:0:1 "OPTIONS /api/auth/login HTTP/1.1" 200 - 1773
[22/Oct/2025:16:37:46 -0300] 0:0:0:0:0:0:0:1 "POST /api/auth/login HTTP/1.1" 401 - 228841
[22/Oct/2025:16:50:47 -0300] 0:0:0:0:0:0:0:1 "POST /api/auth/google HTTP/1.1" 401 - 264790
[22/Oct/2025:16:58:58 -0300] 0:0:0:0:0:0:0:1 "POST /api/auth/google HTTP/1.1" 401 - 289975
[22/Oct/2025:17:16:54 -0300] 0:0:0:0:0:0:0:1 "POST /api/auth/google HTTP/1.1" 401 - 289968
[22/Oct/2025:17:17:26 -0300] 0:0:0:0:0:0:0:1 "OPTIONS /api/auth/google HTTP/1.1" 200 - 17897
[22/Oct/2025:17:17:26 -0300] 0:0:0:0:0:0:0:1 "POST /api/auth/google HTTP/1.1" 401 - 97341
[22/Oct/2025:17:18:52 -0300] 0:0:0:0:0:0:0:1 "POST /api/auth/register HTTP/1.1" 401 - 53177
[22/Oct/2025:17:23:03 -0300] 0:0:0:0:0:0:0:1 "POST /api/auth/login HTTP/1.1" 200 260 237147
[22/Oct/2025:17:26:01 -0300] 0:0:0:0:0:0:0:1 "POST /api/auth/register HTTP/1.1" 401 - 6408
[22/Oct/2025:17:30:15 -0300] 0:0:0:0:0:0:0:1 "POST /api/auth/register HTTP/1.1" 401 - 7139
[22/Oct/2025:17:37:19 -0300] 0:0:0:0:0:0:0:1 "POST /api/auth/register HTTP/1.1" 401 - 153561
[22/Oct/2025:17:52:31 -0300] 0:0:0:0:0:0:0:1 "POST /api/auth/register HTTP/1.1" 201 41 343178
[22/Oct/2025:17:54:08 -0300] 0:0:0:0:0:0:0:1 "OPTIONS /api/auth/login HTTP/1.1" 200 - 9140
[22/Oct/2025:17:54:09 -0300] 0:0:0:0:0:0:0:1 "POST /api/auth/login HTTP/1.1" 200 274 215541
[22/Oct/2025:17:54:58 -0300] 0:0:0:0:0:0:0:1 "OPTIONS /api/auth/me HTTP/1.1" 200 - 7681
[22/Oct/2025:17:54:58 -0300] 0:0:0:0:0:0:0:1 "GET /api/auth/me HTTP/1.1" 401 - 17396
[22/Oct/2025:17:55:01 -0300] 0:0:0:0:0:0:0:1 "OPTIONS /api/auth/login HTTP/1.1" 200 - 1676
[22/Oct/2025:17:55:02 -0300] 0:0:0:0:0:0:0:1 "POST /api/auth/login HTTP/1.1" 200 274 83528
[22/Oct/2025:17:55:06 -0300] 0:0:0:0:0:0:0:1 "OPTIONS /api/auth/login HTTP/1.1" 200 - 1422
[22/Oct/2025:17:55:06 -0300] 0:0:0:0:0:0:0:1 "POST /api/auth/login HTTP/1.1" 200 274 85254
[22/Oct/2025:17:55:08 -0300] 0:0:0:0:0:0:0:1 "POST /api/auth/login HTTP/1.1" 200 274 83988
[22/Oct/2025:17:55:24 -0300] 0:0:0:0:0:0:0:1 "OPTIONS /api/auth/me HTTP/1.1" 200 - 2770
[22/Oct/2025:17:55:24 -0300] 0:0:0:0:0:0:0:1 "GET /api/auth/me HTTP/1.1" 401 - 10644
[22/Oct/2025:17:55:52 -0300] 0:0:0:0:0:0:0:1 "OPTIONS /api/auth/register HTTP/1.1" 200 - 1332
[22/Oct/2025:17:55:52 -0300] 0:0:0:0:0:0:0:1 "POST /api/auth/register HTTP/1.1" 400 257 105749
[22/Oct/2025:17:55:53 -0300] 0:0:0:0:0:0:0:1 "POST /api/auth/register HTTP/1.1" 400 257 85594
[22/Oct/2025:17:56:20 -0300] 0:0:0:0:0:0:0:1 "OPTIONS /api/auth/google HTTP/1.1" 200 - 2260
[22/Oct/2025:17:56:20 -0300] 0:0:0:0:0:0:0:1 "POST /api/auth/google HTTP/1.1" 401 - 115915
[22/Oct/2025:17:56:49 -0300] 0:0:0:0:0:0:0:1 "POST /api/auth/google HTTP/1.1" 401 - 90924
[22/Oct/2025:17:58:13 -0300] 0:0:0:0:0:0:0:1 "OPTIONS /api/auth/login HTTP/1.1" 200 - 1788
[22/Oct/2025:17:58:13 -0300] 0:0:0:0:0:0:0:1 "POST /api/auth/login HTTP/1.1" 401 - 84001
[22/Oct/2025:17:58:20 -0300] 0:0:0:0:0:0:0:1 "OPTIONS /api/auth/login HTTP/1.1" 200 - 1441
[22/Oct/2025:17:58:20 -0300] 0:0:0:0:0:0:0:1 "POST /api/auth/login HTTP/1.1" 200 274 83880
[22/Oct/2025:18:00:38 -0300] 0:0:0:0:0:0:0:1 "OPTIONS /api/auth/me HTTP/1.1" 200 - 1421
[22/Oct/2025:18:00:38 -0300] 0:0:0:0:0:0:0:1 "GET /api/auth/me HTTP/1.1" 401 - 5719
