[28/Oct/2025:17:33:01 -0300] 0:0:0:0:0:0:0:1 "OPTIONS /api/auth/login HTTP/1.1" 200 - 43844
[28/Oct/2025:17:33:01 -0300] 0:0:0:0:0:0:0:1 "POST /api/auth/login HTTP/1.1" 200 299 242934
[28/Oct/2025:17:33:31 -0300] 0:0:0:0:0:0:0:1 "OPTIONS /api/auth/register HTTP/1.1" 200 - 4302
[28/Oct/2025:17:33:31 -0300] 0:0:0:0:0:0:0:1 "POST /api/auth/register HTTP/1.1" 200 34 122696
[28/Oct/2025:17:33:31 -0300] 0:0:0:0:0:0:0:1 "OPTIONS /api/auth/login HTTP/1.1" 200 - 1064
[28/Oct/2025:17:33:31 -0300] 0:0:0:0:0:0:0:1 "POST /api/auth/login HTTP/1.1" 200 306 66143
[28/Oct/2025:17:33:45 -0300] 0:0:0:0:0:0:0:1 "OPTIONS /api/auth/login HTTP/1.1" 200 - 1222
[28/Oct/2025:17:33:45 -0300] 0:0:0:0:0:0:0:1 "POST /api/auth/login HTTP/1.1" 200 283 72258
[28/Oct/2025:17:34:09 -0300] 0:0:0:0:0:0:0:1 "OPTIONS /api/auth/login HTTP/1.1" 200 - 2719
[28/Oct/2025:17:34:09 -0300] 0:0:0:0:0:0:0:1 "POST /api/auth/login HTTP/1.1" 200 306 83788
[28/Oct/2025:17:34:16 -0300] 0:0:0:0:0:0:0:1 "OPTIONS /api/productos HTTP/1.1" 200 - 3384
[28/Oct/2025:17:34:16 -0300] 0:0:0:0:0:0:0:1 "OPTIONS /api/productos HTTP/1.1" 200 - 2547
[28/Oct/2025:17:34:16 -0300] 0:0:0:0:0:0:0:1 "GET /api/productos HTTP/1.1" 401 - 31713
[28/Oct/2025:17:34:16 -0300] 0:0:0:0:0:0:0:1 "GET /api/productos HTTP/1.1" 401 - 10770
[28/Oct/2025:17:34:25 -0300] 0:0:0:0:0:0:0:1 "OPTIONS /api/productos HTTP/1.1" 200 - 2131
[28/Oct/2025:17:34:25 -0300] 0:0:0:0:0:0:0:1 "OPTIONS /api/productos HTTP/1.1" 200 - 1692
[28/Oct/2025:17:34:25 -0300] 0:0:0:0:0:0:0:1 "GET /api/productos HTTP/1.1" 401 - 11777
[28/Oct/2025:17:34:25 -0300] 0:0:0:0:0:0:0:1 "GET /api/productos HTTP/1.1" 401 - 8416
[28/Oct/2025:17:34:30 -0300] 0:0:0:0:0:0:0:1 "OPTIONS /api/payments/create HTTP/1.1" 200 - 2004
[28/Oct/2025:17:34:32 -0300] 0:0:0:0:0:0:0:1 "POST /api/payments/create HTTP/1.1" 200 135 1211736
[28/Oct/2025:17:49:01 -0300] 0:0:0:0:0:0:0:1 "GET /api/products/search?q=mouse HTTP/1.1" 200 112 172756
[28/Oct/2025:17:49:01 -0300] 0:0:0:0:0:0:0:1 "GET /api/products/search?q=mouse HTTP/1.1" 200 112 11383
[28/Oct/2025:17:49:09 -0300] 0:0:0:0:0:0:0:1 "GET /api/products/search?q=barra HTTP/1.1" 200 12 9922
[28/Oct/2025:17:49:09 -0300] 0:0:0:0:0:0:0:1 "GET /api/products/search?q=barra HTTP/1.1" 200 12 13899
[28/Oct/2025:17:49:17 -0300] 0:0:0:0:0:0:0:1 "GET /api/products/search?q=Barra+de+sonido HTTP/1.1" 200 12 17554
[28/Oct/2025:17:49:17 -0300] 0:0:0:0:0:0:0:1 "GET /api/products/search?q=Barra+de+sonido HTTP/1.1" 200 12 14713
[28/Oct/2025:17:49:22 -0300] 0:0:0:0:0:0:0:1 "GET /api/products/search?q=Teclado HTTP/1.1" 200 114 15290
[28/Oct/2025:17:49:22 -0300] 0:0:0:0:0:0:0:1 "GET /api/products/search?q=Teclado HTTP/1.1" 200 114 17625
[28/Oct/2025:17:49:30 -0300] 0:0:0:0:0:0:0:1 "OPTIONS /api/products/search?q=Teclado HTTP/1.1" 200 - 2874
[28/Oct/2025:17:49:30 -0300] 0:0:0:0:0:0:0:1 "GET /api/products/search?q=Teclado HTTP/1.1" 200 114 12487
[28/Oct/2025:17:49:30 -0300] 0:0:0:0:0:0:0:1 "GET /api/products/search?q=Teclado HTTP/1.1" 200 114 153880
[28/Oct/2025:18:12:27 -0300] 0:0:0:0:0:0:0:1 "OPTIONS /api/products/search?q=barra HTTP/1.1" 200 - 136755
[28/Oct/2025:18:12:27 -0300] 0:0:0:0:0:0:0:1 "OPTIONS /api/products/search?q=barra HTTP/1.1" 200 - 136756
[28/Oct/2025:18:12:27 -0300] 0:0:0:0:0:0:0:1 "GET /api/products/search?q=barra HTTP/1.1" 200 12 288114
[28/Oct/2025:18:12:27 -0300] 0:0:0:0:0:0:0:1 "GET /api/products/search?q=barra HTTP/1.1" 200 12 40174
[28/Oct/2025:18:12:31 -0300] 0:0:0:0:0:0:0:1 "OPTIONS /api/products/search?q=mouse HTTP/1.1" 200 - 3187
[28/Oct/2025:18:12:31 -0300] 0:0:0:0:0:0:0:1 "OPTIONS /api/products/search?q=mouse HTTP/1.1" 200 - 2540
[28/Oct/2025:18:12:31 -0300] 0:0:0:0:0:0:0:1 "GET /api/products/search?q=mouse HTTP/1.1" 200 126 106647
[28/Oct/2025:18:12:31 -0300] 0:0:0:0:0:0:0:1 "GET /api/products/search?q=mouse HTTP/1.1" 200 126 42328
[28/Oct/2025:18:12:35 -0300] 0:0:0:0:0:0:0:1 "GET /api/products/search?q=mouse HTTP/1.1" 200 126 22851
[28/Oct/2025:18:12:35 -0300] 0:0:0:0:0:0:0:1 "GET /api/products/search?q=mouse HTTP/1.1" 200 126 53594
[28/Oct/2025:18:12:38 -0300] 0:0:0:0:0:0:0:1 "OPTIONS /api/products/search?q=teclado HTTP/1.1" 200 - 2242
[28/Oct/2025:18:12:38 -0300] 0:0:0:0:0:0:0:1 "OPTIONS /api/products/search?q=teclado HTTP/1.1" 200 - 3393
[28/Oct/2025:18:12:38 -0300] 0:0:0:0:0:0:0:1 "GET /api/products/search?q=teclado HTTP/1.1" 200 128 41643
[28/Oct/2025:18:12:38 -0300] 0:0:0:0:0:0:0:1 "GET /api/products/search?q=teclado HTTP/1.1" 200 128 42184
[28/Oct/2025:18:12:42 -0300] 0:0:0:0:0:0:0:1 "GET /api/products/search?q=teclado HTTP/1.1" 200 128 41694
[28/Oct/2025:18:12:42 -0300] 0:0:0:0:0:0:0:1 "GET /api/products/search?q=teclado HTTP/1.1" 200 128 38375
[28/Oct/2025:18:12:44 -0300] 0:0:0:0:0:0:0:1 "OPTIONS /api/products/search?q=teclado HTTP/1.1" 200 - 2691
[28/Oct/2025:18:12:44 -0300] 0:0:0:0:0:0:0:1 "OPTIONS /api/products/search?q=teclado HTTP/1.1" 200 - 3107
[28/Oct/2025:18:12:44 -0300] 0:0:0:0:0:0:0:1 "GET /api/products/search?q=teclado HTTP/1.1" 200 128 41100
[28/Oct/2025:18:12:44 -0300] 0:0:0:0:0:0:0:1 "GET /api/products/search?q=teclado HTTP/1.1" 200 128 37521
[28/Oct/2025:18:12:50 -0300] 0:0:0:0:0:0:0:1 "OPTIONS /api/products/search?q=cool HTTP/1.1" 200 - 2420
[28/Oct/2025:18:12:50 -0300] 0:0:0:0:0:0:0:1 "OPTIONS /api/products/search?q=cool HTTP/1.1" 200 - 2542
[28/Oct/2025:18:12:50 -0300] 0:0:0:0:0:0:0:1 "GET /api/products/search?q=cool HTTP/1.1" 200 12 43969
[28/Oct/2025:18:12:50 -0300] 0:0:0:0:0:0:0:1 "GET /api/products/search?q=cool HTTP/1.1" 200 12 44128
[28/Oct/2025:18:12:53 -0300] 0:0:0:0:0:0:0:1 "OPTIONS /api/products/search?q=cooler HTTP/1.1" 200 - 2987
[28/Oct/2025:18:12:53 -0300] 0:0:0:0:0:0:0:1 "OPTIONS /api/products/search?q=cooler HTTP/1.1" 200 - 2183
[28/Oct/2025:18:12:54 -0300] 0:0:0:0:0:0:0:1 "GET /api/products/search?q=cooler HTTP/1.1" 200 12 49255
[28/Oct/2025:18:12:54 -0300] 0:0:0:0:0:0:0:1 "GET /api/products/search?q=cooler HTTP/1.1" 200 12 45969
[28/Oct/2025:18:12:59 -0300] 0:0:0:0:0:0:0:1 "OPTIONS /api/products/search?q=CPU HTTP/1.1" 200 - 2007
[28/Oct/2025:18:13:00 -0300] 0:0:0:0:0:0:0:1 "OPTIONS /api/products/search?q=CPU HTTP/1.1" 200 - 2659
[28/Oct/2025:18:13:00 -0300] 0:0:0:0:0:0:0:1 "GET /api/products/search?q=CPU HTTP/1.1" 200 12 45648
[28/Oct/2025:18:13:00 -0300] 0:0:0:0:0:0:0:1 "GET /api/products/search?q=CPU HTTP/1.1" 200 12 49662
[28/Oct/2025:18:13:07 -0300] 0:0:0:0:0:0:0:1 "OPTIONS /api/products/search?q=Auriculares HTTP/1.1" 200 - 2705
[28/Oct/2025:18:13:07 -0300] 0:0:0:0:0:0:0:1 "OPTIONS /api/products/search?q=Auriculares HTTP/1.1" 200 - 1527
[28/Oct/2025:18:13:07 -0300] 0:0:0:0:0:0:0:1 "GET /api/products/search?q=Auriculares HTTP/1.1" 200 130 35491
[28/Oct/2025:18:13:07 -0300] 0:0:0:0:0:0:0:1 "GET /api/products/search?q=Auriculares HTTP/1.1" 200 130 31237
[28/Oct/2025:18:13:09 -0300] 0:0:0:0:0:0:0:1 "GET /api/products/search?q=Auriculares HTTP/1.1" 200 130 39318
[28/Oct/2025:18:13:09 -0300] 0:0:0:0:0:0:0:1 "GET /api/products/search?q=Auriculares HTTP/1.1" 200 130 41186
[28/Oct/2025:18:15:16 -0300] 0:0:0:0:0:0:0:1 "OPTIONS /api/products/search?q=teclado HTTP/1.1" 200 - 89090
[28/Oct/2025:18:15:16 -0300] 0:0:0:0:0:0:0:1 "OPTIONS /api/products/search?q=teclado HTTP/1.1" 200 - 89090
[28/Oct/2025:18:15:16 -0300] 0:0:0:0:0:0:0:1 "GET /api/products/search?q=teclado HTTP/1.1" 200 128 210935
[28/Oct/2025:18:15:16 -0300] 0:0:0:0:0:0:0:1 "GET /api/products/search?q=teclado HTTP/1.1" 200 128 39622
[28/Oct/2025:18:15:19 -0300] 0:0:0:0:0:0:0:1 "GET /api/products/search?q=teclado HTTP/1.1" 200 128 28302
[28/Oct/2025:18:15:19 -0300] 0:0:0:0:0:0:0:1 "GET /api/products/search?q=teclado HTTP/1.1" 200 128 31546
[28/Oct/2025:18:25:51 -0300] 0:0:0:0:0:0:0:1 "OPTIONS /api/products/search?q=mouse HTTP/1.1" 200 - 94172
[28/Oct/2025:18:25:51 -0300] 0:0:0:0:0:0:0:1 "OPTIONS /api/products/search?q=mouse HTTP/1.1" 200 - 94168
[28/Oct/2025:18:25:52 -0300] 0:0:0:0:0:0:0:1 "GET /api/products/search?q=mouse HTTP/1.1" 200 429 187551
[28/Oct/2025:18:25:52 -0300] 0:0:0:0:0:0:0:1 "GET /api/products/search?q=mouse HTTP/1.1" 200 429 31347
[28/Oct/2025:18:25:57 -0300] 0:0:0:0:0:0:0:1 "OPTIONS /api/products/search?q=teclado HTTP/1.1" 200 - 1938
[28/Oct/2025:18:25:57 -0300] 0:0:0:0:0:0:0:1 "OPTIONS /api/products/search?q=teclado HTTP/1.1" 200 - 2005
[28/Oct/2025:18:25:57 -0300] 0:0:0:0:0:0:0:1 "GET /api/products/search?q=teclado HTTP/1.1" 200 306 24716
[28/Oct/2025:18:25:57 -0300] 0:0:0:0:0:0:0:1 "GET /api/products/search?q=teclado HTTP/1.1" 200 306 23535
[28/Oct/2025:18:26:00 -0300] 0:0:0:0:0:0:0:1 "OPTIONS /api/products/3 HTTP/1.1" 200 - 1765
[28/Oct/2025:18:26:00 -0300] 0:0:0:0:0:0:0:1 "OPTIONS /api/products/3 HTTP/1.1" 200 - 1958
[28/Oct/2025:18:26:00 -0300] 0:0:0:0:0:0:0:1 "GET /api/products/3 HTTP/1.1" 200 304 46916
[28/Oct/2025:18:26:00 -0300] 0:0:0:0:0:0:0:1 "GET /api/products/3 HTTP/1.1" 200 304 25616
[28/Oct/2025:18:26:00 -0300] 0:0:0:0:0:0:0:1 "GET /api/products/search?q=teclado HTTP/1.1" 200 306 24718
[28/Oct/2025:18:26:00 -0300] 0:0:0:0:0:0:0:1 "GET /api/products/search?q=teclado HTTP/1.1" 200 306 28080
[28/Oct/2025:18:26:03 -0300] 0:0:0:0:0:0:0:1 "OPTIONS /api/products/search?q=barra HTTP/1.1" 200 - 1608
[28/Oct/2025:18:26:03 -0300] 0:0:0:0:0:0:0:1 "OPTIONS /api/products/search?q=barra HTTP/1.1" 200 - 1504
[28/Oct/2025:18:26:03 -0300] 0:0:0:0:0:0:0:1 "GET /api/products/search?q=barra HTTP/1.1" 200 232 30980
[28/Oct/2025:18:26:04 -0300] 0:0:0:0:0:0:0:1 "GET /api/products/search?q=barra HTTP/1.1" 200 232 33265
[28/Oct/2025:18:26:04 -0300] 0:0:0:0:0:0:0:1 "OPTIONS /api/products/2 HTTP/1.1" 200 - 1645
[28/Oct/2025:18:26:04 -0300] 0:0:0:0:0:0:0:1 "OPTIONS /api/products/2 HTTP/1.1" 200 - 2356
[28/Oct/2025:18:26:04 -0300] 0:0:0:0:0:0:0:1 "GET /api/products/2 HTTP/1.1" 200 230 21792
[28/Oct/2025:18:26:04 -0300] 0:0:0:0:0:0:0:1 "GET /api/products/2 HTTP/1.1" 200 230 26407
[28/Oct/2025:18:26:07 -0300] 0:0:0:0:0:0:0:1 "GET /api/products/search?q=barra HTTP/1.1" 200 232 25415
[28/Oct/2025:18:26:07 -0300] 0:0:0:0:0:0:0:1 "GET /api/products/search?q=barra HTTP/1.1" 200 232 28776
[28/Oct/2025:18:26:12 -0300] 0:0:0:0:0:0:0:1 "OPTIONS /api/products/search?q=silla HTTP/1.1" 200 - 1393
[28/Oct/2025:18:26:12 -0300] 0:0:0:0:0:0:0:1 "OPTIONS /api/products/search?q=silla HTTP/1.1" 200 - 1384
[28/Oct/2025:18:26:12 -0300] 0:0:0:0:0:0:0:1 "GET /api/products/search?q=silla HTTP/1.1" 200 239 32199
[28/Oct/2025:18:26:12 -0300] 0:0:0:0:0:0:0:1 "GET /api/products/search?q=silla HTTP/1.1" 200 239 32248
[28/Oct/2025:18:26:12 -0300] 0:0:0:0:0:0:0:1 "OPTIONS /api/products/9 HTTP/1.1" 200 - 1292
[28/Oct/2025:18:26:12 -0300] 0:0:0:0:0:0:0:1 "OPTIONS /api/products/9 HTTP/1.1" 200 - 1162
[28/Oct/2025:18:26:12 -0300] 0:0:0:0:0:0:0:1 "GET /api/products/9 HTTP/1.1" 200 237 21080
[28/Oct/2025:18:26:13 -0300] 0:0:0:0:0:0:0:1 "GET /api/products/9 HTTP/1.1" 200 237 23317
[28/Oct/2025:18:52:34 -0300] 0:0:0:0:0:0:0:1 "OPTIONS /api/categories HTTP/1.1" 200 - 74372
[28/Oct/2025:18:52:34 -0300] 0:0:0:0:0:0:0:1 "GET /api/categories HTTP/1.1" 200 181 174112
[28/Oct/2025:18:52:34 -0300] 0:0:0:0:0:0:0:1 "GET /api/categories HTTP/1.1" 200 181 96055
[28/Oct/2025:18:52:36 -0300] 0:0:0:0:0:0:0:1 "OPTIONS /api/products/search?categoria=Componentes HTTP/1.1" 200 - 2081
[28/Oct/2025:18:52:36 -0300] 0:0:0:0:0:0:0:1 "OPTIONS /api/products/search?categoria=Componentes HTTP/1.1" 200 - 4989
[28/Oct/2025:18:52:36 -0300] 0:0:0:0:0:0:0:1 "GET /api/categories HTTP/1.1" 200 181 39460
[28/Oct/2025:18:52:36 -0300] 0:0:0:0:0:0:0:1 "GET /api/categories HTTP/1.1" 200 181 36373
[28/Oct/2025:18:52:36 -0300] 0:0:0:0:0:0:0:1 "GET /api/products/search?categoria=Componentes HTTP/1.1" 200 274 99652
[28/Oct/2025:18:52:36 -0300] 0:0:0:0:0:0:0:1 "GET /api/products/search?categoria=Componentes HTTP/1.1" 200 274 23679
[28/Oct/2025:18:52:37 -0300] 0:0:0:0:0:0:0:1 "OPTIONS /api/products/search?categoria=Audio HTTP/1.1" 200 - 4932
[28/Oct/2025:18:52:37 -0300] 0:0:0:0:0:0:0:1 "GET /api/products/search?categoria=Audio HTTP/1.1" 200 560 48717
[28/Oct/2025:18:52:39 -0300] 0:0:0:0:0:0:0:1 "OPTIONS /api/products/search?categoria=Perif%C3%A9ricos HTTP/1.1" 200 - 2587
[28/Oct/2025:18:52:39 -0300] 0:0:0:0:0:0:0:1 "GET /api/products/search?categoria=Perif%C3%A9ricos HTTP/1.1" 200 600 48783
[28/Oct/2025:18:52:41 -0300] 0:0:0:0:0:0:0:1 "OPTIONS /api/products/search?categoria=Monitores HTTP/1.1" 200 - 3323
[28/Oct/2025:18:52:41 -0300] 0:0:0:0:0:0:0:1 "GET /api/products/search?categoria=Monitores HTTP/1.1" 200 301 36474
[28/Oct/2025:18:52:43 -0300] 0:0:0:0:0:0:0:1 "OPTIONS /api/products/search?categoria=Sillas HTTP/1.1" 200 - 2126
[28/Oct/2025:18:52:43 -0300] 0:0:0:0:0:0:0:1 "GET /api/products/search?categoria=Sillas HTTP/1.1" 200 298 49545
[28/Oct/2025:18:52:45 -0300] 0:0:0:0:0:0:0:1 "OPTIONS /api/products/search?categoria=Computadoras HTTP/1.1" 200 - 4180
[28/Oct/2025:18:52:45 -0300] 0:0:0:0:0:0:0:1 "GET /api/products/search?categoria=Computadoras HTTP/1.1" 200 290 48418
[28/Oct/2025:18:52:46 -0300] 0:0:0:0:0:0:0:1 "OPTIONS /api/products/search?categoria=Componentes HTTP/1.1" 200 - 3721
[28/Oct/2025:18:52:46 -0300] 0:0:0:0:0:0:0:1 "GET /api/products/search?categoria=Componentes HTTP/1.1" 200 274 48827
[28/Oct/2025:18:52:47 -0300] 0:0:0:0:0:0:0:1 "OPTIONS /api/products/search?categoria=Audio HTTP/1.1" 200 - 3331
[28/Oct/2025:18:52:47 -0300] 0:0:0:0:0:0:0:1 "GET /api/products/search?categoria=Audio HTTP/1.1" 200 560 48934
[28/Oct/2025:18:52:49 -0300] 0:0:0:0:0:0:0:1 "OPTIONS /api/products/search?categoria=Perif%C3%A9ricos HTTP/1.1" 200 - 2949
[28/Oct/2025:18:52:49 -0300] 0:0:0:0:0:0:0:1 "GET /api/products/search?categoria=Perif%C3%A9ricos HTTP/1.1" 200 600 43273
[28/Oct/2025:18:52:53 -0300] 0:0:0:0:0:0:0:1 "OPTIONS /api/products/search?categoria=Componentes HTTP/1.1" 200 - 3866
[28/Oct/2025:18:52:53 -0300] 0:0:0:0:0:0:0:1 "GET /api/products/search?categoria=Componentes HTTP/1.1" 200 274 42036
[28/Oct/2025:18:52:57 -0300] 0:0:0:0:0:0:0:1 "OPTIONS /api/products/search?categoria=Audio HTTP/1.1" 200 - 3095
[28/Oct/2025:18:52:57 -0300] 0:0:0:0:0:0:0:1 "GET /api/products/search?categoria=Audio HTTP/1.1" 200 560 50052
[28/Oct/2025:18:52:58 -0300] 0:0:0:0:0:0:0:1 "OPTIONS /api/products/search?categoria=Sillas HTTP/1.1" 200 - 3211
[28/Oct/2025:18:52:58 -0300] 0:0:0:0:0:0:0:1 "GET /api/products/search?categoria=Sillas HTTP/1.1" 200 298 41779
[28/Oct/2025:18:53:00 -0300] 0:0:0:0:0:0:0:1 "OPTIONS /api/categories HTTP/1.1" 200 - 2402
[28/Oct/2025:18:53:00 -0300] 0:0:0:0:0:0:0:1 "GET /api/categories HTTP/1.1" 200 181 13684
[28/Oct/2025:18:53:00 -0300] 0:0:0:0:0:0:0:1 "GET /api/categories HTTP/1.1" 200 181 30338
[28/Oct/2025:18:53:20 -0300] 0:0:0:0:0:0:0:1 "OPTIONS /api/products/search?categoria=Audio HTTP/1.1" 200 - 1853
[28/Oct/2025:18:53:20 -0300] 0:0:0:0:0:0:0:1 "OPTIONS /api/categories HTTP/1.1" 200 - 1995
[28/Oct/2025:18:53:20 -0300] 0:0:0:0:0:0:0:1 "OPTIONS /api/categories HTTP/1.1" 200 - 1783
[28/Oct/2025:18:53:20 -0300] 0:0:0:0:0:0:0:1 "OPTIONS /api/products/search?categoria=Audio HTTP/1.1" 200 - 2801
[28/Oct/2025:18:53:20 -0300] 0:0:0:0:0:0:0:1 "GET /api/categories HTTP/1.1" 200 181 36286
[28/Oct/2025:18:53:20 -0300] 0:0:0:0:0:0:0:1 "GET /api/products/search?categoria=Audio HTTP/1.1" 200 560 41316
[28/Oct/2025:18:53:20 -0300] 0:0:0:0:0:0:0:1 "GET /api/categories HTTP/1.1" 200 181 38872
[28/Oct/2025:18:53:20 -0300] 0:0:0:0:0:0:0:1 "GET /api/products/search?categoria=Audio HTTP/1.1" 200 560 40282
[28/Oct/2025:18:53:23 -0300] 0:0:0:0:0:0:0:1 "GET /api/categories HTTP/1.1" 200 181 18051
[28/Oct/2025:18:53:23 -0300] 0:0:0:0:0:0:0:1 "GET /api/categories HTTP/1.1" 200 181 39062
[28/Oct/2025:18:53:32 -0300] 0:0:0:0:0:0:0:1 "OPTIONS /api/products/search?categoria=Audio HTTP/1.1" 200 - 1513
[28/Oct/2025:18:53:32 -0300] 0:0:0:0:0:0:0:1 "OPTIONS /api/categories HTTP/1.1" 200 - 1891
[28/Oct/2025:18:53:32 -0300] 0:0:0:0:0:0:0:1 "OPTIONS /api/categories HTTP/1.1" 200 - 1490
[28/Oct/2025:18:53:32 -0300] 0:0:0:0:0:0:0:1 "OPTIONS /api/products/search?categoria=Audio HTTP/1.1" 200 - 1860
[28/Oct/2025:18:53:32 -0300] 0:0:0:0:0:0:0:1 "GET /api/categories HTTP/1.1" 200 181 28689
[28/Oct/2025:18:53:32 -0300] 0:0:0:0:0:0:0:1 "GET /api/products/search?categoria=Audio HTTP/1.1" 200 560 37892
[28/Oct/2025:18:53:32 -0300] 0:0:0:0:0:0:0:1 "GET /api/categories HTTP/1.1" 200 181 33177
[28/Oct/2025:18:53:32 -0300] 0:0:0:0:0:0:0:1 "GET /api/products/search?categoria=Audio HTTP/1.1" 200 560 45953
[28/Oct/2025:18:53:34 -0300] 0:0:0:0:0:0:0:1 "OPTIONS /api/products/search?categoria=Perif%C3%A9ricos HTTP/1.1" 200 - 2673
[28/Oct/2025:18:53:34 -0300] 0:0:0:0:0:0:0:1 "GET /api/products/search?categoria=Perif%C3%A9ricos HTTP/1.1" 200 600 33094
[28/Oct/2025:18:53:36 -0300] 0:0:0:0:0:0:0:1 "OPTIONS /api/products/search?categoria=Componentes HTTP/1.1" 200 - 2034
[28/Oct/2025:18:53:36 -0300] 0:0:0:0:0:0:0:1 "GET /api/products/search?categoria=Componentes HTTP/1.1" 200 274 44003
[28/Oct/2025:18:53:37 -0300] 0:0:0:0:0:0:0:1 "OPTIONS /api/products/search?categoria=Sillas HTTP/1.1" 200 - 2798
[28/Oct/2025:18:53:37 -0300] 0:0:0:0:0:0:0:1 "GET /api/products/search?categoria=Sillas HTTP/1.1" 200 298 45653
[28/Oct/2025:18:53:58 -0300] 0:0:0:0:0:0:0:1 "OPTIONS /api/products/search?q=microfono HTTP/1.1" 200 - 1945
[28/Oct/2025:18:53:58 -0300] 0:0:0:0:0:0:0:1 "OPTIONS /api/products/search?q=microfono HTTP/1.1" 200 - 2224
[28/Oct/2025:18:53:59 -0300] 0:0:0:0:0:0:0:1 "GET /api/products/search?q=microfono HTTP/1.1" 200 790 48578
[28/Oct/2025:18:53:59 -0300] 0:0:0:0:0:0:0:1 "GET /api/products/search?q=microfono HTTP/1.1" 200 790 40414
[28/Oct/2025:18:54:02 -0300] 0:0:0:0:0:0:0:1 "OPTIONS /api/categories HTTP/1.1" 200 - 2197
[28/Oct/2025:18:54:02 -0300] 0:0:0:0:0:0:0:1 "OPTIONS /api/products/search?categoria=Sillas HTTP/1.1" 200 - 1996
[28/Oct/2025:18:54:02 -0300] 0:0:0:0:0:0:0:1 "OPTIONS /api/categories HTTP/1.1" 200 - 1756
[28/Oct/2025:18:54:02 -0300] 0:0:0:0:0:0:0:1 "OPTIONS /api/products/search?categoria=Sillas HTTP/1.1" 200 - 2120
[28/Oct/2025:18:54:02 -0300] 0:0:0:0:0:0:0:1 "GET /api/categories HTTP/1.1" 200 181 39155
[28/Oct/2025:18:54:02 -0300] 0:0:0:0:0:0:0:1 "GET /api/products/search?categoria=Sillas HTTP/1.1" 200 298 40302
[28/Oct/2025:18:54:02 -0300] 0:0:0:0:0:0:0:1 "GET /api/categories HTTP/1.1" 200 181 35572
[28/Oct/2025:18:54:02 -0300] 0:0:0:0:0:0:0:1 "GET /api/products/search?categoria=Sillas HTTP/1.1" 200 298 41063
[28/Oct/2025:18:54:11 -0300] 0:0:0:0:0:0:0:1 "OPTIONS /api/products/search?q=microfono HTTP/1.1" 200 - 1963
[28/Oct/2025:18:54:11 -0300] 0:0:0:0:0:0:0:1 "OPTIONS /api/products/search?q=microfono HTTP/1.1" 200 - 2573
[28/Oct/2025:18:54:11 -0300] 0:0:0:0:0:0:0:1 "GET /api/products/search?q=microfono HTTP/1.1" 200 790 47115
[28/Oct/2025:18:54:11 -0300] 0:0:0:0:0:0:0:1 "GET /api/products/search?q=microfono HTTP/1.1" 200 790 48383
[28/Oct/2025:18:54:35 -0300] 0:0:0:0:0:0:0:1 "OPTIONS /api/products/search?q=microfono HTTP/1.1" 200 - 3359
[28/Oct/2025:18:54:35 -0300] 0:0:0:0:0:0:0:1 "GET /api/products/search?q=microfono HTTP/1.1" 200 790 49238
[28/Oct/2025:18:54:41 -0300] 0:0:0:0:0:0:0:1 "OPTIONS /api/products/search?q=microfono HTTP/1.1" 200 - 3026
[28/Oct/2025:18:54:41 -0300] 0:0:0:0:0:0:0:1 "GET /api/products/search?q=microfono HTTP/1.1" 200 790 46265
[28/Oct/2025:18:54:43 -0300] 0:0:0:0:0:0:0:1 "GET /api/products/search?q=microfono HTTP/1.1" 200 790 47053
[28/Oct/2025:18:54:44 -0300] 0:0:0:0:0:0:0:1 "OPTIONS /api/categories HTTP/1.1" 200 - 2609
[28/Oct/2025:18:54:44 -0300] 0:0:0:0:0:0:0:1 "OPTIONS /api/categories HTTP/1.1" 200 - 2295
[28/Oct/2025:18:54:44 -0300] 0:0:0:0:0:0:0:1 "GET /api/categories HTTP/1.1" 200 181 40090
[28/Oct/2025:18:54:44 -0300] 0:0:0:0:0:0:0:1 "GET /api/products/search?q=microfono HTTP/1.1" 200 790 46837
[28/Oct/2025:18:54:44 -0300] 0:0:0:0:0:0:0:1 "GET /api/categories HTTP/1.1" 200 181 41574
[28/Oct/2025:18:54:44 -0300] 0:0:0:0:0:0:0:1 "GET /api/categories HTTP/1.1" 200 181 36207
[28/Oct/2025:18:54:44 -0300] 0:0:0:0:0:0:0:1 "GET /api/categories HTTP/1.1" 200 181 40316
[28/Oct/2025:18:54:52 -0300] 0:0:0:0:0:0:0:1 "OPTIONS /api/products/search?q=microfono HTTP/1.1" 200 - 3209
[28/Oct/2025:18:54:52 -0300] 0:0:0:0:0:0:0:1 "GET /api/products/search?q=microfono HTTP/1.1" 200 790 43777
[28/Oct/2025:18:54:54 -0300] 0:0:0:0:0:0:0:1 "GET /api/products/search?q=microfono HTTP/1.1" 200 790 41439
[28/Oct/2025:18:55:06 -0300] 0:0:0:0:0:0:0:1 "OPTIONS /api/products/search?q=microfono HTTP/1.1" 200 - 2871
[28/Oct/2025:18:55:06 -0300] 0:0:0:0:0:0:0:1 "GET /api/products/search?q=microfono HTTP/1.1" 200 790 43221
[28/Oct/2025:18:55:28 -0300] 0:0:0:0:0:0:0:1 "OPTIONS /api/products/search?q=microfono HTTP/1.1" 200 - 2439
[28/Oct/2025:18:55:28 -0300] 0:0:0:0:0:0:0:1 "GET /api/products/search?q=microfono HTTP/1.1" 200 790 46125
[28/Oct/2025:18:55:36 -0300] 0:0:0:0:0:0:0:1 "OPTIONS /api/categories HTTP/1.1" 200 - 2085
[28/Oct/2025:18:55:36 -0300] 0:0:0:0:0:0:0:1 "OPTIONS /api/products/search?q=microfono HTTP/1.1" 200 - 2127
[28/Oct/2025:18:55:36 -0300] 0:0:0:0:0:0:0:1 "OPTIONS /api/categories HTTP/1.1" 200 - 2513
[28/Oct/2025:18:55:36 -0300] 0:0:0:0:0:0:0:1 "GET /api/categories HTTP/1.1" 200 181 42266
[28/Oct/2025:18:55:36 -0300] 0:0:0:0:0:0:0:1 "GET /api/products/search?q=microfono HTTP/1.1" 200 790 46735
[28/Oct/2025:18:55:36 -0300] 0:0:0:0:0:0:0:1 "GET /api/categories HTTP/1.1" 200 181 39122
[28/Oct/2025:18:55:36 -0300] 0:0:0:0:0:0:0:1 "GET /api/categories HTTP/1.1" 200 181 39916
[28/Oct/2025:18:55:36 -0300] 0:0:0:0:0:0:0:1 "GET /api/categories HTTP/1.1" 200 181 39888
[28/Oct/2025:18:55:40 -0300] 0:0:0:0:0:0:0:1 "GET /api/products/search?q=microfono HTTP/1.1" 200 790 48142
[28/Oct/2025:18:55:44 -0300] 0:0:0:0:0:0:0:1 "OPTIONS /api/products/search?q=microfono HTTP/1.1" 200 - 2474
[28/Oct/2025:18:55:44 -0300] 0:0:0:0:0:0:0:1 "GET /api/products/search?q=microfono HTTP/1.1" 200 790 44040
[28/Oct/2025:18:55:47 -0300] 0:0:0:0:0:0:0:1 "GET /api/products/search?q=microfono HTTP/1.1" 200 790 47079
[28/Oct/2025:18:55:49 -0300] 0:0:0:0:0:0:0:1 "OPTIONS /api/products/search?q=microfono HTTP/1.1" 200 - 3392
[28/Oct/2025:18:55:49 -0300] 0:0:0:0:0:0:0:1 "GET /api/products/search?q=microfono HTTP/1.1" 200 790 45890
[28/Oct/2025:18:56:31 -0300] 0:0:0:0:0:0:0:1 "OPTIONS /api/products/search?q=microfono HTTP/1.1" 200 - 3550
[28/Oct/2025:18:56:31 -0300] 0:0:0:0:0:0:0:1 "GET /api/products/search?q=microfono HTTP/1.1" 200 790 44810
[28/Oct/2025:18:56:38 -0300] 0:0:0:0:0:0:0:1 "OPTIONS /api/categories HTTP/1.1" 200 - 4531
[28/Oct/2025:18:56:38 -0300] 0:0:0:0:0:0:0:1 "OPTIONS /api/products/search?q=microfono HTTP/1.1" 200 - 6139
[28/Oct/2025:18:56:38 -0300] 0:0:0:0:0:0:0:1 "OPTIONS /api/categories HTTP/1.1" 200 - 8170
[28/Oct/2025:18:56:38 -0300] 0:0:0:0:0:0:0:1 "GET /api/categories HTTP/1.1" 200 181 49625
[28/Oct/2025:18:56:38 -0300] 0:0:0:0:0:0:0:1 "GET /api/products/search?q=microfono HTTP/1.1" 200 790 56394
[28/Oct/2025:18:56:38 -0300] 0:0:0:0:0:0:0:1 "GET /api/categories HTTP/1.1" 200 181 40919
[28/Oct/2025:18:56:39 -0300] 0:0:0:0:0:0:0:1 "GET /api/categories HTTP/1.1" 200 181 39021
[28/Oct/2025:18:56:39 -0300] 0:0:0:0:0:0:0:1 "GET /api/categories HTTP/1.1" 200 181 44825
[28/Oct/2025:18:57:04 -0300] 0:0:0:0:0:0:0:1 "OPTIONS /api/products/search?q=microfono HTTP/1.1" 200 - 2410
[28/Oct/2025:18:57:04 -0300] 0:0:0:0:0:0:0:1 "GET /api/products/search?q=microfono HTTP/1.1" 200 790 42707
[28/Oct/2025:18:57:04 -0300] 0:0:0:0:0:0:0:1 "OPTIONS /api/categories HTTP/1.1" 200 - 2343
[28/Oct/2025:18:57:04 -0300] 0:0:0:0:0:0:0:1 "OPTIONS /api/categories HTTP/1.1" 200 - 2148
[28/Oct/2025:18:57:04 -0300] 0:0:0:0:0:0:0:1 "GET /api/categories HTTP/1.1" 200 181 40619
[28/Oct/2025:18:57:04 -0300] 0:0:0:0:0:0:0:1 "GET /api/categories HTTP/1.1" 200 181 37366
[28/Oct/2025:18:57:22 -0300] 0:0:0:0:0:0:0:1 "OPTIONS /api/products/search?q=microfono HTTP/1.1" 200 - 2702
[28/Oct/2025:18:57:22 -0300] 0:0:0:0:0:0:0:1 "GET /api/products/search?q=microfono HTTP/1.1" 200 790 42280
[28/Oct/2025:18:57:22 -0300] 0:0:0:0:0:0:0:1 "OPTIONS /api/categories HTTP/1.1" 200 - 2481
[28/Oct/2025:18:57:22 -0300] 0:0:0:0:0:0:0:1 "OPTIONS /api/categories HTTP/1.1" 200 - 3190
[28/Oct/2025:18:57:22 -0300] 0:0:0:0:0:0:0:1 "GET /api/categories HTTP/1.1" 200 181 34488
[28/Oct/2025:18:57:22 -0300] 0:0:0:0:0:0:0:1 "GET /api/categories HTTP/1.1" 200 181 36874
[28/Oct/2025:18:57:29 -0300] 0:0:0:0:0:0:0:1 "OPTIONS /api/products/search?q=microfono HTTP/1.1" 200 - 3056
[28/Oct/2025:18:57:29 -0300] 0:0:0:0:0:0:0:1 "GET /api/products/search?q=microfono HTTP/1.1" 200 790 39580
[28/Oct/2025:18:57:29 -0300] 0:0:0:0:0:0:0:1 "OPTIONS /api/categories HTTP/1.1" 200 - 2379
[28/Oct/2025:18:57:29 -0300] 0:0:0:0:0:0:0:1 "OPTIONS /api/categories HTTP/1.1" 200 - 2579
[28/Oct/2025:18:57:29 -0300] 0:0:0:0:0:0:0:1 "GET /api/categories HTTP/1.1" 200 181 33386
[28/Oct/2025:18:57:29 -0300] 0:0:0:0:0:0:0:1 "GET /api/categories HTTP/1.1" 200 181 32407
[28/Oct/2025:18:57:33 -0300] 0:0:0:0:0:0:0:1 "GET /api/products/search?q=microfono HTTP/1.1" 200 790 40548
[28/Oct/2025:18:57:33 -0300] 0:0:0:0:0:0:0:1 "GET /api/categories HTTP/1.1" 200 181 32403
[28/Oct/2025:18:57:33 -0300] 0:0:0:0:0:0:0:1 "GET /api/categories HTTP/1.1" 200 181 30819
[28/Oct/2025:18:57:35 -0300] 0:0:0:0:0:0:0:1 "OPTIONS /api/products/search?q=microfono HTTP/1.1" 200 - 3098
[28/Oct/2025:18:57:35 -0300] 0:0:0:0:0:0:0:1 "GET /api/products/search?q=microfono HTTP/1.1" 200 790 34696
[28/Oct/2025:18:57:35 -0300] 0:0:0:0:0:0:0:1 "OPTIONS /api/categories HTTP/1.1" 200 - 2366
[28/Oct/2025:18:57:35 -0300] 0:0:0:0:0:0:0:1 "OPTIONS /api/categories HTTP/1.1" 200 - 2255
[28/Oct/2025:18:57:35 -0300] 0:0:0:0:0:0:0:1 "GET /api/categories HTTP/1.1" 200 181 32543
[28/Oct/2025:18:57:35 -0300] 0:0:0:0:0:0:0:1 "GET /api/categories HTTP/1.1" 200 181 32540
[28/Oct/2025:18:57:37 -0300] 0:0:0:0:0:0:0:1 "GET /api/products/search?q=microfono HTTP/1.1" 200 790 37471
[28/Oct/2025:18:57:37 -0300] 0:0:0:0:0:0:0:1 "GET /api/categories HTTP/1.1" 200 181 31754
[28/Oct/2025:18:57:37 -0300] 0:0:0:0:0:0:0:1 "GET /api/categories HTTP/1.1" 200 181 29775
[28/Oct/2025:18:57:38 -0300] 0:0:0:0:0:0:0:1 "GET /api/products/search?q=microfono HTTP/1.1" 200 790 35791
[28/Oct/2025:18:57:38 -0300] 0:0:0:0:0:0:0:1 "GET /api/categories HTTP/1.1" 200 181 32685
[28/Oct/2025:18:57:38 -0300] 0:0:0:0:0:0:0:1 "GET /api/categories HTTP/1.1" 200 181 29063
[28/Oct/2025:18:58:05 -0300] 0:0:0:0:0:0:0:1 "OPTIONS /api/products/search?q=microfono HTTP/1.1" 200 - 2504
[28/Oct/2025:18:58:05 -0300] 0:0:0:0:0:0:0:1 "GET /api/products/search?q=microfono HTTP/1.1" 200 790 36976
[28/Oct/2025:18:58:05 -0300] 0:0:0:0:0:0:0:1 "OPTIONS /api/categories HTTP/1.1" 200 - 2257
[28/Oct/2025:18:58:05 -0300] 0:0:0:0:0:0:0:1 "OPTIONS /api/categories HTTP/1.1" 200 - 2020
[28/Oct/2025:18:58:05 -0300] 0:0:0:0:0:0:0:1 "GET /api/categories HTTP/1.1" 200 181 32244
[28/Oct/2025:18:58:05 -0300] 0:0:0:0:0:0:0:1 "GET /api/categories HTTP/1.1" 200 181 31397
[28/Oct/2025:18:58:09 -0300] 0:0:0:0:0:0:0:1 "GET /api/products/search?q=microfono HTTP/1.1" 200 790 37570
[28/Oct/2025:18:58:09 -0300] 0:0:0:0:0:0:0:1 "GET /api/categories HTTP/1.1" 200 181 32429
[28/Oct/2025:18:58:09 -0300] 0:0:0:0:0:0:0:1 "GET /api/categories HTTP/1.1" 200 181 31457
[28/Oct/2025:18:58:11 -0300] 0:0:0:0:0:0:0:1 "OPTIONS /api/products/search?q=microfono HTTP/1.1" 200 - 3244
[28/Oct/2025:18:58:11 -0300] 0:0:0:0:0:0:0:1 "GET /api/products/search?q=microfono HTTP/1.1" 200 790 36756
[28/Oct/2025:18:58:11 -0300] 0:0:0:0:0:0:0:1 "OPTIONS /api/categories HTTP/1.1" 200 - 3573
[28/Oct/2025:18:58:11 -0300] 0:0:0:0:0:0:0:1 "OPTIONS /api/categories HTTP/1.1" 200 - 2943
[28/Oct/2025:18:58:11 -0300] 0:0:0:0:0:0:0:1 "GET /api/categories HTTP/1.1" 200 181 35666
[28/Oct/2025:18:58:11 -0300] 0:0:0:0:0:0:0:1 "GET /api/categories HTTP/1.1" 200 181 31737
[28/Oct/2025:18:58:35 -0300] 0:0:0:0:0:0:0:1 "OPTIONS /api/categories HTTP/1.1" 200 - 1975
[28/Oct/2025:18:58:35 -0300] 0:0:0:0:0:0:0:1 "OPTIONS /api/products/search?categoria=Computadoras HTTP/1.1" 200 - 1373
[28/Oct/2025:18:58:35 -0300] 0:0:0:0:0:0:0:1 "OPTIONS /api/categories HTTP/1.1" 200 - 1572
[28/Oct/2025:18:58:35 -0300] 0:0:0:0:0:0:0:1 "OPTIONS /api/products/search?categoria=Computadoras HTTP/1.1" 200 - 1487
[28/Oct/2025:18:58:35 -0300] 0:0:0:0:0:0:0:1 "GET /api/categories HTTP/1.1" 200 181 28014
[28/Oct/2025:18:58:35 -0300] 0:0:0:0:0:0:0:1 "GET /api/products/search?categoria=Computadoras HTTP/1.1" 200 290 31038
[28/Oct/2025:18:58:35 -0300] 0:0:0:0:0:0:0:1 "GET /api/categories HTTP/1.1" 200 181 33193
[28/Oct/2025:18:58:35 -0300] 0:0:0:0:0:0:0:1 "GET /api/products/search?categoria=Computadoras HTTP/1.1" 200 290 37425
[28/Oct/2025:18:58:42 -0300] 0:0:0:0:0:0:0:1 "OPTIONS /api/categories HTTP/1.1" 200 - 1952
[28/Oct/2025:18:58:42 -0300] 0:0:0:0:0:0:0:1 "GET /api/categories HTTP/1.1" 200 181 10277
[28/Oct/2025:18:58:42 -0300] 0:0:0:0:0:0:0:1 "GET /api/categories HTTP/1.1" 200 181 22696
[28/Oct/2025:18:58:47 -0300] 0:0:0:0:0:0:0:1 "OPTIONS /api/categories HTTP/1.1" 200 - 2242
[28/Oct/2025:18:58:47 -0300] 0:0:0:0:0:0:0:1 "OPTIONS /api/categories HTTP/1.1" 200 - 2020
[28/Oct/2025:18:58:47 -0300] 0:0:0:0:0:0:0:1 "GET /api/categories HTTP/1.1" 200 181 33597
[28/Oct/2025:18:58:47 -0300] 0:0:0:0:0:0:0:1 "GET /api/categories HTTP/1.1" 200 181 32929
[28/Oct/2025:18:58:50 -0300] 0:0:0:0:0:0:0:1 "OPTIONS /api/productos HTTP/1.1" 200 - 10560
[28/Oct/2025:18:58:50 -0300] 0:0:0:0:0:0:0:1 "OPTIONS /api/productos HTTP/1.1" 200 - 10128
[28/Oct/2025:18:58:50 -0300] 0:0:0:0:0:0:0:1 "GET /api/categories HTTP/1.1" 200 181 28456
[28/Oct/2025:18:58:50 -0300] 0:0:0:0:0:0:0:1 "GET /api/categories HTTP/1.1" 200 181 31961
[28/Oct/2025:18:58:50 -0300] 0:0:0:0:0:0:0:1 "GET /api/productos HTTP/1.1" 401 - 58997
[28/Oct/2025:18:58:50 -0300] 0:0:0:0:0:0:0:1 "GET /api/productos HTTP/1.1" 401 - 24197
[28/Oct/2025:18:58:53 -0300] 0:0:0:0:0:0:0:1 "OPTIONS /api/categories HTTP/1.1" 200 - 1603
[28/Oct/2025:18:58:53 -0300] 0:0:0:0:0:0:0:1 "GET /api/categories HTTP/1.1" 200 181 10050
[28/Oct/2025:18:58:53 -0300] 0:0:0:0:0:0:0:1 "GET /api/categories HTTP/1.1" 200 181 24958
[28/Oct/2025:18:58:57 -0300] 0:0:0:0:0:0:0:1 "OPTIONS /api/products/search?q=silla HTTP/1.1" 200 - 1408
[28/Oct/2025:18:58:57 -0300] 0:0:0:0:0:0:0:1 "OPTIONS /api/products/search?q=silla HTTP/1.1" 200 - 1707
[28/Oct/2025:18:58:57 -0300] 0:0:0:0:0:0:0:1 "GET /api/products/search?q=silla HTTP/1.1" 200 541 23944
[28/Oct/2025:18:58:57 -0300] 0:0:0:0:0:0:0:1 "GET /api/products/search?q=silla HTTP/1.1" 200 541 22377
[28/Oct/2025:18:58:57 -0300] 0:0:0:0:0:0:0:1 "GET /api/categories HTTP/1.1" 200 181 19170
[28/Oct/2025:18:58:57 -0300] 0:0:0:0:0:0:0:1 "GET /api/categories HTTP/1.1" 200 181 21017
[28/Oct/2025:18:59:03 -0300] 0:0:0:0:0:0:0:1 "OPTIONS /api/products/search?categoria=Perif%C3%A9ricos HTTP/1.1" 200 - 1938
[28/Oct/2025:18:59:03 -0300] 0:0:0:0:0:0:0:1 "OPTIONS /api/categories HTTP/1.1" 200 - 1854
[28/Oct/2025:18:59:03 -0300] 0:0:0:0:0:0:0:1 "OPTIONS /api/products/search?categoria=Perif%C3%A9ricos HTTP/1.1" 200 - 1826
[28/Oct/2025:18:59:03 -0300] 0:0:0:0:0:0:0:1 "OPTIONS /api/categories HTTP/1.1" 200 - 2385
[28/Oct/2025:18:59:03 -0300] 0:0:0:0:0:0:0:1 "GET /api/categories HTTP/1.1" 200 181 34176
[28/Oct/2025:18:59:03 -0300] 0:0:0:0:0:0:0:1 "GET /api/products/search?categoria=Perif%C3%A9ricos HTTP/1.1" 200 600 36677
[28/Oct/2025:18:59:03 -0300] 0:0:0:0:0:0:0:1 "GET /api/categories HTTP/1.1" 200 181 30019
[28/Oct/2025:18:59:03 -0300] 0:0:0:0:0:0:0:1 "GET /api/products/search?categoria=Perif%C3%A9ricos HTTP/1.1" 200 600 37131
[28/Oct/2025:19:00:09 -0300] 0:0:0:0:0:0:0:1 "OPTIONS /api/auth/login HTTP/1.1" 200 - 1469
[28/Oct/2025:19:00:10 -0300] 0:0:0:0:0:0:0:1 "POST /api/auth/login HTTP/1.1" 200 293 303210
