[29/Oct/2025:12:17:27 -0300] 0:0:0:0:0:0:0:1 "OPTIONS /api/products/search?q=mouse HTTP/1.1" 200 - 158391
[29/Oct/2025:12:17:27 -0300] 0:0:0:0:0:0:0:1 "OPTIONS /api/products/search?q=mouse HTTP/1.1" 200 - 158478
[29/Oct/2025:12:17:27 -0300] 0:0:0:0:0:0:0:1 "GET /api/products/search?q=mouse HTTP/1.1" 200 711 497261
[29/Oct/2025:12:17:27 -0300] 0:0:0:0:0:0:0:1 "OPTIONS /api/categories HTTP/1.1" 200 - 3926
[29/Oct/2025:12:17:27 -0300] 0:0:0:0:0:0:0:1 "OPTIONS /api/categories HTTP/1.1" 200 - 4196
[29/Oct/2025:12:17:27 -0300] 0:0:0:0:0:0:0:1 "GET /api/products/search?q=mouse HTTP/1.1" 200 711 39030
[29/Oct/2025:12:17:27 -0300] 0:0:0:0:0:0:0:1 "GET /api/categories HTTP/1.1" 200 181 39797
[29/Oct/2025:12:17:27 -0300] 0:0:0:0:0:0:0:1 "GET /api/categories HTTP/1.1" 200 181 34802
[29/Oct/2025:12:17:31 -0300] 0:0:0:0:0:0:0:1 "GET /api/categories HTTP/1.1" 200 181 17594
[29/Oct/2025:12:17:31 -0300] 0:0:0:0:0:0:0:1 "GET /api/categories HTTP/1.1" 200 181 29721
[29/Oct/2025:12:17:33 -0300] 0:0:0:0:0:0:0:1 "OPTIONS /api/categories HTTP/1.1" 200 - 3160
[29/Oct/2025:12:17:33 -0300] 0:0:0:0:0:0:0:1 "OPTIONS /api/categories HTTP/1.1" 200 - 2372
[29/Oct/2025:12:17:33 -0300] 0:0:0:0:0:0:0:1 "OPTIONS /api/products/search?categoria=Componentes HTTP/1.1" 200 - 2777
[29/Oct/2025:12:17:33 -0300] 0:0:0:0:0:0:0:1 "OPTIONS /api/products/search?categoria=Componentes HTTP/1.1" 200 - 2054
[29/Oct/2025:12:17:33 -0300] 0:0:0:0:0:0:0:1 "GET /api/categories HTTP/1.1" 200 181 44876
[29/Oct/2025:12:17:34 -0300] 0:0:0:0:0:0:0:1 "GET /api/products/search?categoria=Componentes HTTP/1.1" 200 274 54038
[29/Oct/2025:12:17:34 -0300] 0:0:0:0:0:0:0:1 "GET /api/categories HTTP/1.1" 200 181 37141
[29/Oct/2025:12:17:34 -0300] 0:0:0:0:0:0:0:1 "GET /api/products/search?categoria=Componentes HTTP/1.1" 200 274 48211
[29/Oct/2025:12:17:35 -0300] 0:0:0:0:0:0:0:1 "GET /api/categories HTTP/1.1" 200 181 40881
[29/Oct/2025:12:17:35 -0300] 0:0:0:0:0:0:0:1 "GET /api/categories HTTP/1.1" 200 181 38239
[29/Oct/2025:12:17:36 -0300] 0:0:0:0:0:0:0:1 "GET /api/categories HTTP/1.1" 200 181 15258
[29/Oct/2025:12:17:36 -0300] 0:0:0:0:0:0:0:1 "GET /api/categories HTTP/1.1" 200 181 14820
[29/Oct/2025:12:17:40 -0300] 0:0:0:0:0:0:0:1 "GET /api/categories HTTP/1.1" 200 181 12491
[29/Oct/2025:12:17:40 -0300] 0:0:0:0:0:0:0:1 "GET /api/products/3 HTTP/1.1" 200 320 22981
[29/Oct/2025:12:17:40 -0300] 0:0:0:0:0:0:0:1 "GET /api/categories HTTP/1.1" 200 181 10870
[29/Oct/2025:12:17:40 -0300] 0:0:0:0:0:0:0:1 "GET /api/products/3 HTTP/1.1" 200 320 9957
[29/Oct/2025:12:17:46 -0300] 0:0:0:0:0:0:0:1 "GET /api/categories HTTP/1.1" 200 181 11593
[29/Oct/2025:12:17:46 -0300] 0:0:0:0:0:0:0:1 "GET /api/categories HTTP/1.1" 200 181 11422
[29/Oct/2025:12:17:52 -0300] 0:0:0:0:0:0:0:1 "OPTIONS /api/auth/login HTTP/1.1" 200 - 2823
[29/Oct/2025:12:17:52 -0300] 0:0:0:0:0:0:0:1 "POST /api/auth/login HTTP/1.1" 200 306 525780
[29/Oct/2025:12:17:52 -0300] 0:0:0:0:0:0:0:1 "OPTIONS /api/categories HTTP/1.1" 200 - 3130
[29/Oct/2025:12:17:52 -0300] 0:0:0:0:0:0:0:1 "OPTIONS /api/categories HTTP/1.1" 200 - 3337
[29/Oct/2025:12:17:52 -0300] 0:0:0:0:0:0:0:1 "GET /api/categories HTTP/1.1" 200 181 34322
[29/Oct/2025:12:17:52 -0300] 0:0:0:0:0:0:0:1 "GET /api/categories HTTP/1.1" 200 181 30915
[29/Oct/2025:12:17:59 -0300] 0:0:0:0:0:0:0:1 "OPTIONS /api/categories HTTP/1.1" 200 - 3007
[29/Oct/2025:12:17:59 -0300] 0:0:0:0:0:0:0:1 "OPTIONS /api/categories HTTP/1.1" 200 - 3566
[29/Oct/2025:12:17:59 -0300] 0:0:0:0:0:0:0:1 "GET /api/categories HTTP/1.1" 200 181 41589
[29/Oct/2025:12:17:59 -0300] 0:0:0:0:0:0:0:1 "GET /api/categories HTTP/1.1" 200 181 36940
[29/Oct/2025:12:18:02 -0300] 0:0:0:0:0:0:0:1 "GET /api/categories HTTP/1.1" 200 181 17081
[29/Oct/2025:12:18:02 -0300] 0:0:0:0:0:0:0:1 "GET /api/categories HTTP/1.1" 200 181 31446
[29/Oct/2025:12:18:03 -0300] 0:0:0:0:0:0:0:1 "OPTIONS /api/products/8 HTTP/1.1" 200 - 2326
[29/Oct/2025:12:18:03 -0300] 0:0:0:0:0:0:0:1 "OPTIONS /api/products/8 HTTP/1.1" 200 - 2442
[29/Oct/2025:12:18:03 -0300] 0:0:0:0:0:0:0:1 "GET /api/categories HTTP/1.1" 200 181 35974
[29/Oct/2025:12:18:03 -0300] 0:0:0:0:0:0:0:1 "GET /api/products/8 HTTP/1.1" 200 228 32233
[29/Oct/2025:12:18:03 -0300] 0:0:0:0:0:0:0:1 "GET /api/categories HTTP/1.1" 200 181 31578
[29/Oct/2025:12:18:03 -0300] 0:0:0:0:0:0:0:1 "GET /api/products/8 HTTP/1.1" 200 228 30975
[29/Oct/2025:12:18:04 -0300] 0:0:0:0:0:0:0:1 "GET /api/categories HTTP/1.1" 200 181 37967
[29/Oct/2025:12:18:04 -0300] 0:0:0:0:0:0:0:1 "GET /api/categories HTTP/1.1" 200 181 42990
[29/Oct/2025:12:18:10 -0300] 0:0:0:0:0:0:0:1 "OPTIONS /api/products/search?q=mouse HTTP/1.1" 200 - 1847
[29/Oct/2025:12:18:10 -0300] 0:0:0:0:0:0:0:1 "OPTIONS /api/products/search?q=mouse HTTP/1.1" 200 - 2280
[29/Oct/2025:12:18:10 -0300] 0:0:0:0:0:0:0:1 "GET /api/products/search?q=mouse HTTP/1.1" 200 711 47141
[29/Oct/2025:12:18:10 -0300] 0:0:0:0:0:0:0:1 "OPTIONS /api/categories HTTP/1.1" 200 - 1576
[29/Oct/2025:12:18:10 -0300] 0:0:0:0:0:0:0:1 "OPTIONS /api/categories HTTP/1.1" 200 - 2308
[29/Oct/2025:12:18:10 -0300] 0:0:0:0:0:0:0:1 "GET /api/products/search?q=mouse HTTP/1.1" 200 711 42368
[29/Oct/2025:12:18:10 -0300] 0:0:0:0:0:0:0:1 "GET /api/categories HTTP/1.1" 200 181 36267
[29/Oct/2025:12:18:10 -0300] 0:0:0:0:0:0:0:1 "GET /api/categories HTTP/1.1" 200 181 40702
[29/Oct/2025:12:18:13 -0300] 0:0:0:0:0:0:0:1 "OPTIONS /api/products/search?categoria=Computadoras HTTP/1.1" 200 - 1960
[29/Oct/2025:12:18:13 -0300] 0:0:0:0:0:0:0:1 "OPTIONS /api/products/search?categoria=Computadoras HTTP/1.1" 200 - 2116
[29/Oct/2025:12:18:13 -0300] 0:0:0:0:0:0:0:1 "GET /api/categories HTTP/1.1" 200 181 29258
[29/Oct/2025:12:18:13 -0300] 0:0:0:0:0:0:0:1 "GET /api/products/search?categoria=Computadoras HTTP/1.1" 200 290 35155
[29/Oct/2025:12:18:13 -0300] 0:0:0:0:0:0:0:1 "GET /api/categories HTTP/1.1" 200 181 34403
[29/Oct/2025:12:18:13 -0300] 0:0:0:0:0:0:0:1 "GET /api/products/search?categoria=Computadoras HTTP/1.1" 200 290 38771
[29/Oct/2025:12:18:17 -0300] 0:0:0:0:0:0:0:1 "OPTIONS /api/categories HTTP/1.1" 200 - 1742
[29/Oct/2025:12:18:17 -0300] 0:0:0:0:0:0:0:1 "OPTIONS /api/categories HTTP/1.1" 200 - 1842
[29/Oct/2025:12:18:17 -0300] 0:0:0:0:0:0:0:1 "OPTIONS /api/productos HTTP/1.1" 200 - 21893
[29/Oct/2025:12:18:17 -0300] 0:0:0:0:0:0:0:1 "OPTIONS /api/productos HTTP/1.1" 200 - 22324
[29/Oct/2025:12:18:17 -0300] 0:0:0:0:0:0:0:1 "GET /api/categories HTTP/1.1" 200 181 25555
[29/Oct/2025:12:18:17 -0300] 0:0:0:0:0:0:0:1 "GET /api/categories HTTP/1.1" 200 181 25498
[29/Oct/2025:12:18:17 -0300] 0:0:0:0:0:0:0:1 "GET /api/productos HTTP/1.1" 401 - 46987
[29/Oct/2025:12:18:17 -0300] 0:0:0:0:0:0:0:1 "GET /api/productos HTTP/1.1" 401 - 18683
[29/Oct/2025:12:18:21 -0300] 0:0:0:0:0:0:0:1 "GET /api/productos HTTP/1.1" 401 - 21978
[29/Oct/2025:12:18:21 -0300] 0:0:0:0:0:0:0:1 "GET /api/categories HTTP/1.1" 200 181 29211
[29/Oct/2025:12:18:21 -0300] 0:0:0:0:0:0:0:1 "GET /api/productos HTTP/1.1" 401 - 25475
[29/Oct/2025:12:18:21 -0300] 0:0:0:0:0:0:0:1 "GET /api/categories HTTP/1.1" 200 181 40783
[29/Oct/2025:12:18:22 -0300] 0:0:0:0:0:0:0:1 "OPTIONS /api/categories HTTP/1.1" 200 - 2473
[29/Oct/2025:12:18:22 -0300] 0:0:0:0:0:0:0:1 "GET /api/categories HTTP/1.1" 200 181 14812
[29/Oct/2025:12:18:22 -0300] 0:0:0:0:0:0:0:1 "GET /api/categories HTTP/1.1" 200 181 29892
[29/Oct/2025:12:18:42 -0300] 0:0:0:0:0:0:0:1 "OPTIONS /api/auth/login HTTP/1.1" 200 - 1848
[29/Oct/2025:12:18:42 -0300] 0:0:0:0:0:0:0:1 "POST /api/auth/login HTTP/1.1" 200 293 122907
[29/Oct/2025:12:19:09 -0300] 0:0:0:0:0:0:0:1 "GET /api/categories HTTP/1.1" 200 181 8659
[29/Oct/2025:12:19:09 -0300] 0:0:0:0:0:0:0:1 "GET /api/categories HTTP/1.1" 200 181 8356
[29/Oct/2025:12:24:27 -0300] 0:0:0:0:0:0:0:1 "OPTIONS /api/auth/login HTTP/1.1" 200 - 3143
[29/Oct/2025:12:24:27 -0300] 0:0:0:0:0:0:0:1 "POST /api/auth/login HTTP/1.1" 200 306 273311
[29/Oct/2025:12:24:28 -0300] 0:0:0:0:0:0:0:1 "OPTIONS /api/categories HTTP/1.1" 200 - 2509
[29/Oct/2025:12:24:28 -0300] 0:0:0:0:0:0:0:1 "OPTIONS /api/categories HTTP/1.1" 200 - 2384
[29/Oct/2025:12:24:28 -0300] 0:0:0:0:0:0:0:1 "GET /api/categories HTTP/1.1" 200 181 36980
[29/Oct/2025:12:24:28 -0300] 0:0:0:0:0:0:0:1 "GET /api/categories HTTP/1.1" 200 181 36874
[29/Oct/2025:12:24:29 -0300] 0:0:0:0:0:0:0:1 "OPTIONS /api/auth/perfil HTTP/1.1" 200 - 3040
[29/Oct/2025:12:24:29 -0300] 0:0:0:0:0:0:0:1 "OPTIONS /api/auth/perfil HTTP/1.1" 200 - 2226
[29/Oct/2025:12:24:29 -0300] 0:0:0:0:0:0:0:1 "GET /api/auth/perfil HTTP/1.1" 401 - 10469
[29/Oct/2025:12:24:29 -0300] 0:0:0:0:0:0:0:1 "GET /api/auth/perfil HTTP/1.1" 401 - 8062
[29/Oct/2025:12:24:29 -0300] 0:0:0:0:0:0:0:1 "GET /api/categories HTTP/1.1" 200 181 32327
[29/Oct/2025:12:24:29 -0300] 0:0:0:0:0:0:0:1 "GET /api/categories HTTP/1.1" 200 181 32178
[29/Oct/2025:13:32:05 -0300] 0:0:0:0:0:0:0:1 "GET /api/products/search?q=mousepad HTTP/1.1" 200 250 360529
[29/Oct/2025:13:32:05 -0300] 0:0:0:0:0:0:0:1 "GET /api/products/search?q=mousepad HTTP/1.1" 200 250 18165
[29/Oct/2025:13:32:05 -0300] 0:0:0:0:0:0:0:1 "GET /api/categories HTTP/1.1" 200 181 19191
[29/Oct/2025:13:32:05 -0300] 0:0:0:0:0:0:0:1 "GET /api/categories HTTP/1.1" 200 181 16566
[29/Oct/2025:13:32:07 -0300] 0:0:0:0:0:0:0:1 "GET /api/categories HTTP/1.1" 200 181 13194
[29/Oct/2025:13:32:07 -0300] 0:0:0:0:0:0:0:1 "GET /api/categories HTTP/1.1" 200 181 13367
[29/Oct/2025:13:32:14 -0300] 0:0:0:0:0:0:0:1 "OPTIONS /api/auth/login HTTP/1.1" 200 - 4496
[29/Oct/2025:13:32:15 -0300] 0:0:0:0:0:0:0:1 "POST /api/auth/login HTTP/1.1" 200 306 652769
[29/Oct/2025:13:32:15 -0300] 0:0:0:0:0:0:0:1 "OPTIONS /api/categories HTTP/1.1" 200 - 2613
[29/Oct/2025:13:32:15 -0300] 0:0:0:0:0:0:0:1 "OPTIONS /api/categories HTTP/1.1" 200 - 2818
[29/Oct/2025:13:32:15 -0300] 0:0:0:0:0:0:0:1 "GET /api/categories HTTP/1.1" 200 181 76870
[29/Oct/2025:13:32:15 -0300] 0:0:0:0:0:0:0:1 "GET /api/categories HTTP/1.1" 200 181 39267
[29/Oct/2025:13:32:16 -0300] 0:0:0:0:0:0:0:1 "OPTIONS /api/auth/perfil HTTP/1.1" 200 - 2952
[29/Oct/2025:13:32:16 -0300] 0:0:0:0:0:0:0:1 "OPTIONS /api/auth/perfil HTTP/1.1" 200 - 3887
[29/Oct/2025:13:32:16 -0300] 0:0:0:0:0:0:0:1 "GET /api/categories HTTP/1.1" 200 181 36483
[29/Oct/2025:13:32:16 -0300] 0:0:0:0:0:0:0:1 "GET /api/auth/perfil HTTP/1.1" 401 - 59528
[29/Oct/2025:13:32:16 -0300] 0:0:0:0:0:0:0:1 "GET /api/categories HTTP/1.1" 200 181 34676
[29/Oct/2025:13:32:16 -0300] 0:0:0:0:0:0:0:1 "GET /api/auth/perfil HTTP/1.1" 401 - 12934
[29/Oct/2025:13:32:19 -0300] 0:0:0:0:0:0:0:1 "OPTIONS /api/auth/login HTTP/1.1" 200 - 3681
[29/Oct/2025:13:32:20 -0300] 0:0:0:0:0:0:0:1 "POST /api/auth/login HTTP/1.1" 200 306 226565
[29/Oct/2025:13:32:20 -0300] 0:0:0:0:0:0:0:1 "OPTIONS /api/categories HTTP/1.1" 200 - 1654
[29/Oct/2025:13:32:20 -0300] 0:0:0:0:0:0:0:1 "OPTIONS /api/categories HTTP/1.1" 200 - 2861
[29/Oct/2025:13:32:20 -0300] 0:0:0:0:0:0:0:1 "GET /api/categories HTTP/1.1" 200 181 31403
[29/Oct/2025:13:32:20 -0300] 0:0:0:0:0:0:0:1 "GET /api/categories HTTP/1.1" 200 181 29286
[29/Oct/2025:13:32:21 -0300] 0:0:0:0:0:0:0:1 "OPTIONS /api/auth/perfil HTTP/1.1" 200 - 1351
[29/Oct/2025:13:32:21 -0300] 0:0:0:0:0:0:0:1 "OPTIONS /api/auth/perfil HTTP/1.1" 200 - 2369
[29/Oct/2025:13:32:21 -0300] 0:0:0:0:0:0:0:1 "GET /api/auth/perfil HTTP/1.1" 401 - 13180
[29/Oct/2025:13:32:21 -0300] 0:0:0:0:0:0:0:1 "GET /api/categories HTTP/1.1" 200 181 28906
[29/Oct/2025:13:32:21 -0300] 0:0:0:0:0:0:0:1 "GET /api/auth/perfil HTTP/1.1" 401 - 11231
[29/Oct/2025:13:32:21 -0300] 0:0:0:0:0:0:0:1 "GET /api/categories HTTP/1.1" 200 181 27011
[29/Oct/2025:13:38:36 -0300] 0:0:0:0:0:0:0:1 "OPTIONS /api/auth/login HTTP/1.1" 200 - 116828
[29/Oct/2025:13:38:37 -0300] 0:0:0:0:0:0:0:1 "POST /api/auth/login HTTP/1.1" 200 306 802891
[29/Oct/2025:13:38:37 -0300] 0:0:0:0:0:0:0:1 "OPTIONS /api/categories HTTP/1.1" 200 - 3270
[29/Oct/2025:13:38:37 -0300] 0:0:0:0:0:0:0:1 "OPTIONS /api/categories HTTP/1.1" 200 - 3311
[29/Oct/2025:13:38:37 -0300] 0:0:0:0:0:0:0:1 "GET /api/categories HTTP/1.1" 200 181 85788
[29/Oct/2025:13:38:37 -0300] 0:0:0:0:0:0:0:1 "GET /api/categories HTTP/1.1" 200 181 30122
[29/Oct/2025:13:38:39 -0300] 0:0:0:0:0:0:0:1 "OPTIONS /api/auth/perfil HTTP/1.1" 200 - 2722
[29/Oct/2025:13:38:39 -0300] 0:0:0:0:0:0:0:1 "OPTIONS /api/auth/perfil HTTP/1.1" 200 - 2219
[29/Oct/2025:13:38:39 -0300] 0:0:0:0:0:0:0:1 "GET /api/auth/perfil HTTP/1.1" 401 - 25616
[29/Oct/2025:13:38:39 -0300] 0:0:0:0:0:0:0:1 "GET /api/categories HTTP/1.1" 200 181 33517
[29/Oct/2025:13:38:39 -0300] 0:0:0:0:0:0:0:1 "GET /api/auth/perfil HTTP/1.1" 401 - 5271
[29/Oct/2025:13:38:39 -0300] 0:0:0:0:0:0:0:1 "GET /api/categories HTTP/1.1" 200 181 37056
[29/Oct/2025:13:38:43 -0300] 0:0:0:0:0:0:0:1 "OPTIONS /api/auth/login HTTP/1.1" 200 - 3933
[29/Oct/2025:13:38:43 -0300] 0:0:0:0:0:0:0:1 "POST /api/auth/login HTTP/1.1" 200 306 222064
[29/Oct/2025:13:38:43 -0300] 0:0:0:0:0:0:0:1 "OPTIONS /api/categories HTTP/1.1" 200 - 1986
[29/Oct/2025:13:38:43 -0300] 0:0:0:0:0:0:0:1 "OPTIONS /api/categories HTTP/1.1" 200 - 2729
[29/Oct/2025:13:38:43 -0300] 0:0:0:0:0:0:0:1 "GET /api/categories HTTP/1.1" 200 181 29061
[29/Oct/2025:13:38:43 -0300] 0:0:0:0:0:0:0:1 "GET /api/categories HTTP/1.1" 200 181 33044
[29/Oct/2025:13:40:46 -0300] 0:0:0:0:0:0:0:1 "OPTIONS /api/categories HTTP/1.1" 200 - 50520
[29/Oct/2025:13:40:46 -0300] 0:0:0:0:0:0:0:1 "OPTIONS /api/categories HTTP/1.1" 200 - 170266
[29/Oct/2025:13:40:46 -0300] 0:0:0:0:0:0:0:1 "OPTIONS /api/categories HTTP/1.1" 200 - 49484
[29/Oct/2025:13:40:46 -0300] 0:0:0:0:0:0:0:1 "OPTIONS /api/categories HTTP/1.1" 200 - 170282
[29/Oct/2025:13:40:46 -0300] 0:0:0:0:0:0:0:1 "GET /api/categories HTTP/1.1" 200 181 402305
[29/Oct/2025:13:40:46 -0300] 0:0:0:0:0:0:0:1 "GET /api/categories HTTP/1.1" 200 181 47056
[29/Oct/2025:13:40:47 -0300] 0:0:0:0:0:0:0:1 "GET /api/categories HTTP/1.1" 200 181 40882
[29/Oct/2025:13:40:47 -0300] 0:0:0:0:0:0:0:1 "GET /api/categories HTTP/1.1" 200 181 42543
[29/Oct/2025:13:40:49 -0300] 0:0:0:0:0:0:0:1 "OPTIONS /api/auth/perfil HTTP/1.1" 200 - 2723
[29/Oct/2025:13:40:49 -0300] 0:0:0:0:0:0:0:1 "OPTIONS /api/auth/perfil HTTP/1.1" 200 - 2840
[29/Oct/2025:13:40:49 -0300] 0:0:0:0:0:0:0:1 "GET /api/auth/perfil HTTP/1.1" 401 - 21828
[29/Oct/2025:13:40:49 -0300] 0:0:0:0:0:0:0:1 "GET /api/auth/perfil HTTP/1.1" 401 - 5555
[29/Oct/2025:13:40:49 -0300] 0:0:0:0:0:0:0:1 "GET /api/categories HTTP/1.1" 200 181 40603
[29/Oct/2025:13:40:49 -0300] 0:0:0:0:0:0:0:1 "GET /api/categories HTTP/1.1" 200 181 36261
[29/Oct/2025:13:40:52 -0300] 0:0:0:0:0:0:0:1 "OPTIONS /api/auth/login HTTP/1.1" 200 - 3627
[29/Oct/2025:13:40:53 -0300] 0:0:0:0:0:0:0:1 "POST /api/auth/login HTTP/1.1" 200 306 529988
[29/Oct/2025:13:40:53 -0300] 0:0:0:0:0:0:0:1 "OPTIONS /api/categories HTTP/1.1" 200 - 1636
[29/Oct/2025:13:40:53 -0300] 0:0:0:0:0:0:0:1 "OPTIONS /api/categories HTTP/1.1" 200 - 2019
[29/Oct/2025:13:40:53 -0300] 0:0:0:0:0:0:0:1 "GET /api/categories HTTP/1.1" 200 181 27855
[29/Oct/2025:13:40:53 -0300] 0:0:0:0:0:0:0:1 "GET /api/categories HTTP/1.1" 200 181 29793
[29/Oct/2025:13:40:54 -0300] 0:0:0:0:0:0:0:1 "GET /api/auth/perfil HTTP/1.1" 401 - 5011
[29/Oct/2025:13:40:54 -0300] 0:0:0:0:0:0:0:1 "GET /api/auth/perfil HTTP/1.1" 401 - 5510
[29/Oct/2025:13:40:54 -0300] 0:0:0:0:0:0:0:1 "GET /api/categories HTTP/1.1" 200 181 37324
[29/Oct/2025:13:40:54 -0300] 0:0:0:0:0:0:0:1 "GET /api/categories HTTP/1.1" 200 181 30218
[29/Oct/2025:13:41:16 -0300] 0:0:0:0:0:0:0:1 "OPTIONS /api/auth/register HTTP/1.1" 200 - 3178
[29/Oct/2025:13:41:16 -0300] 0:0:0:0:0:0:0:1 "POST /api/auth/register HTTP/1.1" 200 34 385313
[29/Oct/2025:13:41:16 -0300] 0:0:0:0:0:0:0:1 "OPTIONS /api/auth/login HTTP/1.1" 200 - 2231
[29/Oct/2025:13:41:16 -0300] 0:0:0:0:0:0:0:1 "POST /api/auth/login HTTP/1.1" 200 292 218589
[29/Oct/2025:13:41:17 -0300] 0:0:0:0:0:0:0:1 "OPTIONS /api/categories HTTP/1.1" 200 - 1892
[29/Oct/2025:13:41:17 -0300] 0:0:0:0:0:0:0:1 "OPTIONS /api/categories HTTP/1.1" 200 - 2114
[29/Oct/2025:13:41:17 -0300] 0:0:0:0:0:0:0:1 "GET /api/categories HTTP/1.1" 200 181 30913
[29/Oct/2025:13:41:17 -0300] 0:0:0:0:0:0:0:1 "GET /api/categories HTTP/1.1" 200 181 25999
[29/Oct/2025:13:41:19 -0300] 0:0:0:0:0:0:0:1 "OPTIONS /api/auth/perfil HTTP/1.1" 200 - 2761
[29/Oct/2025:13:41:19 -0300] 0:0:0:0:0:0:0:1 "OPTIONS /api/auth/perfil HTTP/1.1" 200 - 2263
[29/Oct/2025:13:41:19 -0300] 0:0:0:0:0:0:0:1 "GET /api/auth/perfil HTTP/1.1" 401 - 4160
[29/Oct/2025:13:41:19 -0300] 0:0:0:0:0:0:0:1 "GET /api/auth/perfil HTTP/1.1" 401 - 3019
[29/Oct/2025:13:41:19 -0300] 0:0:0:0:0:0:0:1 "GET /api/categories HTTP/1.1" 200 181 28490
[29/Oct/2025:13:41:19 -0300] 0:0:0:0:0:0:0:1 "GET /api/categories HTTP/1.1" 200 181 27534
[29/Oct/2025:13:41:27 -0300] 0:0:0:0:0:0:0:1 "OPTIONS /api/auth/login HTTP/1.1" 200 - 2332
[29/Oct/2025:13:41:28 -0300] 0:0:0:0:0:0:0:1 "POST /api/auth/login HTTP/1.1" 200 292 227039
[29/Oct/2025:13:41:28 -0300] 0:0:0:0:0:0:0:1 "OPTIONS /api/categories HTTP/1.1" 200 - 1799
[29/Oct/2025:13:41:28 -0300] 0:0:0:0:0:0:0:1 "OPTIONS /api/categories HTTP/1.1" 200 - 1770
[29/Oct/2025:13:41:28 -0300] 0:0:0:0:0:0:0:1 "GET /api/categories HTTP/1.1" 200 181 28506
[29/Oct/2025:13:41:28 -0300] 0:0:0:0:0:0:0:1 "GET /api/categories HTTP/1.1" 200 181 26476
[29/Oct/2025:13:44:22 -0300] 0:0:0:0:0:0:0:1 "OPTIONS /api/categories HTTP/1.1" 200 - 163502
[29/Oct/2025:13:44:22 -0300] 0:0:0:0:0:0:0:1 "OPTIONS /api/categories HTTP/1.1" 200 - 163504
[29/Oct/2025:13:44:23 -0300] 0:0:0:0:0:0:0:1 "GET /api/categories HTTP/1.1" 200 181 413170
[29/Oct/2025:13:44:23 -0300] 0:0:0:0:0:0:0:1 "GET /api/categories HTTP/1.1" 200 181 42388
[29/Oct/2025:13:44:30 -0300] 0:0:0:0:0:0:0:1 "OPTIONS /api/auth/perfil HTTP/1.1" 200 - 2960
[29/Oct/2025:13:44:30 -0300] 0:0:0:0:0:0:0:1 "OPTIONS /api/categories HTTP/1.1" 200 - 3605
[29/Oct/2025:13:44:30 -0300] 0:0:0:0:0:0:0:1 "OPTIONS /api/categories HTTP/1.1" 200 - 3407
[29/Oct/2025:13:44:30 -0300] 0:0:0:0:0:0:0:1 "OPTIONS /api/auth/perfil HTTP/1.1" 200 - 2944
[29/Oct/2025:13:44:30 -0300] 0:0:0:0:0:0:0:1 "GET /api/auth/perfil HTTP/1.1" 401 - 22445
[29/Oct/2025:13:44:30 -0300] 0:0:0:0:0:0:0:1 "GET /api/auth/perfil HTTP/1.1" 401 - 5840
[29/Oct/2025:13:44:30 -0300] 0:0:0:0:0:0:0:1 "GET /api/categories HTTP/1.1" 200 181 35937
[29/Oct/2025:13:44:30 -0300] 0:0:0:0:0:0:0:1 "GET /api/categories HTTP/1.1" 200 181 35123
[29/Oct/2025:13:44:34 -0300] 0:0:0:0:0:0:0:1 "OPTIONS /api/auth/login HTTP/1.1" 200 - 3248
[29/Oct/2025:13:44:34 -0300] 0:0:0:0:0:0:0:1 "POST /api/auth/login HTTP/1.1" 200 292 536845
[29/Oct/2025:13:44:34 -0300] 0:0:0:0:0:0:0:1 "GET /api/categories HTTP/1.1" 200 181 26584
[29/Oct/2025:13:44:34 -0300] 0:0:0:0:0:0:0:1 "GET /api/categories HTTP/1.1" 200 181 29874
[29/Oct/2025:13:44:35 -0300] 0:0:0:0:0:0:0:1 "OPTIONS /api/auth/perfil HTTP/1.1" 200 - 2667
[29/Oct/2025:13:44:35 -0300] 0:0:0:0:0:0:0:1 "OPTIONS /api/categories HTTP/1.1" 200 - 3121
[29/Oct/2025:13:44:35 -0300] 0:0:0:0:0:0:0:1 "OPTIONS /api/categories HTTP/1.1" 200 - 2206
[29/Oct/2025:13:44:35 -0300] 0:0:0:0:0:0:0:1 "OPTIONS /api/auth/perfil HTTP/1.1" 200 - 2281
[29/Oct/2025:13:44:35 -0300] 0:0:0:0:0:0:0:1 "GET /api/auth/perfil HTTP/1.1" 401 - 5969
[29/Oct/2025:13:44:35 -0300] 0:0:0:0:0:0:0:1 "GET /api/auth/perfil HTTP/1.1" 401 - 3682
[29/Oct/2025:13:44:35 -0300] 0:0:0:0:0:0:0:1 "GET /api/categories HTTP/1.1" 200 181 33653
[29/Oct/2025:13:44:35 -0300] 0:0:0:0:0:0:0:1 "GET /api/categories HTTP/1.1" 200 181 38052
[29/Oct/2025:13:44:42 -0300] 0:0:0:0:0:0:0:1 "OPTIONS /api/categories HTTP/1.1" 200 - 2345
[29/Oct/2025:13:44:42 -0300] 0:0:0:0:0:0:0:1 "OPTIONS /api/auth/perfil HTTP/1.1" 200 - 2104
[29/Oct/2025:13:44:42 -0300] 0:0:0:0:0:0:0:1 "OPTIONS /api/categories HTTP/1.1" 200 - 1619
[29/Oct/2025:13:44:42 -0300] 0:0:0:0:0:0:0:1 "OPTIONS /api/auth/perfil HTTP/1.1" 200 - 1709
[29/Oct/2025:13:44:42 -0300] 0:0:0:0:0:0:0:1 "GET /api/auth/perfil HTTP/1.1" 401 - 5700
[29/Oct/2025:13:44:42 -0300] 0:0:0:0:0:0:0:1 "GET /api/auth/perfil HTTP/1.1" 401 - 18565
[29/Oct/2025:13:44:42 -0300] 0:0:0:0:0:0:0:1 "GET /api/categories HTTP/1.1" 200 181 45172
[29/Oct/2025:13:44:42 -0300] 0:0:0:0:0:0:0:1 "GET /api/categories HTTP/1.1" 200 181 29431
[29/Oct/2025:13:44:43 -0300] 0:0:0:0:0:0:0:1 "GET /api/auth/perfil HTTP/1.1" 401 - 4844
[29/Oct/2025:13:44:43 -0300] 0:0:0:0:0:0:0:1 "GET /api/auth/perfil HTTP/1.1" 401 - 4812
[29/Oct/2025:13:44:43 -0300] 0:0:0:0:0:0:0:1 "GET /api/categories HTTP/1.1" 200 181 33733
[29/Oct/2025:13:44:43 -0300] 0:0:0:0:0:0:0:1 "GET /api/categories HTTP/1.1" 200 181 32077
[29/Oct/2025:13:44:44 -0300] 0:0:0:0:0:0:0:1 "GET /api/auth/perfil HTTP/1.1" 401 - 4973
[29/Oct/2025:13:44:44 -0300] 0:0:0:0:0:0:0:1 "GET /api/auth/perfil HTTP/1.1" 401 - 4159
[29/Oct/2025:13:44:44 -0300] 0:0:0:0:0:0:0:1 "GET /api/categories HTTP/1.1" 200 181 36472
[29/Oct/2025:13:44:44 -0300] 0:0:0:0:0:0:0:1 "GET /api/categories HTTP/1.1" 200 181 28877
[29/Oct/2025:13:44:45 -0300] 0:0:0:0:0:0:0:1 "GET /api/auth/perfil HTTP/1.1" 401 - 3536
[29/Oct/2025:13:44:45 -0300] 0:0:0:0:0:0:0:1 "GET /api/auth/perfil HTTP/1.1" 401 - 4299
[29/Oct/2025:13:44:45 -0300] 0:0:0:0:0:0:0:1 "GET /api/categories HTTP/1.1" 200 181 35847
[29/Oct/2025:13:44:45 -0300] 0:0:0:0:0:0:0:1 "GET /api/categories HTTP/1.1" 200 181 28842
[29/Oct/2025:13:44:45 -0300] 0:0:0:0:0:0:0:1 "GET /api/auth/perfil HTTP/1.1" 401 - 3714
[29/Oct/2025:13:44:45 -0300] 0:0:0:0:0:0:0:1 "GET /api/auth/perfil HTTP/1.1" 401 - 5887
[29/Oct/2025:13:44:45 -0300] 0:0:0:0:0:0:0:1 "GET /api/categories HTTP/1.1" 200 181 33834
[29/Oct/2025:13:44:45 -0300] 0:0:0:0:0:0:0:1 "GET /api/categories HTTP/1.1" 200 181 32508
[29/Oct/2025:13:44:46 -0300] 0:0:0:0:0:0:0:1 "GET /api/auth/perfil HTTP/1.1" 401 - 3167
[29/Oct/2025:13:44:46 -0300] 0:0:0:0:0:0:0:1 "GET /api/auth/perfil HTTP/1.1" 401 - 3761
[29/Oct/2025:13:44:46 -0300] 0:0:0:0:0:0:0:1 "GET /api/categories HTTP/1.1" 200 181 29290
[29/Oct/2025:13:44:46 -0300] 0:0:0:0:0:0:0:1 "GET /api/categories HTTP/1.1" 200 181 29042
[29/Oct/2025:13:44:49 -0300] 0:0:0:0:0:0:0:1 "OPTIONS /api/auth/login HTTP/1.1" 200 - 2629
[29/Oct/2025:13:44:50 -0300] 0:0:0:0:0:0:0:1 "POST /api/auth/login HTTP/1.1" 200 292 228546
[29/Oct/2025:13:44:50 -0300] 0:0:0:0:0:0:0:1 "OPTIONS /api/categories HTTP/1.1" 200 - 2110
[29/Oct/2025:13:44:50 -0300] 0:0:0:0:0:0:0:1 "OPTIONS /api/categories HTTP/1.1" 200 - 2283
[29/Oct/2025:13:44:50 -0300] 0:0:0:0:0:0:0:1 "GET /api/categories HTTP/1.1" 200 181 30748
[29/Oct/2025:13:44:50 -0300] 0:0:0:0:0:0:0:1 "GET /api/categories HTTP/1.1" 200 181 27386
[29/Oct/2025:13:49:27 -0300] 0:0:0:0:0:0:0:1 "OPTIONS /api/categories HTTP/1.1" 200 - 172056
[29/Oct/2025:13:49:27 -0300] 0:0:0:0:0:0:0:1 "OPTIONS /api/categories HTTP/1.1" 200 - 172056
[29/Oct/2025:13:49:27 -0300] 0:0:0:0:0:0:0:1 "GET /api/categories HTTP/1.1" 200 181 404105
[29/Oct/2025:13:49:27 -0300] 0:0:0:0:0:0:0:1 "GET /api/categories HTTP/1.1" 200 181 37280
[29/Oct/2025:13:49:28 -0300] 0:0:0:0:0:0:0:1 "OPTIONS /api/auth/perfil HTTP/1.1" 200 - 2560
[29/Oct/2025:13:49:28 -0300] 0:0:0:0:0:0:0:1 "OPTIONS /api/auth/perfil HTTP/1.1" 200 - 2189
[29/Oct/2025:13:49:28 -0300] 0:0:0:0:0:0:0:1 "GET /api/categories HTTP/1.1" 200 181 36788
[29/Oct/2025:13:49:28 -0300] 0:0:0:0:0:0:0:1 "GET /api/auth/perfil HTTP/1.1" 200 109 40821
[29/Oct/2025:13:49:28 -0300] 0:0:0:0:0:0:0:1 "GET /api/categories HTTP/1.1" 200 181 31261
[29/Oct/2025:13:49:28 -0300] 0:0:0:0:0:0:0:1 "GET /api/auth/perfil HTTP/1.1" 200 109 27756
[29/Oct/2025:13:49:45 -0300] 0:0:0:0:0:0:0:1 "OPTIONS /api/auth/perfil HTTP/1.1" 200 - 3512
[29/Oct/2025:13:49:45 -0300] 0:0:0:0:0:0:0:1 "PUT /api/auth/perfil HTTP/1.1" 200 33 148120
[29/Oct/2025:13:49:55 -0300] 0:0:0:0:0:0:0:1 "OPTIONS /api/auth/perfil HTTP/1.1" 200 - 2968
[29/Oct/2025:13:49:55 -0300] 0:0:0:0:0:0:0:1 "PUT /api/auth/perfil HTTP/1.1" 200 33 42640
[29/Oct/2025:14:54:25 -0300] 0:0:0:0:0:0:0:1 "OPTIONS /api/categories HTTP/1.1" 200 - 53891
[29/Oct/2025:14:54:25 -0300] 0:0:0:0:0:0:0:1 "OPTIONS /api/categories HTTP/1.1" 200 - 53892
[29/Oct/2025:14:54:26 -0300] 0:0:0:0:0:0:0:1 "GET /api/categories HTTP/1.1" 200 181 141108
[29/Oct/2025:14:54:26 -0300] 0:0:0:0:0:0:0:1 "GET /api/categories HTTP/1.1" 200 181 15339
[29/Oct/2025:14:54:30 -0300] 0:0:0:0:0:0:0:1 "OPTIONS /api/auth/perfil HTTP/1.1" 200 - 4430
[29/Oct/2025:14:54:30 -0300] 0:0:0:0:0:0:0:1 "OPTIONS /api/auth/perfil HTTP/1.1" 200 - 4647
[29/Oct/2025:14:54:30 -0300] 0:0:0:0:0:0:0:1 "OPTIONS /api/api/addresses HTTP/1.1" 200 - 40983
[29/Oct/2025:14:54:30 -0300] 0:0:0:0:0:0:0:1 "OPTIONS /api/api/addresses HTTP/1.1" 200 - 37884
[29/Oct/2025:14:54:30 -0300] 0:0:0:0:0:0:0:1 "GET /api/categories HTTP/1.1" 200 181 57507
[29/Oct/2025:14:54:30 -0300] 0:0:0:0:0:0:0:1 "GET /api/categories HTTP/1.1" 200 181 24035
[29/Oct/2025:14:54:30 -0300] 0:0:0:0:0:0:0:1 "GET /api/auth/perfil HTTP/1.1" 200 126 74766
[29/Oct/2025:14:54:30 -0300] 0:0:0:0:0:0:0:1 "GET /api/api/addresses HTTP/1.1" 401 - 44674
[29/Oct/2025:14:54:30 -0300] 0:0:0:0:0:0:0:1 "GET /api/auth/perfil HTTP/1.1" 200 126 17927
[29/Oct/2025:14:54:30 -0300] 0:0:0:0:0:0:0:1 "GET /api/api/addresses HTTP/1.1" 401 - 13660
[29/Oct/2025:14:54:33 -0300] 0:0:0:0:0:0:0:1 "OPTIONS /api/auth/login HTTP/1.1" 200 - 3191
[29/Oct/2025:14:54:33 -0300] 0:0:0:0:0:0:0:1 "POST /api/auth/login HTTP/1.1" 200 292 222818
[29/Oct/2025:14:54:33 -0300] 0:0:0:0:0:0:0:1 "OPTIONS /api/categories HTTP/1.1" 200 - 1702
[29/Oct/2025:14:54:33 -0300] 0:0:0:0:0:0:0:1 "OPTIONS /api/categories HTTP/1.1" 200 - 1957
[29/Oct/2025:14:54:33 -0300] 0:0:0:0:0:0:0:1 "GET /api/categories HTTP/1.1" 200 181 14575
[29/Oct/2025:14:54:33 -0300] 0:0:0:0:0:0:0:1 "GET /api/categories HTTP/1.1" 200 181 19005
[29/Oct/2025:14:54:35 -0300] 0:0:0:0:0:0:0:1 "OPTIONS /api/auth/perfil HTTP/1.1" 200 - 1168
[29/Oct/2025:14:54:35 -0300] 0:0:0:0:0:0:0:1 "OPTIONS /api/auth/perfil HTTP/1.1" 200 - 1731
[29/Oct/2025:14:54:35 -0300] 0:0:0:0:0:0:0:1 "OPTIONS /api/api/addresses HTTP/1.1" 200 - 1485
[29/Oct/2025:14:54:35 -0300] 0:0:0:0:0:0:0:1 "OPTIONS /api/api/addresses HTTP/1.1" 200 - 1888
[29/Oct/2025:14:54:35 -0300] 0:0:0:0:0:0:0:1 "GET /api/categories HTTP/1.1" 200 181 33872
[29/Oct/2025:14:54:35 -0300] 0:0:0:0:0:0:0:1 "GET /api/auth/perfil HTTP/1.1" 200 126 29754
[29/Oct/2025:14:54:35 -0300] 0:0:0:0:0:0:0:1 "GET /api/api/addresses HTTP/1.1" 401 - 38393
[29/Oct/2025:14:54:35 -0300] 0:0:0:0:0:0:0:1 "GET /api/categories HTTP/1.1" 200 181 23097
[29/Oct/2025:14:54:35 -0300] 0:0:0:0:0:0:0:1 "GET /api/auth/perfil HTTP/1.1" 200 126 25744
[29/Oct/2025:14:54:35 -0300] 0:0:0:0:0:0:0:1 "GET /api/api/addresses HTTP/1.1" 401 - 23876
[29/Oct/2025:14:54:57 -0300] 0:0:0:0:0:0:0:1 "OPTIONS /api/auth/register HTTP/1.1" 200 - 1447
[29/Oct/2025:14:54:57 -0300] 0:0:0:0:0:0:0:1 "POST /api/auth/register HTTP/1.1" 200 34 184853
[29/Oct/2025:14:54:57 -0300] 0:0:0:0:0:0:0:1 "OPTIONS /api/auth/login HTTP/1.1" 200 - 708
[29/Oct/2025:14:54:57 -0300] 0:0:0:0:0:0:0:1 "POST /api/auth/login HTTP/1.1" 200 292 71834
[29/Oct/2025:14:54:58 -0300] 0:0:0:0:0:0:0:1 "OPTIONS /api/categories HTTP/1.1" 200 - 1058
[29/Oct/2025:14:54:58 -0300] 0:0:0:0:0:0:0:1 "OPTIONS /api/categories HTTP/1.1" 200 - 1046
[29/Oct/2025:14:54:58 -0300] 0:0:0:0:0:0:0:1 "GET /api/categories HTTP/1.1" 200 181 12933
[29/Oct/2025:14:54:58 -0300] 0:0:0:0:0:0:0:1 "GET /api/categories HTTP/1.1" 200 181 17717
[29/Oct/2025:14:55:00 -0300] 0:0:0:0:0:0:0:1 "OPTIONS /api/auth/perfil HTTP/1.1" 200 - 1348
[29/Oct/2025:14:55:00 -0300] 0:0:0:0:0:0:0:1 "OPTIONS /api/api/addresses HTTP/1.1" 200 - 2132
[29/Oct/2025:14:55:00 -0300] 0:0:0:0:0:0:0:1 "OPTIONS /api/api/addresses HTTP/1.1" 200 - 1965
[29/Oct/2025:14:55:00 -0300] 0:0:0:0:0:0:0:1 "OPTIONS /api/auth/perfil HTTP/1.1" 200 - 2526
[29/Oct/2025:14:55:00 -0300] 0:0:0:0:0:0:0:1 "GET /api/categories HTTP/1.1" 200 181 28325
[29/Oct/2025:14:55:00 -0300] 0:0:0:0:0:0:0:1 "GET /api/api/addresses HTTP/1.1" 401 - 30351
[29/Oct/2025:14:55:00 -0300] 0:0:0:0:0:0:0:1 "GET /api/auth/perfil HTTP/1.1" 200 109 34252
[29/Oct/2025:14:55:00 -0300] 0:0:0:0:0:0:0:1 "GET /api/categories HTTP/1.1" 200 181 35508
[29/Oct/2025:14:55:00 -0300] 0:0:0:0:0:0:0:1 "GET /api/api/addresses HTTP/1.1" 401 - 26071
[29/Oct/2025:14:55:00 -0300] 0:0:0:0:0:0:0:1 "GET /api/auth/perfil HTTP/1.1" 200 109 30086
[29/Oct/2025:14:55:05 -0300] 0:0:0:0:0:0:0:1 "OPTIONS /api/auth/login HTTP/1.1" 200 - 1717
[29/Oct/2025:14:55:06 -0300] 0:0:0:0:0:0:0:1 "POST /api/auth/login HTTP/1.1" 200 292 131766
[29/Oct/2025:14:55:06 -0300] 0:0:0:0:0:0:0:1 "OPTIONS /api/categories HTTP/1.1" 200 - 1268
[29/Oct/2025:14:55:06 -0300] 0:0:0:0:0:0:0:1 "OPTIONS /api/categories HTTP/1.1" 200 - 1089
[29/Oct/2025:14:55:06 -0300] 0:0:0:0:0:0:0:1 "GET /api/categories HTTP/1.1" 200 181 11998
[29/Oct/2025:14:55:06 -0300] 0:0:0:0:0:0:0:1 "GET /api/categories HTTP/1.1" 200 181 11227
[29/Oct/2025:15:20:36 -0300] 0:0:0:0:0:0:0:1 "OPTIONS /api/categories HTTP/1.1" 200 - 61391
[29/Oct/2025:15:20:36 -0300] 0:0:0:0:0:0:0:1 "OPTIONS /api/auth/perfil HTTP/1.1" 200 - 61359
[29/Oct/2025:15:20:36 -0300] 0:0:0:0:0:0:0:1 "OPTIONS /api/auth/perfil HTTP/1.1" 200 - 61488
[29/Oct/2025:15:20:36 -0300] 0:0:0:0:0:0:0:1 "OPTIONS /api/api/addresses HTTP/1.1" 200 - 61209
[29/Oct/2025:15:20:36 -0300] 0:0:0:0:0:0:0:1 "OPTIONS /api/api/addresses HTTP/1.1" 200 - 61333
[29/Oct/2025:15:20:36 -0300] 0:0:0:0:0:0:0:1 "OPTIONS /api/categories HTTP/1.1" 200 - 61399
[29/Oct/2025:15:20:36 -0300] 0:0:0:0:0:0:0:1 "GET /api/api/addresses HTTP/1.1" 401 - 97309
[29/Oct/2025:15:20:36 -0300] 0:0:0:0:0:0:0:1 "GET /api/api/addresses HTTP/1.1" 401 - 22719
[29/Oct/2025:15:20:36 -0300] 0:0:0:0:0:0:0:1 "GET /api/auth/perfil HTTP/1.1" 200 109 130756
[29/Oct/2025:15:20:36 -0300] 0:0:0:0:0:0:0:1 "GET /api/auth/perfil HTTP/1.1" 200 109 20963
[29/Oct/2025:15:20:36 -0300] 0:0:0:0:0:0:0:1 "GET /api/categories HTTP/1.1" 200 181 158318
[29/Oct/2025:15:20:36 -0300] 0:0:0:0:0:0:0:1 "GET /api/categories HTTP/1.1" 200 181 15620
[29/Oct/2025:15:20:40 -0300] 0:0:0:0:0:0:0:1 "OPTIONS /api/auth/login HTTP/1.1" 200 - 1019
[29/Oct/2025:15:20:40 -0300] 0:0:0:0:0:0:0:1 "POST /api/auth/login HTTP/1.1" 200 292 182795
[29/Oct/2025:15:20:40 -0300] 0:0:0:0:0:0:0:1 "GET /api/categories HTTP/1.1" 200 181 14297
[29/Oct/2025:15:20:40 -0300] 0:0:0:0:0:0:0:1 "GET /api/categories HTTP/1.1" 200 181 13738
[29/Oct/2025:15:20:43 -0300] 0:0:0:0:0:0:0:1 "OPTIONS /api/categories HTTP/1.1" 200 - 1891
[29/Oct/2025:15:20:43 -0300] 0:0:0:0:0:0:0:1 "OPTIONS /api/auth/perfil HTTP/1.1" 200 - 1392
[29/Oct/2025:15:20:43 -0300] 0:0:0:0:0:0:0:1 "OPTIONS /api/auth/perfil HTTP/1.1" 200 - 2249
[29/Oct/2025:15:20:43 -0300] 0:0:0:0:0:0:0:1 "OPTIONS /api/categories HTTP/1.1" 200 - 1728
[29/Oct/2025:15:20:43 -0300] 0:0:0:0:0:0:0:1 "OPTIONS /api/api/addresses HTTP/1.1" 200 - 2225
[29/Oct/2025:15:20:43 -0300] 0:0:0:0:0:0:0:1 "OPTIONS /api/api/addresses HTTP/1.1" 200 - 2404
[29/Oct/2025:15:20:43 -0300] 0:0:0:0:0:0:0:1 "GET /api/api/addresses HTTP/1.1" 401 - 24843
[29/Oct/2025:15:20:43 -0300] 0:0:0:0:0:0:0:1 "GET /api/auth/perfil HTTP/1.1" 200 109 26525
[29/Oct/2025:15:20:43 -0300] 0:0:0:0:0:0:0:1 "GET /api/categories HTTP/1.1" 200 181 29227
[29/Oct/2025:15:20:43 -0300] 0:0:0:0:0:0:0:1 "GET /api/api/addresses HTTP/1.1" 401 - 33936
[29/Oct/2025:15:20:43 -0300] 0:0:0:0:0:0:0:1 "GET /api/categories HTTP/1.1" 200 181 36500
[29/Oct/2025:15:20:43 -0300] 0:0:0:0:0:0:0:1 "GET /api/auth/perfil HTTP/1.1" 200 109 38481
[29/Oct/2025:15:34:42 -0300] 0:0:0:0:0:0:0:1 "OPTIONS /categories HTTP/1.1" 200 - 92473
[29/Oct/2025:15:34:42 -0300] 0:0:0:0:0:0:0:1 "OPTIONS /categories HTTP/1.1" 200 - 92511
[29/Oct/2025:15:34:42 -0300] 0:0:0:0:0:0:0:1 "GET /categories HTTP/1.1" 401 - 172106
[29/Oct/2025:15:34:42 -0300] 0:0:0:0:0:0:0:1 "GET /categories HTTP/1.1" 401 - 20837
[29/Oct/2025:15:34:48 -0300] 0:0:0:0:0:0:0:1 "OPTIONS /api/auth/perfil HTTP/1.1" 200 - 3611
[29/Oct/2025:15:34:48 -0300] 0:0:0:0:0:0:0:1 "OPTIONS /api/auth/perfil HTTP/1.1" 200 - 3156
[29/Oct/2025:15:34:48 -0300] 0:0:0:0:0:0:0:1 "GET /api/auth/perfil HTTP/1.1" 200 109 79765
[29/Oct/2025:15:34:48 -0300] 0:0:0:0:0:0:0:1 "GET /api/auth/perfil HTTP/1.1" 200 109 14856
[29/Oct/2025:15:34:57 -0300] 0:0:0:0:0:0:0:1 "OPTIONS /categories HTTP/1.1" 200 - 1661
[29/Oct/2025:15:34:57 -0300] 0:0:0:0:0:0:0:1 "OPTIONS /api/auth/perfil HTTP/1.1" 200 - 1661
[29/Oct/2025:15:34:57 -0300] 0:0:0:0:0:0:0:1 "OPTIONS /api/addresses HTTP/1.1" 200 - 1036
[29/Oct/2025:15:34:57 -0300] 0:0:0:0:0:0:0:1 "GET /categories HTTP/1.1" 401 - 21605
[29/Oct/2025:15:34:57 -0300] 0:0:0:0:0:0:0:1 "GET /api/auth/perfil HTTP/1.1" 200 109 26862
[29/Oct/2025:15:34:57 -0300] 0:0:0:0:0:0:0:1 "GET /api/addresses HTTP/1.1" 200 12 60167
[29/Oct/2025:15:35:22 -0300] 0:0:0:0:0:0:0:1 "OPTIONS /api/addresses HTTP/1.1" 200 - 1924
[29/Oct/2025:15:35:22 -0300] 0:0:0:0:0:0:0:1 "POST /api/addresses HTTP/1.1" 201 105 207165
[29/Oct/2025:15:35:43 -0300] 0:0:0:0:0:0:0:1 "OPTIONS /api/auth/perfil HTTP/1.1" 200 - 2251
[29/Oct/2025:15:35:43 -0300] 0:0:0:0:0:0:0:1 "PUT /api/auth/perfil HTTP/1.1" 200 33 79339
[29/Oct/2025:15:35:46 -0300] 0:0:0:0:0:0:0:1 "OPTIONS /api/addresses HTTP/1.1" 200 - 2170
[29/Oct/2025:15:35:46 -0300] 0:0:0:0:0:0:0:1 "OPTIONS /categories HTTP/1.1" 200 - 3067
[29/Oct/2025:15:35:46 -0300] 0:0:0:0:0:0:0:1 "OPTIONS /api/addresses HTTP/1.1" 200 - 1726
[29/Oct/2025:15:35:46 -0300] 0:0:0:0:0:0:0:1 "OPTIONS /categories HTTP/1.1" 200 - 2128
[29/Oct/2025:15:35:46 -0300] 0:0:0:0:0:0:0:1 "GET /api/auth/perfil HTTP/1.1" 200 122 22490
[29/Oct/2025:15:35:46 -0300] 0:0:0:0:0:0:0:1 "GET /categories HTTP/1.1" 401 - 19958
[29/Oct/2025:15:35:46 -0300] 0:0:0:0:0:0:0:1 "GET /api/addresses HTTP/1.1" 200 107 24443
[29/Oct/2025:15:35:46 -0300] 0:0:0:0:0:0:0:1 "GET /categories HTTP/1.1" 401 - 12973
[29/Oct/2025:15:35:46 -0300] 0:0:0:0:0:0:0:1 "GET /api/auth/perfil HTTP/1.1" 200 122 19899
[29/Oct/2025:15:35:46 -0300] 0:0:0:0:0:0:0:1 "GET /api/addresses HTTP/1.1" 200 107 18511
[29/Oct/2025:15:35:50 -0300] 0:0:0:0:0:0:0:1 "GET /categories HTTP/1.1" 401 - 3052
[29/Oct/2025:15:35:50 -0300] 0:0:0:0:0:0:0:1 "GET /categories HTTP/1.1" 401 - 2350
[29/Oct/2025:15:35:56 -0300] 0:0:0:0:0:0:0:1 "OPTIONS /auth/login HTTP/1.1" 200 - 2190
[29/Oct/2025:15:35:56 -0300] 0:0:0:0:0:0:0:1 "POST /auth/login HTTP/1.1" 401 - 3358
[29/Oct/2025:15:36:02 -0300] 0:0:0:0:0:0:0:1 "OPTIONS /auth/login HTTP/1.1" 200 - 1301
[29/Oct/2025:15:36:02 -0300] 0:0:0:0:0:0:0:1 "POST /auth/login HTTP/1.1" 401 - 1776
[29/Oct/2025:15:36:10 -0300] 0:0:0:0:0:0:0:1 "OPTIONS /auth/register HTTP/1.1" 200 - 2119
[29/Oct/2025:15:36:10 -0300] 0:0:0:0:0:0:0:1 "POST /auth/register HTTP/1.1" 401 - 1466
[29/Oct/2025:15:36:12 -0300] 0:0:0:0:0:0:0:1 "POST /auth/register HTTP/1.1" 401 - 3468
[29/Oct/2025:15:36:12 -0300] 0:0:0:0:0:0:0:1 "POST /auth/register HTTP/1.1" 401 - 2866
[29/Oct/2025:15:36:12 -0300] 0:0:0:0:0:0:0:1 "POST /auth/register HTTP/1.1" 401 - 1766
[29/Oct/2025:15:52:49 -0300] 0:0:0:0:0:0:0:1 "GET /categories HTTP/1.1" 401 - 69981
[29/Oct/2025:15:52:49 -0300] 0:0:0:0:0:0:0:1 "GET /categories HTTP/1.1" 401 - 4605
[29/Oct/2025:15:53:09 -0300] 0:0:0:0:0:0:0:1 "OPTIONS /auth/register HTTP/1.1" 200 - 2950
[29/Oct/2025:15:53:09 -0300] 0:0:0:0:0:0:0:1 "POST /auth/register HTTP/1.1" 401 - 4355
[29/Oct/2025:16:01:02 -0300] 0:0:0:0:0:0:0:1 "GET /categories HTTP/1.1" 401 - 68858
[29/Oct/2025:16:01:02 -0300] 0:0:0:0:0:0:0:1 "GET /categories HTTP/1.1" 401 - 3424
[29/Oct/2025:16:01:10 -0300] 0:0:0:0:0:0:0:1 "OPTIONS /auth/login HTTP/1.1" 200 - 5626
[29/Oct/2025:16:01:10 -0300] 0:0:0:0:0:0:0:1 "POST /auth/login HTTP/1.1" 401 - 2941
[29/Oct/2025:16:01:30 -0300] 0:0:0:0:0:0:0:1 "OPTIONS /auth/register HTTP/1.1" 200 - 4170
[29/Oct/2025:16:01:30 -0300] 0:0:0:0:0:0:0:1 "POST /auth/register HTTP/1.1" 401 - 2644
[29/Oct/2025:16:05:55 -0300] 127.0.0.1 "OPTIONS /auth/register HTTP/1.1" 200 - 46358
[29/Oct/2025:16:05:55 -0300] 127.0.0.1 "POST /auth/register HTTP/1.1" 401 - 20830
[29/Oct/2025:16:06:56 -0300] 0:0:0:0:0:0:0:1 "OPTIONS /auth/login HTTP/1.1" 200 - 1750
[29/Oct/2025:16:06:56 -0300] 0:0:0:0:0:0:0:1 "POST /auth/login HTTP/1.1" 401 - 3198
[29/Oct/2025:16:09:59 -0300] 0:0:0:0:0:0:0:1 "OPTIONS /auth/register HTTP/1.1" 200 - 67202
[29/Oct/2025:16:09:59 -0300] 0:0:0:0:0:0:0:1 "POST /auth/register HTTP/1.1" 401 - 11657
[29/Oct/2025:16:15:28 -0300] 0:0:0:0:0:0:0:1 "GET /categories HTTP/1.1" 401 - 139919
[29/Oct/2025:16:15:28 -0300] 0:0:0:0:0:0:0:1 "GET /categories HTTP/1.1" 401 - 3658
[29/Oct/2025:16:15:33 -0300] 0:0:0:0:0:0:0:1 "OPTIONS /api/auth/login HTTP/1.1" 200 - 5085
[29/Oct/2025:16:15:34 -0300] 0:0:0:0:0:0:0:1 "POST /api/auth/login HTTP/1.1" 200 292 266992
[29/Oct/2025:16:15:34 -0300] 0:0:0:0:0:0:0:1 "OPTIONS /categories HTTP/1.1" 200 - 2173
[29/Oct/2025:16:15:34 -0300] 0:0:0:0:0:0:0:1 "OPTIONS /categories HTTP/1.1" 200 - 1896
[29/Oct/2025:16:15:34 -0300] 0:0:0:0:0:0:0:1 "GET /categories HTTP/1.1" 401 - 44046
[29/Oct/2025:16:15:34 -0300] 0:0:0:0:0:0:0:1 "GET /categories HTTP/1.1" 401 - 16733
[29/Oct/2025:16:15:35 -0300] 0:0:0:0:0:0:0:1 "OPTIONS /api/auth/perfil HTTP/1.1" 200 - 2068
[29/Oct/2025:16:15:35 -0300] 0:0:0:0:0:0:0:1 "OPTIONS /api/addresses HTTP/1.1" 200 - 1973
[29/Oct/2025:16:15:35 -0300] 0:0:0:0:0:0:0:1 "OPTIONS /api/addresses HTTP/1.1" 200 - 2094
[29/Oct/2025:16:15:35 -0300] 0:0:0:0:0:0:0:1 "OPTIONS /api/auth/perfil HTTP/1.1" 200 - 2236
[29/Oct/2025:16:15:36 -0300] 0:0:0:0:0:0:0:1 "GET /categories HTTP/1.1" 401 - 30371
[29/Oct/2025:16:15:36 -0300] 0:0:0:0:0:0:0:1 "GET /api/auth/perfil HTTP/1.1" 200 24 32141
[29/Oct/2025:16:15:36 -0300] 0:0:0:0:0:0:0:1 "GET /categories HTTP/1.1" 401 - 13555
[29/Oct/2025:16:15:36 -0300] 0:0:0:0:0:0:0:1 "GET /api/auth/perfil HTTP/1.1" 200 24 14958
[29/Oct/2025:16:15:36 -0300] 0:0:0:0:0:0:0:1 "GET /api/addresses HTTP/1.1" 200 107 60211
[29/Oct/2025:16:15:36 -0300] 0:0:0:0:0:0:0:1 "GET /api/addresses HTTP/1.1" 200 107 18349
[29/Oct/2025:16:15:41 -0300] 0:0:0:0:0:0:0:1 "OPTIONS /api/addresses/1 HTTP/1.1" 200 - 2587
[29/Oct/2025:16:15:41 -0300] 0:0:0:0:0:0:0:1 "DELETE /api/addresses/1 HTTP/1.1" 200 35 72075
[29/Oct/2025:16:15:47 -0300] 0:0:0:0:0:0:0:1 "GET /categories HTTP/1.1" 401 - 4048
[29/Oct/2025:16:15:47 -0300] 0:0:0:0:0:0:0:1 "GET /categories HTTP/1.1" 401 - 3137
[29/Oct/2025:16:16:09 -0300] 0:0:0:0:0:0:0:1 "OPTIONS /api/auth/register HTTP/1.1" 200 - 2313
[29/Oct/2025:16:16:09 -0300] 0:0:0:0:0:0:0:1 "POST /api/auth/register HTTP/1.1" 400 590 125652
[29/Oct/2025:16:17:17 -0300] 0:0:0:0:0:0:0:1 "OPTIONS /api/auth/register HTTP/1.1" 200 - 50914
[29/Oct/2025:16:17:18 -0300] 0:0:0:0:0:0:0:1 "POST /api/auth/register HTTP/1.1" 200 290 369855
[29/Oct/2025:16:17:18 -0300] 0:0:0:0:0:0:0:1 "OPTIONS /categories HTTP/1.1" 200 - 13010
[29/Oct/2025:16:17:18 -0300] 0:0:0:0:0:0:0:1 "OPTIONS /categories HTTP/1.1" 200 - 10344
[29/Oct/2025:16:17:18 -0300] 0:0:0:0:0:0:0:1 "GET /categories HTTP/1.1" 401 - 55411
[29/Oct/2025:16:17:18 -0300] 0:0:0:0:0:0:0:1 "GET /categories HTTP/1.1" 401 - 12722
[29/Oct/2025:16:17:19 -0300] 0:0:0:0:0:0:0:1 "OPTIONS /api/auth/perfil HTTP/1.1" 200 - 2663
[29/Oct/2025:16:17:20 -0300] 0:0:0:0:0:0:0:1 "OPTIONS /api/addresses HTTP/1.1" 200 - 2248
[29/Oct/2025:16:17:20 -0300] 0:0:0:0:0:0:0:1 "OPTIONS /api/auth/perfil HTTP/1.1" 200 - 2136
[29/Oct/2025:16:17:20 -0300] 0:0:0:0:0:0:0:1 "OPTIONS /api/addresses HTTP/1.1" 200 - 2352
[29/Oct/2025:16:17:20 -0300] 0:0:0:0:0:0:0:1 "GET /categories HTTP/1.1" 401 - 23070
[29/Oct/2025:16:17:20 -0300] 0:0:0:0:0:0:0:1 "GET /api/auth/perfil HTTP/1.1" 200 27 32533
[29/Oct/2025:16:17:20 -0300] 0:0:0:0:0:0:0:1 "GET /categories HTTP/1.1" 401 - 18555
[29/Oct/2025:16:17:20 -0300] 0:0:0:0:0:0:0:1 "GET /api/auth/perfil HTTP/1.1" 200 27 19043
[29/Oct/2025:16:17:20 -0300] 0:0:0:0:0:0:0:1 "GET /api/addresses HTTP/1.1" 200 12 53912
[29/Oct/2025:16:17:20 -0300] 0:0:0:0:0:0:0:1 "GET /api/addresses HTTP/1.1" 200 12 30309
[29/Oct/2025:16:17:27 -0300] 0:0:0:0:0:0:0:1 "OPTIONS /api/auth/perfil HTTP/1.1" 200 - 3232
[29/Oct/2025:16:17:27 -0300] 0:0:0:0:0:0:0:1 "PUT /api/auth/perfil HTTP/1.1" 401 - 20930
[29/Oct/2025:16:17:32 -0300] 0:0:0:0:0:0:0:1 "PUT /api/auth/perfil HTTP/1.1" 401 - 18075
[29/Oct/2025:16:17:35 -0300] 0:0:0:0:0:0:0:1 "OPTIONS /categories HTTP/1.1" 200 - 1230
[29/Oct/2025:16:17:35 -0300] 0:0:0:0:0:0:0:1 "OPTIONS /categories HTTP/1.1" 200 - 1100
[29/Oct/2025:16:17:35 -0300] 0:0:0:0:0:0:0:1 "GET /categories HTTP/1.1" 401 - 22707
[29/Oct/2025:16:17:35 -0300] 0:0:0:0:0:0:0:1 "GET /categories HTTP/1.1" 401 - 15631
[29/Oct/2025:16:17:43 -0300] 0:0:0:0:0:0:0:1 "OPTIONS /api/auth/login HTTP/1.1" 200 - 2136
[29/Oct/2025:16:17:43 -0300] 0:0:0:0:0:0:0:1 "POST /api/auth/login HTTP/1.1" 401 - 158163
[29/Oct/2025:16:17:45 -0300] 0:0:0:0:0:0:0:1 "POST /api/auth/login HTTP/1.1" 401 - 107244
[29/Oct/2025:16:17:48 -0300] 0:0:0:0:0:0:0:1 "POST /api/auth/login HTTP/1.1" 200 292 94718
[29/Oct/2025:16:17:48 -0300] 0:0:0:0:0:0:0:1 "OPTIONS /categories HTTP/1.1" 200 - 1480
[29/Oct/2025:16:17:48 -0300] 0:0:0:0:0:0:0:1 "OPTIONS /categories HTTP/1.1" 200 - 2025
[29/Oct/2025:16:17:48 -0300] 0:0:0:0:0:0:0:1 "GET /categories HTTP/1.1" 401 - 13408
[29/Oct/2025:16:17:48 -0300] 0:0:0:0:0:0:0:1 "GET /categories HTTP/1.1" 401 - 9513
[29/Oct/2025:16:20:23 -0300] 0:0:0:0:0:0:0:1 "OPTIONS /categories HTTP/1.1" 200 - 88344
[29/Oct/2025:16:20:23 -0300] 0:0:0:0:0:0:0:1 "OPTIONS /api/auth/perfil HTTP/1.1" 200 - 87583
[29/Oct/2025:16:20:23 -0300] 0:0:0:0:0:0:0:1 "OPTIONS /categories HTTP/1.1" 200 - 87382
[29/Oct/2025:16:20:23 -0300] 0:0:0:0:0:0:0:1 "OPTIONS /api/auth/perfil HTTP/1.1" 200 - 87382
[29/Oct/2025:16:20:23 -0300] 0:0:0:0:0:0:0:1 "OPTIONS /api/addresses HTTP/1.1" 200 - 88098
[29/Oct/2025:16:20:23 -0300] 0:0:0:0:0:0:0:1 "OPTIONS /api/addresses HTTP/1.1" 200 - 88075
[29/Oct/2025:16:20:23 -0300] 0:0:0:0:0:0:0:1 "GET /categories HTTP/1.1" 401 - 130168
[29/Oct/2025:16:20:23 -0300] 0:0:0:0:0:0:0:1 "GET /categories HTTP/1.1" 401 - 16929
[29/Oct/2025:16:20:23 -0300] 0:0:0:0:0:0:0:1 "GET /api/addresses HTTP/1.1" 200 12 193111
[29/Oct/2025:16:20:23 -0300] 0:0:0:0:0:0:0:1 "GET /api/auth/perfil HTTP/1.1" 200 257 204852
[29/Oct/2025:16:20:23 -0300] 0:0:0:0:0:0:0:1 "GET /api/addresses HTTP/1.1" 200 12 20854
[29/Oct/2025:16:20:23 -0300] 0:0:0:0:0:0:0:1 "GET /api/auth/perfil HTTP/1.1" 200 257 18130
[29/Oct/2025:16:20:27 -0300] 0:0:0:0:0:0:0:1 "GET /categories HTTP/1.1" 401 - 2856
[29/Oct/2025:16:20:27 -0300] 0:0:0:0:0:0:0:1 "GET /categories HTTP/1.1" 401 - 4244
[29/Oct/2025:16:20:44 -0300] 0:0:0:0:0:0:0:1 "OPTIONS /api/auth/register HTTP/1.1" 200 - 2224
[29/Oct/2025:16:20:44 -0300] 0:0:0:0:0:0:0:1 "POST /api/auth/register HTTP/1.1" 200 284 468602
[29/Oct/2025:16:20:44 -0300] 0:0:0:0:0:0:0:1 "OPTIONS /categories HTTP/1.1" 200 - 3941
[29/Oct/2025:16:20:44 -0300] 0:0:0:0:0:0:0:1 "OPTIONS /categories HTTP/1.1" 200 - 4700
[29/Oct/2025:16:20:44 -0300] 0:0:0:0:0:0:0:1 "GET /categories HTTP/1.1" 401 - 25957
[29/Oct/2025:16:20:45 -0300] 0:0:0:0:0:0:0:1 "GET /categories HTTP/1.1" 401 - 31109
[29/Oct/2025:16:20:46 -0300] 0:0:0:0:0:0:0:1 "OPTIONS /api/auth/perfil HTTP/1.1" 200 - 1960
[29/Oct/2025:16:20:46 -0300] 0:0:0:0:0:0:0:1 "OPTIONS /api/addresses HTTP/1.1" 200 - 2296
[29/Oct/2025:16:20:46 -0300] 0:0:0:0:0:0:0:1 "OPTIONS /api/auth/perfil HTTP/1.1" 200 - 2555
[29/Oct/2025:16:20:46 -0300] 0:0:0:0:0:0:0:1 "OPTIONS /api/addresses HTTP/1.1" 200 - 1882
[29/Oct/2025:16:20:46 -0300] 0:0:0:0:0:0:0:1 "GET /categories HTTP/1.1" 401 - 31566
[29/Oct/2025:16:20:46 -0300] 0:0:0:0:0:0:0:1 "GET /api/auth/perfil HTTP/1.1" 200 234 36772
[29/Oct/2025:16:20:46 -0300] 0:0:0:0:0:0:0:1 "GET /api/addresses HTTP/1.1" 200 12 38142
[29/Oct/2025:16:20:46 -0300] 0:0:0:0:0:0:0:1 "GET /categories HTTP/1.1" 401 - 26344
[29/Oct/2025:16:20:46 -0300] 0:0:0:0:0:0:0:1 "GET /api/auth/perfil HTTP/1.1" 200 234 23889
[29/Oct/2025:16:20:46 -0300] 0:0:0:0:0:0:0:1 "GET /api/addresses HTTP/1.1" 200 12 22942
[29/Oct/2025:16:20:53 -0300] 0:0:0:0:0:0:0:1 "GET /categories HTTP/1.1" 401 - 2876
[29/Oct/2025:16:20:53 -0300] 0:0:0:0:0:0:0:1 "GET /categories HTTP/1.1" 401 - 3220
[29/Oct/2025:16:21:01 -0300] 0:0:0:0:0:0:0:1 "OPTIONS /api/auth/login HTTP/1.1" 200 - 1340
[29/Oct/2025:16:21:01 -0300] 0:0:0:0:0:0:0:1 "POST /api/auth/login HTTP/1.1" 200 284 133266
[29/Oct/2025:16:21:01 -0300] 0:0:0:0:0:0:0:1 "OPTIONS /categories HTTP/1.1" 200 - 2591
[29/Oct/2025:16:21:01 -0300] 0:0:0:0:0:0:0:1 "OPTIONS /categories HTTP/1.1" 200 - 2965
[29/Oct/2025:16:21:01 -0300] 0:0:0:0:0:0:0:1 "GET /categories HTTP/1.1" 401 - 26233
[29/Oct/2025:16:21:02 -0300] 0:0:0:0:0:0:0:1 "GET /categories HTTP/1.1" 401 - 23949
[29/Oct/2025:16:21:05 -0300] 0:0:0:0:0:0:0:1 "OPTIONS /productos HTTP/1.1" 200 - 2221
[29/Oct/2025:16:21:05 -0300] 0:0:0:0:0:0:0:1 "OPTIONS /productos HTTP/1.1" 200 - 2933
[29/Oct/2025:16:21:05 -0300] 0:0:0:0:0:0:0:1 "GET /categories HTTP/1.1" 401 - 42755
[29/Oct/2025:16:21:05 -0300] 0:0:0:0:0:0:0:1 "GET /productos HTTP/1.1" 401 - 35951
[29/Oct/2025:16:21:05 -0300] 0:0:0:0:0:0:0:1 "GET /productos HTTP/1.1" 401 - 22781
[29/Oct/2025:16:21:05 -0300] 0:0:0:0:0:0:0:1 "GET /categories HTTP/1.1" 401 - 28715
[29/Oct/2025:16:21:07 -0300] 0:0:0:0:0:0:0:1 "OPTIONS /api/payments/create HTTP/1.1" 200 - 1245
[29/Oct/2025:16:21:09 -0300] 0:0:0:0:0:0:0:1 "POST /api/payments/create HTTP/1.1" 200 135 1721296
[29/Oct/2025:20:31:35 -0300] 0:0:0:0:0:0:0:1 "OPTIONS /categories HTTP/1.1" 200 - 182240
[29/Oct/2025:20:31:35 -0300] 0:0:0:0:0:0:0:1 "OPTIONS /categories HTTP/1.1" 200 - 182249
[29/Oct/2025:20:31:36 -0300] 0:0:0:0:0:0:0:1 "GET /categories HTTP/1.1" 401 - 379044
[29/Oct/2025:20:31:36 -0300] 0:0:0:0:0:0:0:1 "GET /categories HTTP/1.1" 401 - 30719
[29/Oct/2025:20:31:39 -0300] 0:0:0:0:0:0:0:1 "GET /categories HTTP/1.1" 401 - 32256
[29/Oct/2025:20:31:39 -0300] 0:0:0:0:0:0:0:1 "GET /categories HTTP/1.1" 401 - 27076
[29/Oct/2025:20:31:46 -0300] 0:0:0:0:0:0:0:1 "OPTIONS /categories HTTP/1.1" 200 - 8076
[29/Oct/2025:20:31:46 -0300] 0:0:0:0:0:0:0:1 "OPTIONS /api/auth/perfil HTTP/1.1" 200 - 6977
[29/Oct/2025:20:31:46 -0300] 0:0:0:0:0:0:0:1 "OPTIONS /api/addresses HTTP/1.1" 200 - 7156
[29/Oct/2025:20:31:46 -0300] 0:0:0:0:0:0:0:1 "OPTIONS /api/auth/perfil HTTP/1.1" 200 - 5966
[29/Oct/2025:20:31:46 -0300] 0:0:0:0:0:0:0:1 "OPTIONS /api/addresses HTTP/1.1" 200 - 6297
[29/Oct/2025:20:31:46 -0300] 0:0:0:0:0:0:0:1 "OPTIONS /categories HTTP/1.1" 200 - 9430
[29/Oct/2025:20:31:46 -0300] 0:0:0:0:0:0:0:1 "GET /categories HTTP/1.1" 401 - 79300
[29/Oct/2025:20:31:46 -0300] 0:0:0:0:0:0:0:1 "GET /categories HTTP/1.1" 401 - 69200
[29/Oct/2025:20:31:46 -0300] 0:0:0:0:0:0:0:1 "GET /api/addresses HTTP/1.1" 200 12 338565
[29/Oct/2025:20:31:46 -0300] 0:0:0:0:0:0:0:1 "GET /api/auth/perfil HTTP/1.1" 200 234 454456
[29/Oct/2025:20:31:46 -0300] 0:0:0:0:0:0:0:1 "GET /api/addresses HTTP/1.1" 200 12 129272
[29/Oct/2025:20:31:47 -0300] 0:0:0:0:0:0:0:1 "GET /api/auth/perfil HTTP/1.1" 200 234 91778
[29/Oct/2025:20:31:55 -0300] 0:0:0:0:0:0:0:1 "GET /categories HTTP/1.1" 401 - 6748
[29/Oct/2025:20:31:55 -0300] 0:0:0:0:0:0:0:1 "GET /categories HTTP/1.1" 401 - 6548
[29/Oct/2025:20:31:59 -0300] 0:0:0:0:0:0:0:1 "OPTIONS /api/auth/login HTTP/1.1" 200 - 3286
[29/Oct/2025:20:32:00 -0300] 0:0:0:0:0:0:0:1 "POST /api/auth/login HTTP/1.1" 200 284 698381
[29/Oct/2025:20:32:00 -0300] 0:0:0:0:0:0:0:1 "OPTIONS /categories HTTP/1.1" 200 - 4593
[29/Oct/2025:20:32:00 -0300] 0:0:0:0:0:0:0:1 "OPTIONS /categories HTTP/1.1" 200 - 3635
[29/Oct/2025:20:32:00 -0300] 0:0:0:0:0:0:0:1 "GET /categories HTTP/1.1" 401 - 34829
[29/Oct/2025:20:32:00 -0300] 0:0:0:0:0:0:0:1 "GET /categories HTTP/1.1" 401 - 35779
[29/Oct/2025:20:32:18 -0300] 0:0:0:0:0:0:0:1 "OPTIONS /categories HTTP/1.1" 200 - 3791
[29/Oct/2025:20:32:18 -0300] 0:0:0:0:0:0:0:1 "OPTIONS /api/auth/perfil HTTP/1.1" 200 - 2920
[29/Oct/2025:20:32:18 -0300] 0:0:0:0:0:0:0:1 "OPTIONS /api/auth/perfil HTTP/1.1" 200 - 2905
[29/Oct/2025:20:32:18 -0300] 0:0:0:0:0:0:0:1 "OPTIONS /categories HTTP/1.1" 200 - 2627
[29/Oct/2025:20:32:18 -0300] 0:0:0:0:0:0:0:1 "OPTIONS /api/addresses HTTP/1.1" 200 - 3557
[29/Oct/2025:20:32:18 -0300] 0:0:0:0:0:0:0:1 "OPTIONS /api/addresses HTTP/1.1" 200 - 3982
[29/Oct/2025:20:32:18 -0300] 0:0:0:0:0:0:0:1 "GET /categories HTTP/1.1" 401 - 38448
[29/Oct/2025:20:32:18 -0300] 0:0:0:0:0:0:0:1 "GET /api/addresses HTTP/1.1" 200 12 47004
[29/Oct/2025:20:32:18 -0300] 0:0:0:0:0:0:0:1 "GET /api/auth/perfil HTTP/1.1" 200 234 49081
[29/Oct/2025:20:32:18 -0300] 0:0:0:0:0:0:0:1 "GET /categories HTTP/1.1" 401 - 36609
[29/Oct/2025:20:32:18 -0300] 0:0:0:0:0:0:0:1 "GET /api/addresses HTTP/1.1" 200 12 47704
[29/Oct/2025:20:32:18 -0300] 0:0:0:0:0:0:0:1 "GET /api/auth/perfil HTTP/1.1" 200 234 47869
[29/Oct/2025:20:33:16 -0300] 0:0:0:0:0:0:0:1 "OPTIONS /auth/login HTTP/1.1" 200 - 1907
[29/Oct/2025:20:33:16 -0300] 0:0:0:0:0:0:0:1 "POST /auth/login HTTP/1.1" 401 - 17465
[29/Oct/2025:20:33:19 -0300] 0:0:0:0:0:0:0:1 "POST /auth/login HTTP/1.1" 401 - 16874
[29/Oct/2025:20:33:43 -0300] 0:0:0:0:0:0:0:1 "OPTIONS /auth/login HTTP/1.1" 200 - 1408
[29/Oct/2025:20:33:43 -0300] 0:0:0:0:0:0:0:1 "POST /auth/login HTTP/1.1" 401 - 15118
[29/Oct/2025:20:35:28 -0300] 0:0:0:0:0:0:0:1 "OPTIONS /auth/login HTTP/1.1" 200 - 176060
[29/Oct/2025:20:35:28 -0300] 0:0:0:0:0:0:0:1 "POST /auth/login HTTP/1.1" 401 - 231277
[29/Oct/2025:20:40:05 -0300] 0:0:0:0:0:0:0:1 "OPTIONS /categories HTTP/1.1" 200 - 5585
[29/Oct/2025:20:40:05 -0300] 0:0:0:0:0:0:0:1 "OPTIONS /categories HTTP/1.1" 200 - 4808
[29/Oct/2025:20:40:05 -0300] 0:0:0:0:0:0:0:1 "GET /categories HTTP/1.1" 401 - 26659
[29/Oct/2025:20:40:05 -0300] 0:0:0:0:0:0:0:1 "GET /categories HTTP/1.1" 401 - 18260
[29/Oct/2025:20:41:01 -0300] 0:0:0:0:0:0:0:1 "OPTIONS /api/auth/perfil HTTP/1.1" 200 - 1656
[29/Oct/2025:20:41:01 -0300] 0:0:0:0:0:0:0:1 "OPTIONS /categories HTTP/1.1" 200 - 2278
[29/Oct/2025:20:41:01 -0300] 0:0:0:0:0:0:0:1 "OPTIONS /api/addresses HTTP/1.1" 200 - 1753
[29/Oct/2025:20:41:01 -0300] 0:0:0:0:0:0:0:1 "OPTIONS /categories HTTP/1.1" 200 - 2203
[29/Oct/2025:20:41:01 -0300] 0:0:0:0:0:0:0:1 "OPTIONS /api/auth/perfil HTTP/1.1" 200 - 1711
[29/Oct/2025:20:41:01 -0300] 0:0:0:0:0:0:0:1 "OPTIONS /api/addresses HTTP/1.1" 200 - 1771
[29/Oct/2025:20:41:01 -0300] 0:0:0:0:0:0:0:1 "GET /categories HTTP/1.1" 401 - 21983
[29/Oct/2025:20:41:01 -0300] 0:0:0:0:0:0:0:1 "GET /categories HTTP/1.1" 401 - 18698
[29/Oct/2025:20:41:01 -0300] 0:0:0:0:0:0:0:1 "GET /api/addresses HTTP/1.1" 200 12 95084
[29/Oct/2025:20:41:01 -0300] 0:0:0:0:0:0:0:1 "GET /api/auth/perfil HTTP/1.1" 200 234 105040
[29/Oct/2025:20:41:01 -0300] 0:0:0:0:0:0:0:1 "GET /api/addresses HTTP/1.1" 200 12 23264
[29/Oct/2025:20:41:01 -0300] 0:0:0:0:0:0:0:1 "GET /api/auth/perfil HTTP/1.1" 200 234 20514
[29/Oct/2025:21:06:31 -0300] 0:0:0:0:0:0:0:1 "OPTIONS /cart HTTP/1.1" 200 - 186580
[29/Oct/2025:21:06:31 -0300] 0:0:0:0:0:0:0:1 "OPTIONS /cart HTTP/1.1" 200 - 186581
[29/Oct/2025:21:06:31 -0300] 0:0:0:0:0:0:0:1 "GET /cart HTTP/1.1" 401 - 287033
[29/Oct/2025:21:06:31 -0300] 0:0:0:0:0:0:0:1 "GET /cart HTTP/1.1" 401 - 30306
[29/Oct/2025:21:06:36 -0300] 0:0:0:0:0:0:0:1 "OPTIONS /cart HTTP/1.1" 200 - 4282
[29/Oct/2025:21:06:36 -0300] 0:0:0:0:0:0:0:1 "OPTIONS /api/auth/perfil HTTP/1.1" 200 - 2315
[29/Oct/2025:21:06:36 -0300] 0:0:0:0:0:0:0:1 "OPTIONS /api/auth/perfil HTTP/1.1" 200 - 2395
[29/Oct/2025:21:06:36 -0300] 0:0:0:0:0:0:0:1 "OPTIONS /api/addresses HTTP/1.1" 200 - 2601
[29/Oct/2025:21:06:36 -0300] 0:0:0:0:0:0:0:1 "OPTIONS /api/addresses HTTP/1.1" 200 - 2388
[29/Oct/2025:21:06:36 -0300] 0:0:0:0:0:0:0:1 "OPTIONS /cart HTTP/1.1" 200 - 3384
[29/Oct/2025:21:06:36 -0300] 0:0:0:0:0:0:0:1 "GET /cart HTTP/1.1" 401 - 78608
[29/Oct/2025:21:06:36 -0300] 0:0:0:0:0:0:0:1 "GET /cart HTTP/1.1" 401 - 43188
[29/Oct/2025:21:06:37 -0300] 0:0:0:0:0:0:0:1 "GET /api/addresses HTTP/1.1" 200 12 294994
[29/Oct/2025:21:06:37 -0300] 0:0:0:0:0:0:0:1 "GET /api/auth/perfil HTTP/1.1" 200 246 323887
[29/Oct/2025:21:06:37 -0300] 0:0:0:0:0:0:0:1 "GET /api/addresses HTTP/1.1" 200 12 48694
[29/Oct/2025:21:06:37 -0300] 0:0:0:0:0:0:0:1 "GET /api/auth/perfil HTTP/1.1" 200 246 53268
[29/Oct/2025:21:06:40 -0300] 0:0:0:0:0:0:0:1 "GET /cart HTTP/1.1" 401 - 6207
[29/Oct/2025:21:06:40 -0300] 0:0:0:0:0:0:0:1 "GET /cart HTTP/1.1" 401 - 3567
[29/Oct/2025:21:07:06 -0300] 0:0:0:0:0:0:0:1 "OPTIONS /api/auth/register HTTP/1.1" 200 - 3182
[29/Oct/2025:21:07:06 -0300] 0:0:0:0:0:0:0:1 "POST /api/auth/register HTTP/1.1" 400 417 384968
[29/Oct/2025:21:07:11 -0300] 0:0:0:0:0:0:0:1 "OPTIONS /api/auth/register HTTP/1.1" 200 - 3071
[29/Oct/2025:21:07:12 -0300] 0:0:0:0:0:0:0:1 "POST /api/auth/register HTTP/1.1" 400 417 223165
[29/Oct/2025:21:08:19 -0300] 0:0:0:0:0:0:0:1 "OPTIONS /api/auth/register HTTP/1.1" 200 - 3481
[29/Oct/2025:21:08:20 -0300] 0:0:0:0:0:0:0:1 "POST /api/auth/register HTTP/1.1" 200 290 741655
[29/Oct/2025:21:08:20 -0300] 0:0:0:0:0:0:0:1 "OPTIONS /cart HTTP/1.1" 200 - 2291
[29/Oct/2025:21:08:20 -0300] 0:0:0:0:0:0:0:1 "OPTIONS /cart HTTP/1.1" 200 - 2149
[29/Oct/2025:21:08:20 -0300] 0:0:0:0:0:0:0:1 "GET /cart HTTP/1.1" 401 - 29563
[29/Oct/2025:21:08:20 -0300] 0:0:0:0:0:0:0:1 "GET /cart HTTP/1.1" 401 - 22387
[29/Oct/2025:21:08:25 -0300] 0:0:0:0:0:0:0:1 "OPTIONS /api/auth/perfil HTTP/1.1" 200 - 2316
[29/Oct/2025:21:08:25 -0300] 0:0:0:0:0:0:0:1 "OPTIONS /api/addresses HTTP/1.1" 200 - 1540
[29/Oct/2025:21:08:25 -0300] 0:0:0:0:0:0:0:1 "OPTIONS /api/addresses HTTP/1.1" 200 - 1181
[29/Oct/2025:21:08:25 -0300] 0:0:0:0:0:0:0:1 "OPTIONS /api/auth/perfil HTTP/1.1" 200 - 1759
[29/Oct/2025:21:08:25 -0300] 0:0:0:0:0:0:0:1 "GET /cart HTTP/1.1" 401 - 33055
[29/Oct/2025:21:08:25 -0300] 0:0:0:0:0:0:0:1 "GET /api/auth/perfil HTTP/1.1" 200 252 40983
[29/Oct/2025:21:08:25 -0300] 0:0:0:0:0:0:0:1 "GET /api/addresses HTTP/1.1" 200 12 49927
[29/Oct/2025:21:08:25 -0300] 0:0:0:0:0:0:0:1 "GET /cart HTTP/1.1" 401 - 29325
[29/Oct/2025:21:08:25 -0300] 0:0:0:0:0:0:0:1 "GET /api/auth/perfil HTTP/1.1" 200 252 39564
[29/Oct/2025:21:08:25 -0300] 0:0:0:0:0:0:0:1 "GET /api/addresses HTTP/1.1" 200 12 39340
[29/Oct/2025:21:08:34 -0300] 0:0:0:0:0:0:0:1 "OPTIONS /api/addresses HTTP/1.1" 200 - 2792
[29/Oct/2025:21:08:34 -0300] 0:0:0:0:0:0:0:1 "POST /api/addresses HTTP/1.1" 201 105 70144
[29/Oct/2025:21:08:46 -0300] 0:0:0:0:0:0:0:1 "OPTIONS /api/auth/perfil HTTP/1.1" 200 - 4681
[29/Oct/2025:21:08:46 -0300] 0:0:0:0:0:0:0:1 "PUT /api/auth/perfil HTTP/1.1" 401 - 28405
[29/Oct/2025:21:08:52 -0300] 0:0:0:0:0:0:0:1 "OPTIONS /cart HTTP/1.1" 200 - 2237
[29/Oct/2025:21:08:52 -0300] 0:0:0:0:0:0:0:1 "OPTIONS /cart HTTP/1.1" 200 - 3486
[29/Oct/2025:21:08:52 -0300] 0:0:0:0:0:0:0:1 "GET /cart HTTP/1.1" 401 - 26713
[29/Oct/2025:21:08:52 -0300] 0:0:0:0:0:0:0:1 "GET /cart HTTP/1.1" 401 - 23437
[29/Oct/2025:21:08:55 -0300] 0:0:0:0:0:0:0:1 "OPTIONS /products/8 HTTP/1.1" 200 - 2109
[29/Oct/2025:21:08:55 -0300] 0:0:0:0:0:0:0:1 "OPTIONS /products/8 HTTP/1.1" 200 - 2507
[29/Oct/2025:21:08:55 -0300] 0:0:0:0:0:0:0:1 "GET /cart HTTP/1.1" 401 - 31408
[29/Oct/2025:21:08:55 -0300] 0:0:0:0:0:0:0:1 "GET /products/8 HTTP/1.1" 401 - 28036
[29/Oct/2025:21:08:55 -0300] 0:0:0:0:0:0:0:1 "GET /cart HTTP/1.1" 401 - 32081
[29/Oct/2025:21:08:55 -0300] 0:0:0:0:0:0:0:1 "GET /products/8 HTTP/1.1" 401 - 28317
[29/Oct/2025:21:08:56 -0300] 0:0:0:0:0:0:0:1 "GET /cart HTTP/1.1" 401 - 28430
[29/Oct/2025:21:08:56 -0300] 0:0:0:0:0:0:0:1 "GET /cart HTTP/1.1" 401 - 21784
[29/Oct/2025:21:08:57 -0300] 0:0:0:0:0:0:0:1 "OPTIONS /cart/add HTTP/1.1" 200 - 3332
[29/Oct/2025:21:08:57 -0300] 0:0:0:0:0:0:0:1 "POST /cart/add HTTP/1.1" 401 - 26657
[29/Oct/2025:21:08:58 -0300] 0:0:0:0:0:0:0:1 "OPTIONS /cart HTTP/1.1" 200 - 1739
[29/Oct/2025:21:08:58 -0300] 0:0:0:0:0:0:0:1 "OPTIONS /products/3 HTTP/1.1" 200 - 1455
[29/Oct/2025:21:08:58 -0300] 0:0:0:0:0:0:0:1 "OPTIONS /products/3 HTTP/1.1" 200 - 1593
[29/Oct/2025:21:08:58 -0300] 0:0:0:0:0:0:0:1 "OPTIONS /cart HTTP/1.1" 200 - 1821
[29/Oct/2025:21:08:58 -0300] 0:0:0:0:0:0:0:1 "GET /cart HTTP/1.1" 401 - 24059
[29/Oct/2025:21:08:58 -0300] 0:0:0:0:0:0:0:1 "GET /products/3 HTTP/1.1" 401 - 23813
[29/Oct/2025:21:08:58 -0300] 0:0:0:0:0:0:0:1 "GET /products/3 HTTP/1.1" 401 - 22968
[29/Oct/2025:21:08:58 -0300] 0:0:0:0:0:0:0:1 "GET /cart HTTP/1.1" 401 - 23379
[29/Oct/2025:21:08:59 -0300] 0:0:0:0:0:0:0:1 "GET /cart HTTP/1.1" 401 - 25480
[29/Oct/2025:21:08:59 -0300] 0:0:0:0:0:0:0:1 "GET /cart HTTP/1.1" 401 - 24209
[29/Oct/2025:21:09:00 -0300] 0:0:0:0:0:0:0:1 "POST /cart/add HTTP/1.1" 401 - 28505
[29/Oct/2025:21:09:01 -0300] 0:0:0:0:0:0:0:1 "OPTIONS /products/2 HTTP/1.1" 200 - 2655
[29/Oct/2025:21:09:01 -0300] 0:0:0:0:0:0:0:1 "OPTIONS /products/2 HTTP/1.1" 200 - 2022
[29/Oct/2025:21:09:01 -0300] 0:0:0:0:0:0:0:1 "GET /cart HTTP/1.1" 401 - 29763
[29/Oct/2025:21:09:01 -0300] 0:0:0:0:0:0:0:1 "GET /products/2 HTTP/1.1" 401 - 25997
[29/Oct/2025:21:09:01 -0300] 0:0:0:0:0:0:0:1 "GET /cart HTTP/1.1" 401 - 25528
[29/Oct/2025:21:09:01 -0300] 0:0:0:0:0:0:0:1 "GET /products/2 HTTP/1.1" 401 - 24811
[29/Oct/2025:21:09:03 -0300] 0:0:0:0:0:0:0:1 "GET /cart HTTP/1.1" 401 - 29861
[29/Oct/2025:21:09:03 -0300] 0:0:0:0:0:0:0:1 "GET /cart HTTP/1.1" 401 - 26203
[29/Oct/2025:21:09:03 -0300] 0:0:0:0:0:0:0:1 "OPTIONS /products/4 HTTP/1.1" 200 - 1534
[29/Oct/2025:21:09:03 -0300] 0:0:0:0:0:0:0:1 "OPTIONS /products/4 HTTP/1.1" 200 - 1341
[29/Oct/2025:21:09:03 -0300] 0:0:0:0:0:0:0:1 "GET /cart HTTP/1.1" 401 - 26569
[29/Oct/2025:21:09:03 -0300] 0:0:0:0:0:0:0:1 "GET /products/4 HTTP/1.1" 401 - 24948
[29/Oct/2025:21:09:03 -0300] 0:0:0:0:0:0:0:1 "GET /products/4 HTTP/1.1" 401 - 24236
[29/Oct/2025:21:09:03 -0300] 0:0:0:0:0:0:0:1 "GET /cart HTTP/1.1" 401 - 25924
[29/Oct/2025:21:09:05 -0300] 0:0:0:0:0:0:0:1 "OPTIONS /cart HTTP/1.1" 200 - 1898
[29/Oct/2025:21:09:05 -0300] 0:0:0:0:0:0:0:1 "OPTIONS /cart HTTP/1.1" 200 - 1940
[29/Oct/2025:21:09:05 -0300] 0:0:0:0:0:0:0:1 "GET /cart HTTP/1.1" 401 - 28659
[29/Oct/2025:21:09:05 -0300] 0:0:0:0:0:0:0:1 "GET /cart HTTP/1.1" 401 - 26963
[29/Oct/2025:21:09:06 -0300] 0:0:0:0:0:0:0:1 "OPTIONS /cart/add HTTP/1.1" 200 - 3062
[29/Oct/2025:21:09:06 -0300] 0:0:0:0:0:0:0:1 "POST /cart/add HTTP/1.1" 401 - 24296
[29/Oct/2025:21:09:08 -0300] 0:0:0:0:0:0:0:1 "GET /cart HTTP/1.1" 401 - 32753
[29/Oct/2025:21:09:08 -0300] 0:0:0:0:0:0:0:1 "GET /cart HTTP/1.1" 401 - 28087
[29/Oct/2025:21:09:08 -0300] 0:0:0:0:0:0:0:1 "GET /cart HTTP/1.1" 401 - 25076
[29/Oct/2025:21:09:08 -0300] 0:0:0:0:0:0:0:1 "GET /cart HTTP/1.1" 401 - 26604
[29/Oct/2025:21:09:09 -0300] 0:0:0:0:0:0:0:1 "GET /cart HTTP/1.1" 401 - 27593
[29/Oct/2025:21:09:09 -0300] 0:0:0:0:0:0:0:1 "GET /cart HTTP/1.1" 401 - 29300
[29/Oct/2025:21:09:56 -0300] 0:0:0:0:0:0:0:1 "OPTIONS /auth/login HTTP/1.1" 200 - 1617
[29/Oct/2025:21:09:56 -0300] 0:0:0:0:0:0:0:1 "POST /auth/login HTTP/1.1" 401 - 16903
[29/Oct/2025:21:10:02 -0300] 0:0:0:0:0:0:0:1 "OPTIONS /cart HTTP/1.1" 200 - 1402
[29/Oct/2025:21:10:02 -0300] 0:0:0:0:0:0:0:1 "OPTIONS /cart HTTP/1.1" 200 - 1526
[29/Oct/2025:21:10:02 -0300] 0:0:0:0:0:0:0:1 "GET /cart HTTP/1.1" 401 - 16601
[29/Oct/2025:21:10:02 -0300] 0:0:0:0:0:0:0:1 "GET /cart HTTP/1.1" 401 - 18101
[29/Oct/2025:21:17:19 -0300] 0:0:0:0:0:0:0:1 "OPTIONS /api/auth/perfil HTTP/1.1" 200 - 88861
[29/Oct/2025:21:17:19 -0300] 0:0:0:0:0:0:0:1 "OPTIONS /api/addresses HTTP/1.1" 200 - 88797
[29/Oct/2025:21:17:19 -0300] 0:0:0:0:0:0:0:1 "OPTIONS /api/addresses HTTP/1.1" 200 - 88835
[29/Oct/2025:21:17:19 -0300] 0:0:0:0:0:0:0:1 "OPTIONS /api/auth/perfil HTTP/1.1" 200 - 88827
[29/Oct/2025:21:17:20 -0300] 0:0:0:0:0:0:0:1 "GET /api/addresses HTTP/1.1" 200 107 224977
[29/Oct/2025:21:17:20 -0300] 0:0:0:0:0:0:0:1 "GET /api/auth/perfil HTTP/1.1" 200 347 239105
[29/Oct/2025:21:17:20 -0300] 0:0:0:0:0:0:0:1 "GET /api/addresses HTTP/1.1" 200 107 32380
[29/Oct/2025:21:17:20 -0300] 0:0:0:0:0:0:0:1 "GET /api/auth/perfil HTTP/1.1" 200 347 27838
[29/Oct/2025:21:17:32 -0300] 0:0:0:0:0:0:0:1 "OPTIONS /api/auth/login HTTP/1.1" 200 - 2457
[29/Oct/2025:21:17:32 -0300] 0:0:0:0:0:0:0:1 "POST /api/auth/login HTTP/1.1" 200 290 295376
[29/Oct/2025:21:17:35 -0300] 0:0:0:0:0:0:0:1 "OPTIONS /api/auth/perfil HTTP/1.1" 200 - 1832
[29/Oct/2025:21:17:35 -0300] 0:0:0:0:0:0:0:1 "OPTIONS /api/addresses HTTP/1.1" 200 - 2461
[29/Oct/2025:21:17:35 -0300] 0:0:0:0:0:0:0:1 "OPTIONS /api/addresses HTTP/1.1" 200 - 1785
[29/Oct/2025:21:17:35 -0300] 0:0:0:0:0:0:0:1 "OPTIONS /api/auth/perfil HTTP/1.1" 200 - 1984
[29/Oct/2025:21:17:35 -0300] 0:0:0:0:0:0:0:1 "GET /api/addresses HTTP/1.1" 200 107 25815
[29/Oct/2025:21:17:35 -0300] 0:0:0:0:0:0:0:1 "GET /api/auth/perfil HTTP/1.1" 200 347 29291
[29/Oct/2025:21:17:35 -0300] 0:0:0:0:0:0:0:1 "GET /api/addresses HTTP/1.1" 200 107 26778
[29/Oct/2025:21:17:35 -0300] 0:0:0:0:0:0:0:1 "GET /api/auth/perfil HTTP/1.1" 200 347 26790
[29/Oct/2025:21:17:40 -0300] 0:0:0:0:0:0:0:1 "OPTIONS /products/search?categoria=Monitores HTTP/1.1" 200 - 6262
[29/Oct/2025:21:17:40 -0300] 0:0:0:0:0:0:0:1 "OPTIONS /products/search?categoria=Monitores HTTP/1.1" 200 - 6283
[29/Oct/2025:21:17:40 -0300] 0:0:0:0:0:0:0:1 "GET /products/search?categoria=Monitores HTTP/1.1" 401 - 35852
[29/Oct/2025:21:17:40 -0300] 0:0:0:0:0:0:0:1 "GET /products/search?categoria=Monitores HTTP/1.1" 401 - 21879
[29/Oct/2025:21:17:41 -0300] 0:0:0:0:0:0:0:1 "OPTIONS /products/search?categoria=Componentes HTTP/1.1" 200 - 2253
[29/Oct/2025:21:17:42 -0300] 0:0:0:0:0:0:0:1 "GET /products/search?categoria=Componentes HTTP/1.1" 401 - 26873
[29/Oct/2025:21:17:44 -0300] 0:0:0:0:0:0:0:1 "OPTIONS /products/search?categoria=Perif%C3%A9ricos HTTP/1.1" 200 - 2327
[29/Oct/2025:21:17:44 -0300] 0:0:0:0:0:0:0:1 "GET /products/search?categoria=Perif%C3%A9ricos HTTP/1.1" 401 - 23409
[29/Oct/2025:21:17:46 -0300] 0:0:0:0:0:0:0:1 "OPTIONS /products/search?q=mouse HTTP/1.1" 200 - 2616
[29/Oct/2025:21:17:46 -0300] 0:0:0:0:0:0:0:1 "OPTIONS /products/search?q=mouse HTTP/1.1" 200 - 2232
[29/Oct/2025:21:17:46 -0300] 0:0:0:0:0:0:0:1 "GET /products/search?q=mouse HTTP/1.1" 401 - 23482
[29/Oct/2025:21:17:46 -0300] 0:0:0:0:0:0:0:1 "GET /products/search?q=mouse HTTP/1.1" 401 - 27123
[29/Oct/2025:21:17:48 -0300] 0:0:0:0:0:0:0:1 "GET /products/search?categoria=Perif%C3%A9ricos HTTP/1.1" 401 - 27047
[29/Oct/2025:21:17:48 -0300] 0:0:0:0:0:0:0:1 "GET /products/search?categoria=Perif%C3%A9ricos HTTP/1.1" 401 - 20835
[29/Oct/2025:21:17:53 -0300] 0:0:0:0:0:0:0:1 "OPTIONS /products/17 HTTP/1.1" 200 - 1713
[29/Oct/2025:21:17:53 -0300] 0:0:0:0:0:0:0:1 "OPTIONS /products/17 HTTP/1.1" 200 - 1880
[29/Oct/2025:21:17:53 -0300] 0:0:0:0:0:0:0:1 "GET /products/17 HTTP/1.1" 401 - 24131
[29/Oct/2025:21:17:53 -0300] 0:0:0:0:0:0:0:1 "GET /products/17 HTTP/1.1" 401 - 17700
[29/Oct/2025:21:18:09 -0300] 0:0:0:0:0:0:0:1 "OPTIONS /api/payments/create HTTP/1.1" 200 - 2468
[29/Oct/2025:21:18:11 -0300] 0:0:0:0:0:0:0:1 "POST /api/payments/create HTTP/1.1" 200 135 1665022
[29/Oct/2025:21:19:10 -0300] 0:0:0:0:0:0:0:1 "OPTIONS /categories HTTP/1.1" 200 - 4086
[29/Oct/2025:21:19:10 -0300] 0:0:0:0:0:0:0:1 "GET /categories HTTP/1.1" 401 - 32478
[29/Oct/2025:21:19:15 -0300] 0:0:0:0:0:0:0:1 "OPTIONS /products/search?q=mouse HTTP/1.1" 200 - 3049
[29/Oct/2025:21:19:15 -0300] 0:0:0:0:0:0:0:1 "OPTIONS /products/search?q=mouse HTTP/1.1" 200 - 2586
[29/Oct/2025:21:19:15 -0300] 0:0:0:0:0:0:0:1 "GET /products/search?q=mouse HTTP/1.1" 401 - 30094
[29/Oct/2025:21:19:15 -0300] 0:0:0:0:0:0:0:1 "GET /products/search?q=mouse HTTP/1.1" 401 - 29516
[29/Oct/2025:21:19:16 -0300] 0:0:0:0:0:0:0:1 "OPTIONS /categories HTTP/1.1" 200 - 2881
[29/Oct/2025:21:19:16 -0300] 0:0:0:0:0:0:0:1 "OPTIONS /categories HTTP/1.1" 200 - 2857
[29/Oct/2025:21:19:16 -0300] 0:0:0:0:0:0:0:1 "GET /categories HTTP/1.1" 401 - 30801
[29/Oct/2025:21:19:16 -0300] 0:0:0:0:0:0:0:1 "GET /categories HTTP/1.1" 401 - 24257
[29/Oct/2025:21:19:28 -0300] 0:0:0:0:0:0:0:1 "OPTIONS /products/search?q=mouse HTTP/1.1" 200 - 2302
[29/Oct/2025:21:19:28 -0300] 0:0:0:0:0:0:0:1 "OPTIONS /products/search?q=mouse HTTP/1.1" 200 - 3019
[29/Oct/2025:21:19:28 -0300] 0:0:0:0:0:0:0:1 "GET /products/search?q=mouse HTTP/1.1" 401 - 31964
[29/Oct/2025:21:19:28 -0300] 0:0:0:0:0:0:0:1 "GET /products/search?q=mouse HTTP/1.1" 401 - 26543
[29/Oct/2025:21:19:29 -0300] 0:0:0:0:0:0:0:1 "OPTIONS /categories HTTP/1.1" 200 - 2268
[29/Oct/2025:21:19:29 -0300] 0:0:0:0:0:0:0:1 "OPTIONS /categories HTTP/1.1" 200 - 2268
[29/Oct/2025:21:19:29 -0300] 0:0:0:0:0:0:0:1 "GET /categories HTTP/1.1" 401 - 26348
[29/Oct/2025:21:19:29 -0300] 0:0:0:0:0:0:0:1 "GET /categories HTTP/1.1" 401 - 24334
[29/Oct/2025:21:19:41 -0300] 0:0:0:0:0:0:0:1 "OPTIONS /products/search?categoria=Componentes HTTP/1.1" 200 - 1424
[29/Oct/2025:21:19:41 -0300] 0:0:0:0:0:0:0:1 "OPTIONS /products/search?categoria=Componentes HTTP/1.1" 200 - 1978
[29/Oct/2025:21:19:41 -0300] 0:0:0:0:0:0:0:1 "GET /products/search?categoria=Componentes HTTP/1.1" 401 - 26808
[29/Oct/2025:21:19:41 -0300] 0:0:0:0:0:0:0:1 "GET /products/search?categoria=Componentes HTTP/1.1" 401 - 24200
[29/Oct/2025:21:23:25 -0300] 0:0:0:0:0:0:0:1 "OPTIONS /products/search?q=mouse HTTP/1.1" 200 - 2465
[29/Oct/2025:21:23:25 -0300] 0:0:0:0:0:0:0:1 "OPTIONS /products/search?q=mouse HTTP/1.1" 200 - 1470
[29/Oct/2025:21:23:25 -0300] 0:0:0:0:0:0:0:1 "GET /products/search?q=mouse HTTP/1.1" 401 - 26086
[29/Oct/2025:21:23:25 -0300] 0:0:0:0:0:0:0:1 "GET /products/search?q=mouse HTTP/1.1" 401 - 24870
[29/Oct/2025:21:56:01 -0300] 0:0:0:0:0:0:0:1 "OPTIONS /api/addresses HTTP/1.1" 200 - 176839
[29/Oct/2025:21:56:01 -0300] 0:0:0:0:0:0:0:1 "OPTIONS /api/auth/perfil HTTP/1.1" 200 - 176866
[29/Oct/2025:21:56:01 -0300] 0:0:0:0:0:0:0:1 "OPTIONS /api/auth/perfil HTTP/1.1" 200 - 176869
[29/Oct/2025:21:56:01 -0300] 0:0:0:0:0:0:0:1 "OPTIONS /api/addresses HTTP/1.1" 200 - 176802
[29/Oct/2025:21:56:01 -0300] 0:0:0:0:0:0:0:1 "GET /api/addresses HTTP/1.1" 200 107 406774
[29/Oct/2025:21:56:01 -0300] 0:0:0:0:0:0:0:1 "GET /api/auth/perfil HTTP/1.1" 200 347 417693
[29/Oct/2025:21:56:01 -0300] 0:0:0:0:0:0:0:1 "GET /api/addresses HTTP/1.1" 200 107 42973
[29/Oct/2025:21:56:01 -0300] 0:0:0:0:0:0:0:1 "GET /api/auth/perfil HTTP/1.1" 200 347 49297
[29/Oct/2025:21:56:29 -0300] 0:0:0:0:0:0:0:1 "OPTIONS /api/api/auth/register HTTP/1.1" 200 - 11295
[29/Oct/2025:21:56:29 -0300] 0:0:0:0:0:0:0:1 "POST /api/api/auth/register HTTP/1.1" 401 - 19212
[29/Oct/2025:21:56:32 -0300] 0:0:0:0:0:0:0:1 "POST /api/api/auth/register HTTP/1.1" 401 - 6069
[29/Oct/2025:21:56:32 -0300] 0:0:0:0:0:0:0:1 "POST /api/api/auth/register HTTP/1.1" 401 - 6447
[29/Oct/2025:21:56:32 -0300] 0:0:0:0:0:0:0:1 "POST /api/api/auth/register HTTP/1.1" 401 - 5143
[29/Oct/2025:21:56:33 -0300] 0:0:0:0:0:0:0:1 "POST /api/api/auth/register HTTP/1.1" 401 - 5422
[29/Oct/2025:21:56:33 -0300] 0:0:0:0:0:0:0:1 "POST /api/api/auth/register HTTP/1.1" 401 - 6556
[29/Oct/2025:21:56:33 -0300] 0:0:0:0:0:0:0:1 "POST /api/api/auth/register HTTP/1.1" 401 - 7447
[29/Oct/2025:21:56:34 -0300] 0:0:0:0:0:0:0:1 "POST /api/api/auth/register HTTP/1.1" 401 - 5464
[29/Oct/2025:21:56:34 -0300] 0:0:0:0:0:0:0:1 "POST /api/api/auth/register HTTP/1.1" 401 - 5952
[29/Oct/2025:21:56:34 -0300] 0:0:0:0:0:0:0:1 "OPTIONS /api/api/auth/register HTTP/1.1" 200 - 3299
[29/Oct/2025:21:56:34 -0300] 0:0:0:0:0:0:0:1 "POST /api/api/auth/register HTTP/1.1" 401 - 5708
[29/Oct/2025:21:56:34 -0300] 0:0:0:0:0:0:0:1 "POST /api/api/auth/register HTTP/1.1" 401 - 5157
[29/Oct/2025:21:56:34 -0300] 0:0:0:0:0:0:0:1 "POST /api/api/auth/register HTTP/1.1" 401 - 6792
[29/Oct/2025:21:56:34 -0300] 0:0:0:0:0:0:0:1 "POST /api/api/auth/register HTTP/1.1" 401 - 5401
[29/Oct/2025:21:56:36 -0300] 0:0:0:0:0:0:0:1 "POST /api/api/auth/register HTTP/1.1" 401 - 4668
[29/Oct/2025:21:56:39 -0300] 0:0:0:0:0:0:0:1 "OPTIONS /api/api/auth/login HTTP/1.1" 200 - 3018
[29/Oct/2025:21:56:39 -0300] 0:0:0:0:0:0:0:1 "POST /api/api/auth/login HTTP/1.1" 401 - 4078
[29/Oct/2025:21:56:45 -0300] 0:0:0:0:0:0:0:1 "OPTIONS /api/api/auth/login HTTP/1.1" 200 - 2488
[29/Oct/2025:21:56:45 -0300] 0:0:0:0:0:0:0:1 "POST /api/api/auth/login HTTP/1.1" 401 - 2881
[29/Oct/2025:21:56:46 -0300] 0:0:0:0:0:0:0:1 "POST /api/api/auth/login HTTP/1.1" 401 - 4509
[29/Oct/2025:21:56:46 -0300] 0:0:0:0:0:0:0:1 "POST /api/api/auth/login HTTP/1.1" 401 - 4342
[29/Oct/2025:21:56:46 -0300] 0:0:0:0:0:0:0:1 "POST /api/api/auth/login HTTP/1.1" 401 - 4905
[29/Oct/2025:21:56:46 -0300] 0:0:0:0:0:0:0:1 "POST /api/api/auth/login HTTP/1.1" 401 - 4821
[29/Oct/2025:22:48:25 -0300] 0:0:0:0:0:0:0:1 "GET /api/products/search?q=mouse HTTP/1.1" 200 299 325081
[29/Oct/2025:22:48:25 -0300] 0:0:0:0:0:0:0:1 "GET /api/products/search?q=mouse HTTP/1.1" 200 299 19674
[29/Oct/2025:22:48:28 -0300] 0:0:0:0:0:0:0:1 "GET /api/products/search?categoria=Audio HTTP/1.1" 200 632 17635
[29/Oct/2025:22:48:28 -0300] 0:0:0:0:0:0:0:1 "GET /api/products/search?categoria=Audio HTTP/1.1" 200 632 17728
[29/Oct/2025:22:48:36 -0300] 0:0:0:0:0:0:0:1 "OPTIONS /api/auth/login HTTP/1.1" 200 - 5741
[29/Oct/2025:22:48:36 -0300] 0:0:0:0:0:0:0:1 "POST /api/auth/login HTTP/1.1" 200 290 623188
[29/Oct/2025:22:48:40 -0300] 0:0:0:0:0:0:0:1 "OPTIONS /api/auth/perfil HTTP/1.1" 200 - 3615
[29/Oct/2025:22:48:40 -0300] 0:0:0:0:0:0:0:1 "OPTIONS /api/addresses HTTP/1.1" 200 - 1749
[29/Oct/2025:22:48:40 -0300] 0:0:0:0:0:0:0:1 "OPTIONS /api/addresses HTTP/1.1" 200 - 4245
[29/Oct/2025:22:48:40 -0300] 0:0:0:0:0:0:0:1 "OPTIONS /api/auth/perfil HTTP/1.1" 200 - 2780
[29/Oct/2025:22:48:40 -0300] 0:0:0:0:0:0:0:1 "GET /api/auth/perfil HTTP/1.1" 200 347 146784
[29/Oct/2025:22:48:40 -0300] 0:0:0:0:0:0:0:1 "GET /api/addresses HTTP/1.1" 200 107 147151
[29/Oct/2025:22:48:40 -0300] 0:0:0:0:0:0:0:1 "GET /api/auth/perfil HTTP/1.1" 200 347 42248
[29/Oct/2025:22:48:40 -0300] 0:0:0:0:0:0:0:1 "GET /api/addresses HTTP/1.1" 200 107 41995
[29/Oct/2025:22:48:57 -0300] 0:0:0:0:0:0:0:1 "OPTIONS /api/auth/register HTTP/1.1" 200 - 3387
[29/Oct/2025:22:48:58 -0300] 0:0:0:0:0:0:0:1 "POST /api/auth/register HTTP/1.1" 200 286 570893
[29/Oct/2025:22:49:00 -0300] 0:0:0:0:0:0:0:1 "OPTIONS /api/auth/perfil HTTP/1.1" 200 - 2237
[29/Oct/2025:22:49:00 -0300] 0:0:0:0:0:0:0:1 "OPTIONS /api/addresses HTTP/1.1" 200 - 2493
[29/Oct/2025:22:49:00 -0300] 0:0:0:0:0:0:0:1 "OPTIONS /api/auth/perfil HTTP/1.1" 200 - 2496
[29/Oct/2025:22:49:00 -0300] 0:0:0:0:0:0:0:1 "OPTIONS /api/addresses HTTP/1.1" 200 - 2286
[29/Oct/2025:22:49:00 -0300] 0:0:0:0:0:0:0:1 "GET /api/auth/perfil HTTP/1.1" 200 248 41297
[29/Oct/2025:22:49:00 -0300] 0:0:0:0:0:0:0:1 "GET /api/addresses HTTP/1.1" 200 12 40923
[29/Oct/2025:22:49:00 -0300] 0:0:0:0:0:0:0:1 "GET /api/auth/perfil HTTP/1.1" 200 248 38952
[29/Oct/2025:22:49:00 -0300] 0:0:0:0:0:0:0:1 "GET /api/addresses HTTP/1.1" 200 12 39054
[29/Oct/2025:22:49:37 -0300] 0:0:0:0:0:0:0:1 "OPTIONS /api/auth/login HTTP/1.1" 200 - 2174
[29/Oct/2025:22:49:37 -0300] 0:0:0:0:0:0:0:1 "POST /api/auth/login HTTP/1.1" 200 302 156086
