[27/Oct/2025:11:13:05 -0300] 0:0:0:0:0:0:0:1 "OPTIONS /api/productos HTTP/1.1" 200 - 74250
[27/Oct/2025:11:13:05 -0300] 0:0:0:0:0:0:0:1 "OPTIONS /api/productos HTTP/1.1" 200 - 73779
[27/Oct/2025:11:13:05 -0300] 0:0:0:0:0:0:0:1 "GET /api/productos HTTP/1.1" 401 - 116896
[27/Oct/2025:11:13:05 -0300] 0:0:0:0:0:0:0:1 "GET /api/productos HTTP/1.1" 401 - 13151
[27/Oct/2025:11:14:11 -0300] 0:0:0:0:0:0:0:1 "OPTIONS /api/auth/register HTTP/1.1" 200 - 1691
[27/Oct/2025:11:14:11 -0300] 0:0:0:0:0:0:0:1 "POST /api/auth/register HTTP/1.1" 201 246 369487
[27/Oct/2025:11:14:22 -0300] 0:0:0:0:0:0:0:1 "OPTIONS /api/productos HTTP/1.1" 200 - 4700
[27/Oct/2025:11:14:22 -0300] 0:0:0:0:0:0:0:1 "OPTIONS /api/productos HTTP/1.1" 200 - 4894
[27/Oct/2025:11:14:22 -0300] 0:0:0:0:0:0:0:1 "GET /api/productos HTTP/1.1" 401 - 68996
[27/Oct/2025:11:14:22 -0300] 0:0:0:0:0:0:0:1 "GET /api/productos HTTP/1.1" 401 - 14041
[27/Oct/2025:11:14:24 -0300] 0:0:0:0:0:0:0:1 "OPTIONS /api/payments/create HTTP/1.1" 200 - 1639
[27/Oct/2025:11:14:26 -0300] 0:0:0:0:0:0:0:1 "POST /api/payments/create HTTP/1.1" 200 135 1594985
[27/Oct/2025:11:20:18 -0300] 0:0:0:0:0:0:0:1 "OPTIONS /api/productos HTTP/1.1" 200 - 3306
[27/Oct/2025:11:20:18 -0300] 0:0:0:0:0:0:0:1 "OPTIONS /api/productos HTTP/1.1" 200 - 2098
[27/Oct/2025:11:20:18 -0300] 0:0:0:0:0:0:0:1 "GET /api/productos HTTP/1.1" 401 - 29507
[27/Oct/2025:11:20:18 -0300] 0:0:0:0:0:0:0:1 "GET /api/productos HTTP/1.1" 401 - 21833
[27/Oct/2025:11:38:21 -0300] 0:0:0:0:0:0:0:1 "OPTIONS /api/auth/login HTTP/1.1" 200 - 62124
[27/Oct/2025:11:38:21 -0300] 0:0:0:0:0:0:0:1 "POST /api/auth/login HTTP/1.1" 401 - 280352
[27/Oct/2025:11:38:25 -0300] 0:0:0:0:0:0:0:1 "POST /api/auth/login HTTP/1.1" 401 - 88023
[27/Oct/2025:12:06:13 -0300] 0:0:0:0:0:0:0:1 "OPTIONS /api/auth/login HTTP/1.1" 200 - 63133
[27/Oct/2025:12:06:13 -0300] 0:0:0:0:0:0:0:1 "POST /api/auth/login HTTP/1.1" 401 - 270479
[27/Oct/2025:12:10:50 -0300] 0:0:0:0:0:0:0:1 "OPTIONS /api/auth/login HTTP/1.1" 200 - 3643
[27/Oct/2025:12:10:50 -0300] 0:0:0:0:0:0:0:1 "POST /api/auth/login HTTP/1.1" 200 271 192149
[27/Oct/2025:13:23:33 -0300] 0:0:0:0:0:0:0:1 "OPTIONS /api/auth/login HTTP/1.1" 200 - 219295
[27/Oct/2025:13:23:34 -0300] 0:0:0:0:0:0:0:1 "POST /api/auth/login HTTP/1.1" 200 271 794701
[27/Oct/2025:13:23:42 -0300] 0:0:0:0:0:0:0:1 "OPTIONS /api/auth/login HTTP/1.1" 200 - 5006
[27/Oct/2025:13:23:43 -0300] 0:0:0:0:0:0:0:1 "POST /api/auth/login HTTP/1.1" 200 271 281679
[27/Oct/2025:13:23:46 -0300] 0:0:0:0:0:0:0:1 "POST /api/auth/login HTTP/1.1" 401 - 317131
[27/Oct/2025:13:49:14 -0300] 0:0:0:0:0:0:0:1 "OPTIONS /api/auth/login HTTP/1.1" 200 - 207176
[27/Oct/2025:13:49:15 -0300] 0:0:0:0:0:0:0:1 "POST /api/auth/login HTTP/1.1" 401 - 885182
[27/Oct/2025:13:49:37 -0300] 0:0:0:0:0:0:0:1 "OPTIONS /api/auth/register HTTP/1.1" 200 - 4225
[27/Oct/2025:13:49:38 -0300] 0:0:0:0:0:0:0:1 "POST /api/auth/register HTTP/1.1" 201 252 614499
[27/Oct/2025:13:49:44 -0300] 0:0:0:0:0:0:0:1 "OPTIONS /api/productos HTTP/1.1" 200 - 28625
[27/Oct/2025:13:49:44 -0300] 0:0:0:0:0:0:0:1 "OPTIONS /api/productos HTTP/1.1" 200 - 31267
[27/Oct/2025:13:49:44 -0300] 0:0:0:0:0:0:0:1 "GET /api/productos HTTP/1.1" 401 - 110529
[27/Oct/2025:13:49:44 -0300] 0:0:0:0:0:0:0:1 "GET /api/productos HTTP/1.1" 401 - 47910
[27/Oct/2025:13:49:46 -0300] 0:0:0:0:0:0:0:1 "OPTIONS /api/payments/create HTTP/1.1" 200 - 4447
[27/Oct/2025:13:49:48 -0300] 0:0:0:0:0:0:0:1 "POST /api/payments/create HTTP/1.1" 200 135 1952171
[27/Oct/2025:13:49:55 -0300] 0:0:0:0:0:0:0:1 "OPTIONS /api/productos HTTP/1.1" 200 - 4208
[27/Oct/2025:13:49:55 -0300] 0:0:0:0:0:0:0:1 "OPTIONS /api/productos HTTP/1.1" 200 - 4385
[27/Oct/2025:13:49:55 -0300] 0:0:0:0:0:0:0:1 "GET /api/productos HTTP/1.1" 401 - 37864
[27/Oct/2025:13:49:55 -0300] 0:0:0:0:0:0:0:1 "GET /api/productos HTTP/1.1" 401 - 38892
[27/Oct/2025:13:50:21 -0300] 0:0:0:0:0:0:0:1 "OPTIONS /api/auth/login HTTP/1.1" 200 - 4917
[27/Oct/2025:13:50:21 -0300] 0:0:0:0:0:0:0:1 "POST /api/auth/login HTTP/1.1" 200 271 630730
[27/Oct/2025:13:50:31 -0300] 0:0:0:0:0:0:0:1 "OPTIONS /api/auth/login HTTP/1.1" 200 - 3955
[27/Oct/2025:13:50:31 -0300] 0:0:0:0:0:0:0:1 "POST /api/auth/login HTTP/1.1" 200 271 289835
[27/Oct/2025:13:50:59 -0300] 0:0:0:0:0:0:0:1 "OPTIONS /api/auth/login HTTP/1.1" 200 - 3367
[27/Oct/2025:13:50:59 -0300] 0:0:0:0:0:0:0:1 "POST /api/auth/login HTTP/1.1" 200 271 282052
[27/Oct/2025:13:51:02 -0300] 0:0:0:0:0:0:0:1 "OPTIONS /api/auth/login HTTP/1.1" 200 - 3563
[27/Oct/2025:13:51:02 -0300] 0:0:0:0:0:0:0:1 "POST /api/auth/login HTTP/1.1" 401 - 287093
[27/Oct/2025:14:39:41 -0300] 0:0:0:0:0:0:0:1 "OPTIONS /api/auth/login HTTP/1.1" 200 - 132926
[27/Oct/2025:14:39:42 -0300] 0:0:0:0:0:0:0:1 "POST /api/auth/login HTTP/1.1" 200 252 782221
[27/Oct/2025:14:40:08 -0300] 0:0:0:0:0:0:0:1 "OPTIONS /api/productos HTTP/1.1" 200 - 28047
[27/Oct/2025:14:40:08 -0300] 0:0:0:0:0:0:0:1 "OPTIONS /api/productos HTTP/1.1" 200 - 29847
[27/Oct/2025:14:40:08 -0300] 0:0:0:0:0:0:0:1 "GET /api/productos HTTP/1.1" 401 - 167826
[27/Oct/2025:14:40:08 -0300] 0:0:0:0:0:0:0:1 "GET /api/productos HTTP/1.1" 401 - 49954
[27/Oct/2025:14:43:45 -0300] 0:0:0:0:0:0:0:1 "OPTIONS /api/payments/create HTTP/1.1" 200 - 4560
[27/Oct/2025:14:43:47 -0300] 0:0:0:0:0:0:0:1 "POST /api/payments/create HTTP/1.1" 200 135 1916783
[27/Oct/2025:14:47:13 -0300] 0:0:0:0:0:0:0:1 "OPTIONS /api/auth/login HTTP/1.1" 200 - 4316
[27/Oct/2025:14:47:13 -0300] 0:0:0:0:0:0:0:1 "POST /api/auth/login HTTP/1.1" 200 271 296048
[27/Oct/2025:14:47:39 -0300] 0:0:0:0:0:0:0:1 "OPTIONS /api/auth/login HTTP/1.1" 200 - 2756
[27/Oct/2025:14:47:39 -0300] 0:0:0:0:0:0:0:1 "POST /api/auth/login HTTP/1.1" 200 271 133896
[27/Oct/2025:14:53:17 -0300] 0:0:0:0:0:0:0:1 "OPTIONS /api/auth/login HTTP/1.1" 200 - 215779
[27/Oct/2025:14:53:18 -0300] 0:0:0:0:0:0:0:1 "POST /api/auth/login HTTP/1.1" 200 271 1052235
[27/Oct/2025:14:56:27 -0300] 0:0:0:0:0:0:0:1 "OPTIONS /api/auth/login HTTP/1.1" 200 - 2875
[27/Oct/2025:14:56:27 -0300] 0:0:0:0:0:0:0:1 "POST /api/auth/login HTTP/1.1" 200 271 132060
[27/Oct/2025:14:57:58 -0300] 0:0:0:0:0:0:0:1 "OPTIONS /api/auth/login HTTP/1.1" 200 - 2275
[27/Oct/2025:14:57:58 -0300] 0:0:0:0:0:0:0:1 "POST /api/auth/login HTTP/1.1" 200 271 125759
[27/Oct/2025:15:02:47 -0300] 0:0:0:0:0:0:0:1 "OPTIONS /api/auth/login HTTP/1.1" 200 - 2928
[27/Oct/2025:15:02:47 -0300] 0:0:0:0:0:0:0:1 "POST /api/auth/login HTTP/1.1" 200 271 142881
[27/Oct/2025:15:14:53 -0300] 0:0:0:0:0:0:0:1 "OPTIONS /api/auth/login HTTP/1.1" 200 - 5022
[27/Oct/2025:15:14:53 -0300] 0:0:0:0:0:0:0:1 "POST /api/auth/login HTTP/1.1" 200 271 308159
[27/Oct/2025:15:29:39 -0300] 0:0:0:0:0:0:0:1 "OPTIONS /api/auth/login HTTP/1.1" 200 - 72914
[27/Oct/2025:15:29:39 -0300] 0:0:0:0:0:0:0:1 "POST /api/auth/login HTTP/1.1" 200 271 463648
[27/Oct/2025:15:29:48 -0300] 0:0:0:0:0:0:0:1 "OPTIONS /api/auth/login HTTP/1.1" 200 - 3972
[27/Oct/2025:15:29:48 -0300] 0:0:0:0:0:0:0:1 "POST /api/auth/login HTTP/1.1" 200 271 242032
[27/Oct/2025:15:32:25 -0300] 0:0:0:0:0:0:0:1 "OPTIONS /api/auth/login HTTP/1.1" 200 - 3925
[27/Oct/2025:15:32:25 -0300] 0:0:0:0:0:0:0:1 "POST /api/auth/login HTTP/1.1" 200 271 254954
[27/Oct/2025:15:35:14 -0300] 0:0:0:0:0:0:0:1 "OPTIONS /api/auth/login HTTP/1.1" 200 - 4088
[27/Oct/2025:15:35:14 -0300] 0:0:0:0:0:0:0:1 "POST /api/auth/login HTTP/1.1" 401 - 247603
[27/Oct/2025:16:05:39 -0300] 0:0:0:0:0:0:0:1 "OPTIONS /api/auth/login HTTP/1.1" 200 - 127491
[27/Oct/2025:16:05:39 -0300] 0:0:0:0:0:0:0:1 "POST /api/auth/login HTTP/1.1" 200 262 736706
[27/Oct/2025:16:07:08 -0300] 0:0:0:0:0:0:0:1 "OPTIONS /api/auth/login HTTP/1.1" 200 - 142045
[27/Oct/2025:16:07:09 -0300] 0:0:0:0:0:0:0:1 "POST /api/auth/login HTTP/1.1" 200 262 767758
[27/Oct/2025:16:07:24 -0300] 0:0:0:0:0:0:0:1 "OPTIONS /api/auth/login HTTP/1.1" 200 - 4141
[27/Oct/2025:16:07:24 -0300] 0:0:0:0:0:0:0:1 "POST /api/auth/login HTTP/1.1" 200 271 233875
[27/Oct/2025:19:36:56 -0300] 0:0:0:0:0:0:0:1 "OPTIONS /api/auth/login HTTP/1.1" 200 - 170531
[27/Oct/2025:19:36:57 -0300] 0:0:0:0:0:0:0:1 "POST /api/auth/login HTTP/1.1" 200 261 882030
[27/Oct/2025:19:37:20 -0300] 0:0:0:0:0:0:0:1 "OPTIONS /api/auth/login HTTP/1.1" 200 - 2434
[27/Oct/2025:19:37:20 -0300] 0:0:0:0:0:0:0:1 "POST /api/auth/login HTTP/1.1" 200 271 130582
[27/Oct/2025:19:40:34 -0300] 0:0:0:0:0:0:0:1 "OPTIONS /api/auth/login HTTP/1.1" 200 - 127455
[27/Oct/2025:19:40:34 -0300] 0:0:0:0:0:0:0:1 "POST /api/auth/login HTTP/1.1" 200 271 730517
[27/Oct/2025:19:40:59 -0300] 0:0:0:0:0:0:0:1 "OPTIONS /api/auth/login HTTP/1.1" 200 - 4177
[27/Oct/2025:19:41:00 -0300] 0:0:0:0:0:0:0:1 "POST /api/auth/login HTTP/1.1" 200 261 248770
[27/Oct/2025:19:41:27 -0300] 0:0:0:0:0:0:0:1 "OPTIONS /api/auth/login HTTP/1.1" 200 - 4646
[27/Oct/2025:19:41:28 -0300] 0:0:0:0:0:0:0:1 "POST /api/auth/login HTTP/1.1" 200 261 251750
[27/Oct/2025:19:42:00 -0300] 0:0:0:0:0:0:0:1 "OPTIONS /api/auth/login HTTP/1.1" 200 - 8704
[27/Oct/2025:19:42:00 -0300] 0:0:0:0:0:0:0:1 "POST /api/auth/login HTTP/1.1" 200 261 229555
[27/Oct/2025:20:04:02 -0300] 0:0:0:0:0:0:0:1 "OPTIONS /api/auth/login HTTP/1.1" 200 - 72282
[27/Oct/2025:20:04:02 -0300] 0:0:0:0:0:0:0:1 "POST /api/auth/login HTTP/1.1" 200 293 445638
[27/Oct/2025:20:10:16 -0300] 0:0:0:0:0:0:0:1 "OPTIONS /api/auth/login HTTP/1.1" 200 - 129786
[27/Oct/2025:20:10:17 -0300] 0:0:0:0:0:0:0:1 "POST /api/auth/login HTTP/1.1" 401 - 627952
[27/Oct/2025:20:10:29 -0300] 0:0:0:0:0:0:0:1 "OPTIONS /api/auth/register HTTP/1.1" 200 - 14260
[27/Oct/2025:20:10:29 -0300] 0:0:0:0:0:0:0:1 "POST /api/auth/register HTTP/1.1" 401 - 13902
[27/Oct/2025:20:10:39 -0300] 0:0:0:0:0:0:0:1 "OPTIONS /api/auth/register HTTP/1.1" 200 - 4671
[27/Oct/2025:20:10:39 -0300] 0:0:0:0:0:0:0:1 "POST /api/auth/register HTTP/1.1" 401 - 11585
[27/Oct/2025:20:11:01 -0300] 0:0:0:0:0:0:0:1 "OPTIONS /api/auth/login HTTP/1.1" 200 - 1826
[27/Oct/2025:20:11:01 -0300] 0:0:0:0:0:0:0:1 "POST /api/auth/login HTTP/1.1" 200 293 208809
[27/Oct/2025:20:11:24 -0300] 0:0:0:0:0:0:0:1 "OPTIONS /api/auth/login HTTP/1.1" 200 - 1956
[27/Oct/2025:20:11:24 -0300] 0:0:0:0:0:0:0:1 "POST /api/auth/login HTTP/1.1" 200 293 136293
[27/Oct/2025:20:12:02 -0300] 0:0:0:0:0:0:0:1 "OPTIONS /api/auth/register HTTP/1.1" 200 - 2458
[27/Oct/2025:20:12:02 -0300] 0:0:0:0:0:0:0:1 "POST /api/auth/register HTTP/1.1" 401 - 4652
[27/Oct/2025:20:18:43 -0300] 0:0:0:0:0:0:0:1 "OPTIONS /api/auth/register HTTP/1.1" 200 - 117113
[27/Oct/2025:20:18:44 -0300] 0:0:0:0:0:0:0:1 "POST /api/auth/register HTTP/1.1" 200 34 556115
[27/Oct/2025:20:19:00 -0300] 0:0:0:0:0:0:0:1 "OPTIONS /api/auth/register HTTP/1.1" 200 - 5159
[27/Oct/2025:20:19:00 -0300] 0:0:0:0:0:0:0:1 "POST /api/auth/register HTTP/1.1" 200 34 236985
[27/Oct/2025:20:21:48 -0300] 0:0:0:0:0:0:0:1 "OPTIONS /api/auth/register HTTP/1.1" 200 - 116134
[27/Oct/2025:20:21:49 -0300] 0:0:0:0:0:0:0:1 "POST /api/auth/register HTTP/1.1" 200 34 587930
[27/Oct/2025:20:26:22 -0300] 0:0:0:0:0:0:0:1 "OPTIONS /api/auth/register HTTP/1.1" 200 - 67668
[27/Oct/2025:20:26:22 -0300] 0:0:0:0:0:0:0:1 "POST /api/auth/register HTTP/1.1" 200 34 317106
[27/Oct/2025:20:26:28 -0300] 0:0:0:0:0:0:0:1 "OPTIONS /api/auth/login HTTP/1.1" 200 - 2550
[27/Oct/2025:20:26:28 -0300] 0:0:0:0:0:0:0:1 "POST /api/auth/login HTTP/1.1" 200 287 330314
[27/Oct/2025:20:27:16 -0300] 0:0:0:0:0:0:0:1 "OPTIONS /api/auth/register HTTP/1.1" 200 - 2442
[27/Oct/2025:20:27:17 -0300] 0:0:0:0:0:0:0:1 "POST /api/auth/register HTTP/1.1" 200 34 141584
[27/Oct/2025:20:29:06 -0300] 0:0:0:0:0:0:0:1 "OPTIONS /api/auth/register HTTP/1.1" 200 - 2807
[27/Oct/2025:20:29:06 -0300] 0:0:0:0:0:0:0:1 "POST /api/auth/register HTTP/1.1" 400 46 12402
[27/Oct/2025:20:29:19 -0300] 0:0:0:0:0:0:0:1 "OPTIONS /api/auth/register HTTP/1.1" 200 - 2005
[27/Oct/2025:20:29:19 -0300] 0:0:0:0:0:0:0:1 "POST /api/auth/register HTTP/1.1" 200 34 144121
[27/Oct/2025:20:29:28 -0300] 0:0:0:0:0:0:0:1 "OPTIONS /api/auth/login HTTP/1.1" 200 - 2524
[27/Oct/2025:20:29:28 -0300] 0:0:0:0:0:0:0:1 "POST /api/auth/login HTTP/1.1" 401 - 142086
[27/Oct/2025:20:29:46 -0300] 0:0:0:0:0:0:0:1 "OPTIONS /api/auth/register HTTP/1.1" 200 - 2220
[27/Oct/2025:20:29:46 -0300] 0:0:0:0:0:0:0:1 "POST /api/auth/register HTTP/1.1" 200 34 132819
[27/Oct/2025:20:29:51 -0300] 0:0:0:0:0:0:0:1 "OPTIONS /api/auth/login HTTP/1.1" 200 - 2023
[27/Oct/2025:20:29:51 -0300] 0:0:0:0:0:0:0:1 "POST /api/auth/login HTTP/1.1" 200 287 129888
[27/Oct/2025:20:30:54 -0300] 0:0:0:0:0:0:0:1 "OPTIONS /api/auth/login HTTP/1.1" 200 - 1872
[27/Oct/2025:20:30:54 -0300] 0:0:0:0:0:0:0:1 "POST /api/auth/login HTTP/1.1" 200 287 126244
[27/Oct/2025:20:31:00 -0300] 0:0:0:0:0:0:0:1 "OPTIONS /api/auth/login HTTP/1.1" 200 - 2088
[27/Oct/2025:20:31:00 -0300] 0:0:0:0:0:0:0:1 "POST /api/auth/login HTTP/1.1" 200 287 125210
[27/Oct/2025:20:31:01 -0300] 0:0:0:0:0:0:0:1 "POST /api/auth/login HTTP/1.1" 200 287 127749
[27/Oct/2025:20:31:01 -0300] 0:0:0:0:0:0:0:1 "POST /api/auth/login HTTP/1.1" 200 287 127151
[27/Oct/2025:20:31:01 -0300] 0:0:0:0:0:0:0:1 "POST /api/auth/login HTTP/1.1" 200 287 129030
[27/Oct/2025:20:31:13 -0300] 0:0:0:0:0:0:0:1 "OPTIONS /api/auth/register HTTP/1.1" 200 - 2458
[27/Oct/2025:20:31:13 -0300] 0:0:0:0:0:0:0:1 "POST /api/auth/register HTTP/1.1" 200 34 133681
[27/Oct/2025:20:31:18 -0300] 0:0:0:0:0:0:0:1 "OPTIONS /api/auth/login HTTP/1.1" 200 - 2462
[27/Oct/2025:20:31:18 -0300] 0:0:0:0:0:0:0:1 "POST /api/auth/login HTTP/1.1" 200 299 127377
[27/Oct/2025:20:33:16 -0300] 0:0:0:0:0:0:0:1 "OPTIONS /api/auth/register HTTP/1.1" 200 - 1917
[27/Oct/2025:20:33:16 -0300] 0:0:0:0:0:0:0:1 "POST /api/auth/register HTTP/1.1" 200 34 153864
[27/Oct/2025:20:33:16 -0300] 0:0:0:0:0:0:0:1 "OPTIONS /api/auth/login HTTP/1.1" 200 - 1613
[27/Oct/2025:20:33:16 -0300] 0:0:0:0:0:0:0:1 "POST /api/auth/login HTTP/1.1" 200 299 131192
[27/Oct/2025:20:33:19 -0300] 0:0:0:0:0:0:0:1 "OPTIONS /api/productos HTTP/1.1" 200 - 32454
[27/Oct/2025:20:33:19 -0300] 0:0:0:0:0:0:0:1 "OPTIONS /api/productos HTTP/1.1" 200 - 34101
[27/Oct/2025:20:33:19 -0300] 0:0:0:0:0:0:0:1 "GET /api/productos HTTP/1.1" 401 - 59077
[27/Oct/2025:20:33:19 -0300] 0:0:0:0:0:0:0:1 "GET /api/productos HTTP/1.1" 401 - 17847
[27/Oct/2025:20:33:26 -0300] 0:0:0:0:0:0:0:1 "OPTIONS /api/payments/create HTTP/1.1" 200 - 2237
[27/Oct/2025:20:33:28 -0300] 0:0:0:0:0:0:0:1 "POST /api/payments/create HTTP/1.1" 200 135 1495847
[27/Oct/2025:20:33:52 -0300] 0:0:0:0:0:0:0:1 "OPTIONS /api/productos HTTP/1.1" 200 - 2921
[27/Oct/2025:20:33:52 -0300] 0:0:0:0:0:0:0:1 "OPTIONS /api/productos HTTP/1.1" 200 - 2829
[27/Oct/2025:20:33:52 -0300] 0:0:0:0:0:0:0:1 "GET /api/productos HTTP/1.1" 401 - 18349
[27/Oct/2025:20:33:52 -0300] 0:0:0:0:0:0:0:1 "GET /api/productos HTTP/1.1" 401 - 18264
[27/Oct/2025:20:34:24 -0300] 0:0:0:0:0:0:0:1 "OPTIONS /api/auth/login HTTP/1.1" 200 - 1838
[27/Oct/2025:20:34:25 -0300] 0:0:0:0:0:0:0:1 "POST /api/auth/login HTTP/1.1" 200 302 133572
[27/Oct/2025:20:34:38 -0300] 0:0:0:0:0:0:0:1 "OPTIONS /api/auth/login HTTP/1.1" 200 - 2396
[27/Oct/2025:20:34:38 -0300] 0:0:0:0:0:0:0:1 "POST /api/auth/login HTTP/1.1" 200 299 128951
[27/Oct/2025:20:34:53 -0300] 0:0:0:0:0:0:0:1 "OPTIONS /api/auth/login HTTP/1.1" 200 - 2251
[27/Oct/2025:20:34:53 -0300] 0:0:0:0:0:0:0:1 "POST /api/auth/login HTTP/1.1" 200 299 125140
[27/Oct/2025:20:55:31 -0300] 0:0:0:0:0:0:0:1 "OPTIONS /api/auth/login HTTP/1.1" 200 - 75188
[27/Oct/2025:20:55:32 -0300] 0:0:0:0:0:0:0:1 "POST /api/auth/login HTTP/1.1" 200 299 762464
[27/Oct/2025:20:56:14 -0300] 0:0:0:0:0:0:0:1 "OPTIONS /api/auth/login HTTP/1.1" 200 - 3901
[27/Oct/2025:20:56:14 -0300] 0:0:0:0:0:0:0:1 "POST /api/auth/login HTTP/1.1" 200 302 211219
[27/Oct/2025:20:56:30 -0300] 0:0:0:0:0:0:0:1 "OPTIONS /api/auth/login HTTP/1.1" 200 - 3768
[27/Oct/2025:20:56:31 -0300] 0:0:0:0:0:0:0:1 "POST /api/auth/login HTTP/1.1" 200 299 228481
[27/Oct/2025:20:56:52 -0300] 0:0:0:0:0:0:0:1 "OPTIONS /api/auth/register HTTP/1.1" 200 - 4770
[27/Oct/2025:20:56:53 -0300] 0:0:0:0:0:0:0:1 "POST /api/auth/register HTTP/1.1" 200 34 382693
[27/Oct/2025:20:56:53 -0300] 0:0:0:0:0:0:0:1 "OPTIONS /api/auth/login HTTP/1.1" 200 - 2855
[27/Oct/2025:20:56:53 -0300] 0:0:0:0:0:0:0:1 "POST /api/auth/login HTTP/1.1" 200 284 229089
[27/Oct/2025:20:56:59 -0300] 0:0:0:0:0:0:0:1 "OPTIONS /api/productos HTTP/1.1" 200 - 8310
[27/Oct/2025:20:56:59 -0300] 0:0:0:0:0:0:0:1 "OPTIONS /api/productos HTTP/1.1" 200 - 7304
[27/Oct/2025:20:56:59 -0300] 0:0:0:0:0:0:0:1 "GET /api/productos HTTP/1.1" 401 - 105189
[27/Oct/2025:20:56:59 -0300] 0:0:0:0:0:0:0:1 "GET /api/productos HTTP/1.1" 401 - 29810
[27/Oct/2025:20:57:00 -0300] 0:0:0:0:0:0:0:1 "OPTIONS /api/payments/create HTTP/1.1" 200 - 2435
[27/Oct/2025:20:57:02 -0300] 0:0:0:0:0:0:0:1 "POST /api/payments/create HTTP/1.1" 200 135 1891246
